Archive member included to satisfy reference by file (symbol)

/Users/josephles/ti/simplelink_cc32xx_sdk_7_10_00_13/source/ti/drivers/lib/gcc/m4/drivers_cc32xx.a(GPIOCC32XX.c.obj)
                              ./uart2echo.o (GPIO_setConfig)
/Users/josephles/ti/simplelink_cc32xx_sdk_7_10_00_13/source/ti/drivers/lib/gcc/m4/drivers_cc32xx.a(PowerCC32XX.c.obj)
                              ./syscfg/ti_drivers_config.o (Power_init)
/Users/josephles/ti/simplelink_cc32xx_sdk_7_10_00_13/source/ti/drivers/lib/gcc/m4/drivers_cc32xx.a(PowerCC32XX_gcc.asm.obj)
                              /Users/josephles/ti/simplelink_cc32xx_sdk_7_10_00_13/source/ti/drivers/lib/gcc/m4/drivers_cc32xx.a(PowerCC32XX.c.obj) (PowerCC32XX_enterLPDS)
/Users/josephles/ti/simplelink_cc32xx_sdk_7_10_00_13/source/ti/drivers/lib/gcc/m4/drivers_cc32xx.a(UART2.c.obj)
                              ./uart2echo.o (UART2_Params_init)
/Users/josephles/ti/simplelink_cc32xx_sdk_7_10_00_13/source/ti/drivers/lib/gcc/m4/drivers_cc32xx.a(UART2CC32XX.c.obj)
                              ./uart2echo.o (UART2_open)
/Users/josephles/ti/simplelink_cc32xx_sdk_7_10_00_13/source/ti/drivers/lib/gcc/m4/drivers_cc32xx.a(List.c.obj)
                              /Users/josephles/ti/simplelink_cc32xx_sdk_7_10_00_13/source/ti/drivers/lib/gcc/m4/drivers_cc32xx.a(PowerCC32XX.c.obj) (List_put)
/Users/josephles/ti/simplelink_cc32xx_sdk_7_10_00_13/source/ti/drivers/lib/gcc/m4/drivers_cc32xx.a(RingBuf.c.obj)
                              /Users/josephles/ti/simplelink_cc32xx_sdk_7_10_00_13/source/ti/drivers/lib/gcc/m4/drivers_cc32xx.a(UART2CC32XX.c.obj) (RingBuf_construct)
/Users/josephles/ti/simplelink_cc32xx_sdk_7_10_00_13/source/ti/drivers/lib/gcc/m4/drivers_cc32xx.a(UDMACC32XX.c.obj)
                              /Users/josephles/ti/simplelink_cc32xx_sdk_7_10_00_13/source/ti/drivers/lib/gcc/m4/drivers_cc32xx.a(UART2CC32XX.c.obj) (UDMACC32XX_close)
/Users/josephles/ti/simplelink_cc32xx_sdk_7_10_00_13/kernel/nortos/lib/gcc/m4/nortos_cc32xx.a(NoRTOS.c.obj)
                              ./main_nortos.o (NoRTOS_start)
/Users/josephles/ti/simplelink_cc32xx_sdk_7_10_00_13/kernel/nortos/lib/gcc/m4/nortos_cc32xx.a(SemaphoreP_nortos.c.obj)
                              /Users/josephles/ti/simplelink_cc32xx_sdk_7_10_00_13/source/ti/drivers/lib/gcc/m4/drivers_cc32xx.a(UART2CC32XX.c.obj) (SemaphoreP_constructBinary)
/Users/josephles/ti/simplelink_cc32xx_sdk_7_10_00_13/kernel/nortos/lib/gcc/m4/nortos_cc32xx.a(ClockPSysTick_nortos.c.obj)
                              /Users/josephles/ti/simplelink_cc32xx_sdk_7_10_00_13/kernel/nortos/lib/gcc/m4/nortos_cc32xx.a(SemaphoreP_nortos.c.obj) (ClockP_add)
/Users/josephles/ti/simplelink_cc32xx_sdk_7_10_00_13/kernel/nortos/lib/gcc/m4/nortos_cc32xx.a(HwiPCC32XX_nortos.c.obj)
                              /Users/josephles/ti/simplelink_cc32xx_sdk_7_10_00_13/kernel/nortos/lib/gcc/m4/nortos_cc32xx.a(NoRTOS.c.obj) (HwiP_enable)
/Users/josephles/ti/simplelink_cc32xx_sdk_7_10_00_13/kernel/nortos/lib/gcc/m4/nortos_cc32xx.a(PowerCC32XX_nortos.c.obj)
                              ./syscfg/ti_drivers_config.o (PowerCC32XX_initPolicy)
/Users/josephles/ti/simplelink_cc32xx_sdk_7_10_00_13/kernel/nortos/lib/gcc/m4/nortos_cc32xx.a(startup_cc32xx_gcc.c.obj)
                              (resetISR)
/Users/josephles/ti/simplelink_cc32xx_sdk_7_10_00_13/kernel/nortos/lib/gcc/m4/nortos_cc32xx.a(SwiP_nortos.c.obj)
                              /Users/josephles/ti/simplelink_cc32xx_sdk_7_10_00_13/kernel/nortos/lib/gcc/m4/nortos_cc32xx.a(PowerCC32XX_nortos.c.obj) (SwiP_disable)
/Users/josephles/ti/simplelink_cc32xx_sdk_7_10_00_13/source/ti/devices/cc32xx/driverlib/gcc/Release/driverlib.a(cpu.obj)
                              /Users/josephles/ti/simplelink_cc32xx_sdk_7_10_00_13/kernel/nortos/lib/gcc/m4/nortos_cc32xx.a(HwiPCC32XX_nortos.c.obj) (CPUprimask)
/Users/josephles/ti/simplelink_cc32xx_sdk_7_10_00_13/source/ti/devices/cc32xx/driverlib/gcc/Release/driverlib.a(gpio.obj)
                              /Users/josephles/ti/simplelink_cc32xx_sdk_7_10_00_13/source/ti/drivers/lib/gcc/m4/drivers_cc32xx.a(GPIOCC32XX.c.obj) (GPIODirModeSet)
/Users/josephles/ti/simplelink_cc32xx_sdk_7_10_00_13/source/ti/devices/cc32xx/driverlib/gcc/Release/driverlib.a(hwspinlock.obj)
                              /Users/josephles/ti/simplelink_cc32xx_sdk_7_10_00_13/source/ti/drivers/lib/gcc/m4/drivers_cc32xx.a(PowerCC32XX.c.obj) (HwSpinLockTryAcquire)
/Users/josephles/ti/simplelink_cc32xx_sdk_7_10_00_13/source/ti/devices/cc32xx/driverlib/gcc/Release/driverlib.a(interrupt.obj)
                              /Users/josephles/ti/simplelink_cc32xx_sdk_7_10_00_13/kernel/nortos/lib/gcc/m4/nortos_cc32xx.a(HwiPCC32XX_nortos.c.obj) (IntMasterEnable)
/Users/josephles/ti/simplelink_cc32xx_sdk_7_10_00_13/source/ti/devices/cc32xx/driverlib/gcc/Release/driverlib.a(pin.obj)
[...]
Memory Configuration

Name             Origin             Length             Attributes
SRAM             0x0000000020004000 0x000000000003c000 xrw
LOG_DATA         0x0000000090000000 0x0000000000040000 r
LOG_PTR          0x0000000094000008 0x0000000000040000 r
*default*        0x0000000000000000 0xffffffffffffffff

Linker script and memory map

LOAD ./main_nortos.o
LOAD ./uart2echo.o
LOAD ./syscfg/ti_drivers_config.o
                0x0000000000001000                STACKSIZE = 0x1000
                0x0000000000008000                HEAP_SIZE = 0x8000
                0x0000000020004000                PROVIDE (_resetVecs_base_address = DEFINED (_resetVecs_base_address)?_resetVecs_base_address:0x20004000)

.resetVecs      0x0000000020004000       0x40
 *(.resetVecs)
 .resetVecs     0x0000000020004000       0x40 /Users/josephles/ti/simplelink_cc32xx_sdk_7_10_00_13/kernel/nortos/lib/gcc/m4/nortos_cc32xx.a(startup_cc32xx_gcc.c.obj)

.ramVecs        0x0000000020004400      0x30c
 *(.ramVecs)
 .ramVecs       0x0000000020004400      0x30c /Users/josephles/ti/simplelink_cc32xx_sdk_7_10_00_13/kernel/nortos/lib/gcc/m4/nortos_cc32xx.a(startup_cc32xx_gcc.c.obj)

.text           0x0000000020004710     0x4964
 CREATE_OBJECT_SYMBOLS
 *(.text)
 .text          0x0000000020004710       0x98 /Users/josephles/ti/simplelink_cc32xx_sdk_7_10_00_13/source/ti/drivers/lib/gcc/m4/drivers_cc32xx.a(PowerCC32XX_gcc.asm.obj)
                0x0000000020004710                PowerCC32XX_enterLPDS
                0x0000000020004754                PowerCC32XX_resumeLPDS
 .text          0x00000000200047a8       0x30 /Applications/ti/ccs1270/ccs/tools/compiler/gcc-arm-none-eabi-9-2019-q4-major/bin/../lib/gcc/arm-none-eabi/9.2.1/thumb/v7e-m/nofp/libgcc.a(_aeabi_uldivmod.o)
                0x00000000200047a8                __aeabi_uldivmod
 .text          0x00000000200047d8      0x2c0 /Applications/ti/ccs1270/ccs/tools/compiler/gcc-arm-none-eabi-9-2019-q4-major/bin/../lib/gcc/arm-none-eabi/9.2.1/thumb/v7e-m/nofp/libgcc.a(_udivmoddi4.o)
                0x00000000200047d8                __udivmoddi4
 .text          0x0000000020004a98        0x4 /Applications/ti/ccs1270/ccs/tools/compiler/gcc-arm-none-eabi-9-2019-q4-major/bin/../lib/gcc/arm-none-eabi/9.2.1/thumb/v7e-m/nofp/libgcc.a(_dvmd_tls.o)
                0x0000000020004a98                __aeabi_ldiv0
                0x0000000020004a98                __aeabi_idiv0
 *(.text.*)
 .text.startup.main
                0x0000000020004a9c       0x14 ./main_nortos.o
                0x0000000020004a9c                main
 .text.mainThread
                0x0000000020004ab0       0xf4 ./uart2echo.o
                0x0000000020004ab0                mainThread
 .text.dmaErrorFxn
                0x0000000020004ba4        0xc ./syscfg/ti_drivers_config.o
 .text.Board_initHook
                0x0000000020004bb0        0x4 ./syscfg/ti_drivers_config.o
                0x0000000020004bb0                Board_initHook
 .text.Board_init
                0x0000000020004bb4       0x14 ./syscfg/ti_drivers_config.o
                0x0000000020004bb4                Board_init
 .text.GPIO_hwiIntFxn
                0x0000000020004bc8       0x54 /Users/josephles/ti/simplelink_cc32xx_sdk_7_10_00_13/source/ti/drivers/lib/gcc/m4/drivers_cc32xx.a(GPIOCC32XX.c.obj)
                0x0000000020004bc8                GPIO_hwiIntFxn
 .text.GPIO_setInterruptConfig
                0x0000000020004c1c       0x9c /Users/josephles/ti/simplelink_cc32xx_sdk_7_10_00_13/source/ti/drivers/lib/gcc/m4/drivers_cc32xx.a(GPIOCC32XX.c.obj)
                0x0000000020004c1c                GPIO_setInterruptConfig
 .text.GPIO_setConfig
                0x0000000020004cb8      0x160 /Users/josephles/ti/simplelink_cc32xx_sdk_7_10_00_13/source/ti/drivers/lib/gcc/m4/drivers_cc32xx.a(GPIOCC32XX.c.obj)
                0x0000000020004cb8                GPIO_setConfig
 .text.GPIO_init
                0x0000000020004e18       0xa0 /Users/josephles/ti/simplelink_cc32xx_sdk_7_10_00_13/source/ti/drivers/lib/gcc/m4/drivers_cc32xx.a(GPIOCC32XX.c.obj)
                0x0000000020004e18                GPIO_init
 .text.powerNotifyFxn
                0x0000000020004eb8       0x84 /Users/josephles/ti/simplelink_cc32xx_sdk_7_10_00_13/source/ti/drivers/lib/gcc/m4/drivers_cc32xx.a(GPIOCC32XX.c.obj)
 .text.GPIO_write
                0x0000000020004f3c       0x8c /Users/josephles/ti/simplelink_cc32xx_sdk_7_10_00_13/source/ti/drivers/lib/gcc/m4/drivers_cc32xx.a(GPIOCC32XX.c.obj)
                0x0000000020004f3c                GPIO_write
 .text.Power_disablePolicy
                0x0000000020004fc8       0x14 /Users/josephles/ti/simplelink_cc32xx_sdk_7_10_00_13/source/ti/drivers/lib/gcc/m4/drivers_cc32xx.a(PowerCC32XX.c.obj)
                0x0000000020004fc8                Power_disablePolicy
 .text.Power_enablePolicy
                0x0000000020004fdc       0x10 /Users/josephles/ti/simplelink_cc32xx_sdk_7_10_00_13/source/ti/drivers/lib/gcc/m4/drivers_cc32xx.a(PowerCC32XX.c.obj)
                0x0000000020004fdc                Power_enablePolicy
 .text.Power_getConstraintMask
                0x0000000020004fec        0xc /Users/josephles/ti/simplelink_cc32xx_sdk_7_10_00_13/source/ti/drivers/lib/gcc/m4/drivers_cc32xx.a(PowerCC32XX.c.obj)
                0x0000000020004fec                Power_getConstraintMask
 .text.Power_getTransitionLatency
                0x0000000020004ff8       0x14 /Users/josephles/ti/simplelink_cc32xx_sdk_7_10_00_13/source/ti/drivers/lib/gcc/m4/drivers_cc32xx.a(PowerCC32XX.c.obj)
                0x0000000020004ff8                Power_getTransitionLatency
 .text.Power_idleFunc
                0x000000002000500c       0x14 /Users/josephles/ti/simplelink_cc32xx_sdk_7_10_00_13/source/ti/drivers/lib/gcc/m4/drivers_cc32xx.a(PowerCC32XX.c.obj)
                0x000000002000500c                Power_idleFunc
 .text.Power_init
                0x0000000020005020       0xd8 /Users/josephles/ti/simplelink_cc32xx_sdk_7_10_00_13/source/ti/drivers/lib/gcc/m4/drivers_cc32xx.a(PowerCC32XX.c.obj)
                0x0000000020005020                Power_init
 .text.Power_registerNotify
                0x00000000200050f8       0x24 /Users/josephles/ti/simplelink_cc32xx_sdk_7_10_00_13/source/ti/drivers/lib/gcc/m4/drivers_cc32xx.a(PowerCC32XX.c.obj)
                0x00000000200050f8                Power_registerNotify
 .text.Power_releaseConstraint
                0x000000002000511c       0x4c /Users/josephles/ti/simplelink_cc32xx_sdk_7_10_00_13/source/ti/drivers/lib/gcc/m4/drivers_cc32xx.a(PowerCC32XX.c.obj)
                0x000000002000511c                Power_releaseConstraint
 .text.Power_releaseDependency
                0x0000000020005168       0x54 /Users/josephles/ti/simplelink_cc32xx_sdk_7_10_00_13/source/ti/drivers/lib/gcc/m4/drivers_cc32xx.a(PowerCC32XX.c.obj)
                0x0000000020005168                Power_releaseDependency
 .text.Power_setConstraint
                0x00000000200051bc       0x38 /Users/josephles/ti/simplelink_cc32xx_sdk_7_10_00_13/source/ti/drivers/lib/gcc/m4/drivers_cc32xx.a(PowerCC32XX.c.obj)
                0x00000000200051bc                Power_setConstraint
 .text.Power_setDependency
                0x00000000200051f4       0x78 /Users/josephles/ti/simplelink_cc32xx_sdk_7_10_00_13/source/ti/drivers/lib/gcc/m4/drivers_cc32xx.a(PowerCC32XX.c.obj)
                0x00000000200051f4                Power_setDependency
 .text.Power_sleep
                0x000000002000526c      0x554 /Users/josephles/ti/simplelink_cc32xx_sdk_7_10_00_13/source/ti/drivers/lib/gcc/m4/drivers_cc32xx.a(PowerCC32XX.c.obj)
                0x000000002000526c                Power_sleep
 .text.Power_unregisterNotify
                0x00000000200057c0       0x20 /Users/josephles/ti/simplelink_cc32xx_sdk_7_10_00_13/source/ti/drivers/lib/gcc/m4/drivers_cc32xx.a(PowerCC32XX.c.obj)
                0x00000000200057c0                Power_unregisterNotify
 .text.PowerCC32XX_getParkState
                0x00000000200057e0       0x38 /Users/josephles/ti/simplelink_cc32xx_sdk_7_10_00_13/source/ti/drivers/lib/gcc/m4/drivers_cc32xx.a(PowerCC32XX.c.obj)
                0x00000000200057e0                PowerCC32XX_getParkState
 .text.PowerCC32XX_restoreParkState
                0x0000000020005818       0x30 /Users/josephles/ti/simplelink_cc32xx_sdk_7_10_00_13/source/ti/drivers/lib/gcc/m4/drivers_cc32xx.a(PowerCC32XX.c.obj)
                0x0000000020005818                PowerCC32XX_restoreParkState
 .text.PowerCC32XX_setParkState
                0x0000000020005848       0x64 /Users/josephles/ti/simplelink_cc32xx_sdk_7_10_00_13/source/ti/drivers/lib/gcc/m4/drivers_cc32xx.a(PowerCC32XX.c.obj)
                0x0000000020005848                PowerCC32XX_setParkState
 .text.PowerCC32XX_reset
                0x00000000200058ac       0x20 /Users/josephles/ti/simplelink_cc32xx_sdk_7_10_00_13/source/ti/drivers/lib/gcc/m4/drivers_cc32xx.a(PowerCC32XX.c.obj)
                0x00000000200058ac                PowerCC32XX_reset
 .text.UART2_Params_init
                0x00000000200058cc       0x1c /Users/josephles/ti/simplelink_cc32xx_sdk_7_10_00_13/source/ti/drivers/lib/gcc/m4/drivers_cc32xx.a(UART2.c.obj)
                0x00000000200058cc                UART2_Params_init
 .text.UART2_rxDisable
                0x00000000200058e8       0x40 /Users/josephles/ti/simplelink_cc32xx_sdk_7_10_00_13/source/ti/drivers/lib/gcc/m4/drivers_cc32xx.a(UART2.c.obj)
                0x00000000200058e8                UART2_rxDisable
 .text.UART2_rxEnable
                0x0000000020005928       0x44 /Users/josephles/ti/simplelink_cc32xx_sdk_7_10_00_13/source/ti/drivers/lib/gcc/m4/drivers_cc32xx.a(UART2.c.obj)
                0x0000000020005928                UART2_rxEnable
 .text.UART2_readTimeout
                0x000000002000596c      0x1c4 /Users/josephles/ti/simplelink_cc32xx_sdk_7_10_00_13/source/ti/drivers/lib/gcc/m4/drivers_cc32xx.a(UART2.c.obj)
                0x000000002000596c                UART2_readTimeout
 .text.UART2_readFull
                0x0000000020005b30       0x50 /Users/josephles/ti/simplelink_cc32xx_sdk_7_10_00_13/source/ti/drivers/lib/gcc/m4/drivers_cc32xx.a(UART2.c.obj)
                0x0000000020005b30                UART2_readFull
 .text.UART2_read
                0x0000000020005b80       0x24 /Users/josephles/ti/simplelink_cc32xx_sdk_7_10_00_13/source/ti/drivers/lib/gcc/m4/drivers_cc32xx.a(UART2.c.obj)
                0x0000000020005b80                UART2_read
 .text.UART2_writeTimeoutBlocking
                0x0000000020005ba4      0x174 /Users/josephles/ti/simplelink_cc32xx_sdk_7_10_00_13/source/ti/drivers/lib/gcc/m4/drivers_cc32xx.a(UART2.c.obj)
                0x0000000020005ba4                UART2_writeTimeoutBlocking
 .text.UART2_writeTimeoutNonblocking
                0x0000000020005d18      0x124 /Users/josephles/ti/simplelink_cc32xx_sdk_7_10_00_13/source/ti/drivers/lib/gcc/m4/drivers_cc32xx.a(UART2.c.obj)
                0x0000000020005d18                UART2_writeTimeoutNonblocking
 .text.UART2_writeTimeout
                0x0000000020005e3c       0x18 /Users/josephles/ti/simplelink_cc32xx_sdk_7_10_00_13/source/ti/drivers/lib/gcc/m4/drivers_cc32xx.a(UART2.c.obj)
                0x0000000020005e3c                UART2_writeTimeout
 .text.UART2_write
                0x0000000020005e54       0x14 /Users/josephles/ti/simplelink_cc32xx_sdk_7_10_00_13/source/ti/drivers/lib/gcc/m4/drivers_cc32xx.a(UART2.c.obj)
                0x0000000020005e54                UART2_write
 .text.UART2CC32XX_eventCallback
                0x0000000020005e68        0x4 /Users/josephles/ti/simplelink_cc32xx_sdk_7_10_00_13/source/ti/drivers/lib/gcc/m4/drivers_cc32xx.a(UART2CC32XX.c.obj)
 .text.UART2CC32XX_initHw.isra.0
                0x0000000020005e6c       0xd4 /Users/josephles/ti/simplelink_cc32xx_sdk_7_10_00_13/source/ti/drivers/lib/gcc/m4/drivers_cc32xx.a(UART2CC32XX.c.obj)
 .text.UART2CC32XX_postNotifyFxn
                0x0000000020005f40       0x10 /Users/josephles/ti/simplelink_cc32xx_sdk_7_10_00_13/source/ti/drivers/lib/gcc/m4/drivers_cc32xx.a(UART2CC32XX.c.obj)
 .text.UART2_close
                0x0000000020005f50      0x100 /Users/josephles/ti/simplelink_cc32xx_sdk_7_10_00_13/source/ti/drivers/lib/gcc/m4/drivers_cc32xx.a(UART2CC32XX.c.obj)
                0x0000000020005f50                UART2_close
 .text.UART2_open
                0x0000000020006050      0x250 /Users/josephles/ti/simplelink_cc32xx_sdk_7_10_00_13/source/ti/drivers/lib/gcc/m4/drivers_cc32xx.a(UART2CC32XX.c.obj)
                0x0000000020006050                UART2_open
 .text.UART2Support_disableRx
                0x00000000200062a0       0x24 /Users/josephles/ti/simplelink_cc32xx_sdk_7_10_00_13/source/ti/drivers/lib/gcc/m4/drivers_cc32xx.a(UART2CC32XX.c.obj)
                0x00000000200062a0                UART2Support_disableRx
 .text.UART2Support_disableTx
                0x00000000200062c4        0xc /Users/josephles/ti/simplelink_cc32xx_sdk_7_10_00_13/source/ti/drivers/lib/gcc/m4/drivers_cc32xx.a(UART2CC32XX.c.obj)
                0x00000000200062c4                UART2Support_disableTx
 .text.UART2Support_dmaStartTx
                0x00000000200062d0       0xbc /Users/josephles/ti/simplelink_cc32xx_sdk_7_10_00_13/source/ti/drivers/lib/gcc/m4/drivers_cc32xx.a(UART2CC32XX.c.obj)
                0x00000000200062d0                UART2Support_dmaStartTx
 .text.UART2Support_dmaStopRx
                0x000000002000638c       0x50 /Users/josephles/ti/simplelink_cc32xx_sdk_7_10_00_13/source/ti/drivers/lib/gcc/m4/drivers_cc32xx.a(UART2CC32XX.c.obj)
                0x000000002000638c                UART2Support_dmaStopRx
 .text.UART2Support_dmaStartRx
                0x00000000200063dc       0xd4 /Users/josephles/ti/simplelink_cc32xx_sdk_7_10_00_13/source/ti/drivers/lib/gcc/m4/drivers_cc32xx.a(UART2CC32XX.c.obj)
                0x00000000200063dc                UART2Support_dmaStartRx
 .text.UART2Support_dmaStopTx
                0x00000000200064b0       0x64 /Users/josephles/ti/simplelink_cc32xx_sdk_7_10_00_13/source/ti/drivers/lib/gcc/m4/drivers_cc32xx.a(UART2CC32XX.c.obj)
                0x00000000200064b0                UART2Support_dmaStopTx
 .text.UART2CC32XX_hwiIntFxn
                0x0000000020006514      0x2d0 /Users/josephles/ti/simplelink_cc32xx_sdk_7_10_00_13/source/ti/drivers/lib/gcc/m4/drivers_cc32xx.a(UART2CC32XX.c.obj)
 .text.UART2Support_enableInts
                0x00000000200067e4       0x3c /Users/josephles/ti/simplelink_cc32xx_sdk_7_10_00_13/source/ti/drivers/lib/gcc/m4/drivers_cc32xx.a(UART2CC32XX.c.obj)
                0x00000000200067e4                UART2Support_enableInts
 .text.UART2Support_enableRx
                0x0000000020006820        0xc /Users/josephles/ti/simplelink_cc32xx_sdk_7_10_00_13/source/ti/drivers/lib/gcc/m4/drivers_cc32xx.a(UART2CC32XX.c.obj)
                0x0000000020006820                UART2Support_enableRx
 .text.UART2Support_enableTx
                0x000000002000682c        0xc /Users/josephles/ti/simplelink_cc32xx_sdk_7_10_00_13/source/ti/drivers/lib/gcc/m4/drivers_cc32xx.a(UART2CC32XX.c.obj)
                0x000000002000682c                UART2Support_enableTx
 .text.UART2Support_powerRelConstraint
                0x0000000020006838        0x8 /Users/josephles/ti/simplelink_cc32xx_sdk_7_10_00_13/source/ti/drivers/lib/gcc/m4/drivers_cc32xx.a(UART2CC32XX.c.obj)
                0x0000000020006838                UART2Support_powerRelConstraint
 .text.UART2Support_powerSetConstraint
                0x0000000020006840        0x8 /Users/josephles/ti/simplelink_cc32xx_sdk_7_10_00_13/source/ti/drivers/lib/gcc/m4/drivers_cc32xx.a(UART2CC32XX.c.obj)
                0x0000000020006840                UART2Support_powerSetConstraint
 .text.UART2Support_sendData
                0x0000000020006848       0x2c /Users/josephles/ti/simplelink_cc32xx_sdk_7_10_00_13/source/ti/drivers/lib/gcc/m4/drivers_cc32xx.a(UART2CC32XX.c.obj)
                0x0000000020006848                UART2Support_sendData
 .text.UART2Support_txDone
                0x0000000020006874       0x10 /Users/josephles/ti/simplelink_cc32xx_sdk_7_10_00_13/source/ti/drivers/lib/gcc/m4/drivers_cc32xx.a(UART2CC32XX.c.obj)
                0x0000000020006874                UART2Support_txDone
 .text.List_put
                0x0000000020006884       0x2c /Users/josephles/ti/simplelink_cc32xx_sdk_7_10_00_13/source/ti/drivers/lib/gcc/m4/drivers_cc32xx.a(List.c.obj)
                0x0000000020006884                List_put
 .text.List_remove
                0x00000000200068b0       0x30 /Users/josephles/ti/simplelink_cc32xx_sdk_7_10_00_13/source/ti/drivers/lib/gcc/m4/drivers_cc32xx.a(List.c.obj)
                0x00000000200068b0                List_remove
 .text.RingBuf_construct
                0x00000000200068e0       0x14 /Users/josephles/ti/simplelink_cc32xx_sdk_7_10_00_13/source/ti/drivers/lib/gcc/m4/drivers_cc32xx.a(RingBuf.c.obj)
                0x00000000200068e0                RingBuf_construct
 .text.RingBuf_getConsume
                0x00000000200068f4       0x30 /Users/josephles/ti/simplelink_cc32xx_sdk_7_10_00_13/source/ti/drivers/lib/gcc/m4/drivers_cc32xx.a(RingBuf.c.obj)
                0x00000000200068f4                RingBuf_getConsume
 .text.RingBuf_getCount
                0x0000000020006924        0x4 /Users/josephles/ti/simplelink_cc32xx_sdk_7_10_00_13/source/ti/drivers/lib/gcc/m4/drivers_cc32xx.a(RingBuf.c.obj)
                0x0000000020006924                RingBuf_getCount
 .text.RingBuf_getPointer
                0x0000000020006928       0x28 /Users/josephles/ti/simplelink_cc32xx_sdk_7_10_00_13/source/ti/drivers/lib/gcc/m4/drivers_cc32xx.a(RingBuf.c.obj)
                0x0000000020006928                RingBuf_getPointer
 .text.RingBuf_put
                0x0000000020006950       0x48 /Users/josephles/ti/simplelink_cc32xx_sdk_7_10_00_13/source/ti/drivers/lib/gcc/m4/drivers_cc32xx.a(RingBuf.c.obj)
                0x0000000020006950                RingBuf_put
 .text.RingBuf_putAdvance
                0x0000000020006998       0x3c /Users/josephles/ti/simplelink_cc32xx_sdk_7_10_00_13/source/ti/drivers/lib/gcc/m4/drivers_cc32xx.a(RingBuf.c.obj)
                0x0000000020006998                RingBuf_putAdvance
 .text.RingBuf_putPointer
                0x00000000200069d4       0x34 /Users/josephles/ti/simplelink_cc32xx_sdk_7_10_00_13/source/ti/drivers/lib/gcc/m4/drivers_cc32xx.a(RingBuf.c.obj)
                0x00000000200069d4                RingBuf_putPointer
 .text.postNotifyFxn
                0x0000000020006a08       0x14 /Users/josephles/ti/simplelink_cc32xx_sdk_7_10_00_13/source/ti/drivers/lib/gcc/m4/drivers_cc32xx.a(UDMACC32XX.c.obj)
 .text.UDMACC32XX_close
                0x0000000020006a1c       0x40 /Users/josephles/ti/simplelink_cc32xx_sdk_7_10_00_13/source/ti/drivers/lib/gcc/m4/drivers_cc32xx.a(UDMACC32XX.c.obj)
                0x0000000020006a1c                UDMACC32XX_close
 .text.UDMACC32XX_init
                0x0000000020006a5c       0x40 /Users/josephles/ti/simplelink_cc32xx_sdk_7_10_00_13/source/ti/drivers/lib/gcc/m4/drivers_cc32xx.a(UDMACC32XX.c.obj)
                0x0000000020006a5c                UDMACC32XX_init
 .text.UDMACC32XX_open
                0x0000000020006a9c       0x70 /Users/josephles/ti/simplelink_cc32xx_sdk_7_10_00_13/source/ti/drivers/lib/gcc/m4/drivers_cc32xx.a(UDMACC32XX.c.obj)
                0x0000000020006a9c                UDMACC32XX_open
 .text.NoRTOS_start
                0x0000000020006b0c        0x4 /Users/josephles/ti/simplelink_cc32xx_sdk_7_10_00_13/kernel/nortos/lib/gcc/m4/nortos_cc32xx.a(NoRTOS.c.obj)
                0x0000000020006b0c                NoRTOS_start
 .text.clkFxn   0x0000000020006b10        0x4 /Users/josephles/ti/simplelink_cc32xx_sdk_7_10_00_13/kernel/nortos/lib/gcc/m4/nortos_cc32xx.a(SemaphoreP_nortos.c.obj)
                0x0000000020006b10                clkFxn
 .text.SemaphoreP_constructBinary
                0x0000000020006b14       0x3c /Users/josephles/ti/simplelink_cc32xx_sdk_7_10_00_13/kernel/nortos/lib/gcc/m4/nortos_cc32xx.a(SemaphoreP_nortos.c.obj)
                0x0000000020006b14                SemaphoreP_constructBinary
 .text.SemaphoreP_createBinary
                0x0000000020006b50       0x40 /Users/josephles/ti/simplelink_cc32xx_sdk_7_10_00_13/kernel/nortos/lib/gcc/m4/nortos_cc32xx.a(SemaphoreP_nortos.c.obj)
                0x0000000020006b50                SemaphoreP_createBinary
 .text.SemaphoreP_destruct
                0x0000000020006b90        0x4 /Users/josephles/ti/simplelink_cc32xx_sdk_7_10_00_13/kernel/nortos/lib/gcc/m4/nortos_cc32xx.a(SemaphoreP_nortos.c.obj)
                0x0000000020006b90                SemaphoreP_destruct
 .text.SemaphoreP_delete
                0x0000000020006b94        0x4 /Users/josephles/ti/simplelink_cc32xx_sdk_7_10_00_13/kernel/nortos/lib/gcc/m4/nortos_cc32xx.a(SemaphoreP_nortos.c.obj)
                0x0000000020006b94                SemaphoreP_delete
 .text.SemaphoreP_pend
                0x0000000020006b98       0xfc /Users/josephles/ti/simplelink_cc32xx_sdk_7_10_00_13/kernel/nortos/lib/gcc/m4/nortos_cc32xx.a(SemaphoreP_nortos.c.obj)
                0x0000000020006b98                SemaphoreP_pend
 .text.SemaphoreP_post
                0x0000000020006c94       0x44 /Users/josephles/ti/simplelink_cc32xx_sdk_7_10_00_13/kernel/nortos/lib/gcc/m4/nortos_cc32xx.a(SemaphoreP_nortos.c.obj)
                0x0000000020006c94                SemaphoreP_post
 .text.ClockP_sysTickHandler
                0x0000000020006cd8       0x7c /Users/josephles/ti/simplelink_cc32xx_sdk_7_10_00_13/kernel/nortos/lib/gcc/m4/nortos_cc32xx.a(ClockPSysTick_nortos.c.obj)
                0x0000000020006cd8                ClockP_sysTickHandler
 .text.ClockP_add
                0x0000000020006d54       0x14 /Users/josephles/ti/simplelink_cc32xx_sdk_7_10_00_13/kernel/nortos/lib/gcc/m4/nortos_cc32xx.a(ClockPSysTick_nortos.c.obj)
                0x0000000020006d54                ClockP_add
 .text.ClockP_destruct
                0x0000000020006d68       0x44 /Users/josephles/ti/simplelink_cc32xx_sdk_7_10_00_13/kernel/nortos/lib/gcc/m4/nortos_cc32xx.a(ClockPSysTick_nortos.c.obj)
                0x0000000020006d68                ClockP_destruct
 .text.ClockP_doTick
                0x0000000020006dac        0x4 /Users/josephles/ti/simplelink_cc32xx_sdk_7_10_00_13/kernel/nortos/lib/gcc/m4/nortos_cc32xx.a(ClockPSysTick_nortos.c.obj)
                0x0000000020006dac                ClockP_doTick
 .text.ClockP_getCpuFreq
                0x0000000020006db0       0x10 /Users/josephles/ti/simplelink_cc32xx_sdk_7_10_00_13/kernel/nortos/lib/gcc/m4/nortos_cc32xx.a(ClockPSysTick_nortos.c.obj)
                0x0000000020006db0                ClockP_getCpuFreq
 .text.ClockP_getSystemTicks
                0x0000000020006dc0       0x70 /Users/josephles/ti/simplelink_cc32xx_sdk_7_10_00_13/kernel/nortos/lib/gcc/m4/nortos_cc32xx.a(ClockPSysTick_nortos.c.obj)
                0x0000000020006dc0                ClockP_getSystemTicks
 .text.ClockP_getTicksUntilInterrupt
                0x0000000020006e30       0x40 /Users/josephles/ti/simplelink_cc32xx_sdk_7_10_00_13/kernel/nortos/lib/gcc/m4/nortos_cc32xx.a(ClockPSysTick_nortos.c.obj)
                0x0000000020006e30                ClockP_getTicksUntilInterrupt
 .text.ClockP_isActive
                0x0000000020006e70        0xc /Users/josephles/ti/simplelink_cc32xx_sdk_7_10_00_13/kernel/nortos/lib/gcc/m4/nortos_cc32xx.a(ClockPSysTick_nortos.c.obj)
                0x0000000020006e70                ClockP_isActive
 .text.ClockP_setTicks
                0x0000000020006e7c       0x10 /Users/josephles/ti/simplelink_cc32xx_sdk_7_10_00_13/kernel/nortos/lib/gcc/m4/nortos_cc32xx.a(ClockPSysTick_nortos.c.obj)
                0x0000000020006e7c                ClockP_setTicks
 .text.ClockP_start
                0x0000000020006e8c       0xa8 /Users/josephles/ti/simplelink_cc32xx_sdk_7_10_00_13/kernel/nortos/lib/gcc/m4/nortos_cc32xx.a(ClockPSysTick_nortos.c.obj)
                0x0000000020006e8c                ClockP_start
 .text.ClockP_startup
                0x0000000020006f34       0x68 /Users/josephles/ti/simplelink_cc32xx_sdk_7_10_00_13/kernel/nortos/lib/gcc/m4/nortos_cc32xx.a(ClockPSysTick_nortos.c.obj)
                0x0000000020006f34                ClockP_startup
 .text.HwiP_dispatch
                0x0000000020006f9c       0x1c /Users/josephles/ti/simplelink_cc32xx_sdk_7_10_00_13/kernel/nortos/lib/gcc/m4/nortos_cc32xx.a(HwiPCC32XX_nortos.c.obj)
                0x0000000020006f9c                HwiP_dispatch
 .text.HwiP_enable
                0x0000000020006fb8        0x4 /Users/josephles/ti/simplelink_cc32xx_sdk_7_10_00_13/kernel/nortos/lib/gcc/m4/nortos_cc32xx.a(HwiPCC32XX_nortos.c.obj)
                0x0000000020006fb8                HwiP_enable
 .text.HwiP_disable
                0x0000000020006fbc        0x8 /Users/josephles/ti/simplelink_cc32xx_sdk_7_10_00_13/kernel/nortos/lib/gcc/m4/nortos_cc32xx.a(HwiPCC32XX_nortos.c.obj)
                0x0000000020006fbc                HwiP_disable
 .text.HwiP_restore
                0x0000000020006fc4        0x8 /Users/josephles/ti/simplelink_cc32xx_sdk_7_10_00_13/kernel/nortos/lib/gcc/m4/nortos_cc32xx.a(HwiPCC32XX_nortos.c.obj)
                0x0000000020006fc4                HwiP_restore
 .text.HwiP_clearInterrupt
                0x0000000020006fcc        0x4 /Users/josephles/ti/simplelink_cc32xx_sdk_7_10_00_13/kernel/nortos/lib/gcc/m4/nortos_cc32xx.a(HwiPCC32XX_nortos.c.obj)
                0x0000000020006fcc                HwiP_clearInterrupt
 .text.HwiP_destruct
                0x0000000020006fd0       0x14 /Users/josephles/ti/simplelink_cc32xx_sdk_7_10_00_13/kernel/nortos/lib/gcc/m4/nortos_cc32xx.a(HwiPCC32XX_nortos.c.obj)
                0x0000000020006fd0                HwiP_destruct
 .text.HwiP_interruptsEnabled
                0x0000000020006fe4       0x10 /Users/josephles/ti/simplelink_cc32xx_sdk_7_10_00_13/kernel/nortos/lib/gcc/m4/nortos_cc32xx.a(HwiPCC32XX_nortos.c.obj)
                0x0000000020006fe4                HwiP_interruptsEnabled
 .text.HwiP_construct
                0x0000000020006ff4       0x8c /Users/josephles/ti/simplelink_cc32xx_sdk_7_10_00_13/kernel/nortos/lib/gcc/m4/nortos_cc32xx.a(HwiPCC32XX_nortos.c.obj)
                0x0000000020006ff4                HwiP_construct
 .text.HwiP_create
                0x0000000020007080       0x90 /Users/josephles/ti/simplelink_cc32xx_sdk_7_10_00_13/kernel/nortos/lib/gcc/m4/nortos_cc32xx.a(HwiPCC32XX_nortos.c.obj)
                0x0000000020007080                HwiP_create
 .text.HwiP_Params_init
                0x0000000020007110       0x14 /Users/josephles/ti/simplelink_cc32xx_sdk_7_10_00_13/kernel/nortos/lib/gcc/m4/nortos_cc32xx.a(HwiPCC32XX_nortos.c.obj)
                0x0000000020007110                HwiP_Params_init
 .text.HwiP_post
                0x0000000020007124        0x4 /Users/josephles/ti/simplelink_cc32xx_sdk_7_10_00_13/kernel/nortos/lib/gcc/m4/nortos_cc32xx.a(HwiPCC32XX_nortos.c.obj)
                0x0000000020007124                HwiP_post
 .text.HwiP_inISR
                0x0000000020007128       0x10 /Users/josephles/ti/simplelink_cc32xx_sdk_7_10_00_13/kernel/nortos/lib/gcc/m4/nortos_cc32xx.a(HwiPCC32XX_nortos.c.obj)
                0x0000000020007128                HwiP_inISR
 .text.PowerCC32XX_initPolicy
                0x0000000020007138        0x4 /Users/josephles/ti/simplelink_cc32xx_sdk_7_10_00_13/kernel/nortos/lib/gcc/m4/nortos_cc32xx.a(PowerCC32XX_nortos.c.obj)
                0x0000000020007138                PowerCC32XX_initPolicy
 .text.PowerCC32XX_sleepPolicy
                0x000000002000713c      0x220 /Users/josephles/ti/simplelink_cc32xx_sdk_7_10_00_13/kernel/nortos/lib/gcc/m4/nortos_cc32xx.a(PowerCC32XX_nortos.c.obj)
                0x000000002000713c                PowerCC32XX_sleepPolicy
 .text.nmiISR   0x000000002000735c        0x4 /Users/josephles/ti/simplelink_cc32xx_sdk_7_10_00_13/kernel/nortos/lib/gcc/m4/nortos_cc32xx.a(startup_cc32xx_gcc.c.obj)
 .text.faultISR
                0x0000000020007360        0x4 /Users/josephles/ti/simplelink_cc32xx_sdk_7_10_00_13/kernel/nortos/lib/gcc/m4/nortos_cc32xx.a(startup_cc32xx_gcc.c.obj)
 .text.busFaultHandler
                0x0000000020007364        0x4 /Users/josephles/ti/simplelink_cc32xx_sdk_7_10_00_13/kernel/nortos/lib/gcc/m4/nortos_cc32xx.a(startup_cc32xx_gcc.c.obj)
 .text.defaultHandler
                0x0000000020007368        0x4 /Users/josephles/ti/simplelink_cc32xx_sdk_7_10_00_13/kernel/nortos/lib/gcc/m4/nortos_cc32xx.a(startup_cc32xx_gcc.c.obj)
 .text.resetISR
                0x000000002000736c       0x14 /Users/josephles/ti/simplelink_cc32xx_sdk_7_10_00_13/kernel/nortos/lib/gcc/m4/nortos_cc32xx.a(startup_cc32xx_gcc.c.obj)
                0x000000002000736c                resetISR
 .text.localProgramStart
                0x0000000020007380       0xc4 /Users/josephles/ti/simplelink_cc32xx_sdk_7_10_00_13/kernel/nortos/lib/gcc/m4/nortos_cc32xx.a(startup_cc32xx_gcc.c.obj)
                0x0000000020007380                localProgramStart
 .text._fini    0x0000000020007444        0x4 /Users/josephles/ti/simplelink_cc32xx_sdk_7_10_00_13/kernel/nortos/lib/gcc/m4/nortos_cc32xx.a(startup_cc32xx_gcc.c.obj)
                0x0000000020007444                _fini
 .text.SwiP_disable
                0x0000000020007448       0x1c /Users/josephles/ti/simplelink_cc32xx_sdk_7_10_00_13/kernel/nortos/lib/gcc/m4/nortos_cc32xx.a(SwiP_nortos.c.obj)
                0x0000000020007448                SwiP_disable
 .text.SwiP_restore
                0x0000000020007464       0x48 /Users/josephles/ti/simplelink_cc32xx_sdk_7_10_00_13/kernel/nortos/lib/gcc/m4/nortos_cc32xx.a(SwiP_nortos.c.obj)
                0x0000000020007464                SwiP_restore
 .text.CPUcpsid
                0x00000000200074ac       0x16 /Users/josephles/ti/simplelink_cc32xx_sdk_7_10_00_13/source/ti/devices/cc32xx/driverlib/gcc/Release/driverlib.a(cpu.obj)
                0x00000000200074ac                CPUcpsid
 .text.CPUprimask
                0x00000000200074c2        0xc /Users/josephles/ti/simplelink_cc32xx_sdk_7_10_00_13/source/ti/devices/cc32xx/driverlib/gcc/Release/driverlib.a(cpu.obj)
                0x00000000200074c2                CPUprimask
 .text.CPUcpsie
                0x00000000200074ce       0x16 /Users/josephles/ti/simplelink_cc32xx_sdk_7_10_00_13/source/ti/devices/cc32xx/driverlib/gcc/Release/driverlib.a(cpu.obj)
                0x00000000200074ce                CPUcpsie
 .text.CPUwfi   0x00000000200074e4        0xe /Users/josephles/ti/simplelink_cc32xx_sdk_7_10_00_13/source/ti/devices/cc32xx/driverlib/gcc/Release/driverlib.a(cpu.obj)
                0x00000000200074e4                CPUwfi
 .text.GPIODirModeSet
                0x00000000200074f2       0x46 /Users/josephles/ti/simplelink_cc32xx_sdk_7_10_00_13/source/ti/devices/cc32xx/driverlib/gcc/Release/driverlib.a(gpio.obj)
                0x00000000200074f2                GPIODirModeSet
 .text.GPIOIntTypeSet
                0x0000000020007538       0xa2 /Users/josephles/ti/simplelink_cc32xx_sdk_7_10_00_13/source/ti/devices/cc32xx/driverlib/gcc/Release/driverlib.a(gpio.obj)
                0x0000000020007538                GPIOIntTypeSet
 .text.GPIOIntEnable
                0x00000000200075da       0x2a /Users/josephles/ti/simplelink_cc32xx_sdk_7_10_00_13/source/ti/devices/cc32xx/driverlib/gcc/Release/driverlib.a(gpio.obj)
                0x00000000200075da                GPIOIntEnable
 .text.GPIOIntDisable
                0x0000000020007604       0x2a /Users/josephles/ti/simplelink_cc32xx_sdk_7_10_00_13/source/ti/devices/cc32xx/driverlib/gcc/Release/driverlib.a(gpio.obj)
                0x0000000020007604                GPIOIntDisable
 .text.GPIOIntStatus
                0x000000002000762e       0x2e /Users/josephles/ti/simplelink_cc32xx_sdk_7_10_00_13/source/ti/devices/cc32xx/driverlib/gcc/Release/driverlib.a(gpio.obj)
                0x000000002000762e                GPIOIntStatus
 .text.GPIOIntClear
                0x000000002000765c       0x20 /Users/josephles/ti/simplelink_cc32xx_sdk_7_10_00_13/source/ti/devices/cc32xx/driverlib/gcc/Release/driverlib.a(gpio.obj)
                0x000000002000765c                GPIOIntClear
 .text.GPIOPinWrite
                0x000000002000767c       0x2a /Users/josephles/ti/simplelink_cc32xx_sdk_7_10_00_13/source/ti/devices/cc32xx/driverlib/gcc/Release/driverlib.a(gpio.obj)
                0x000000002000767c                GPIOPinWrite
 .text.IntDefaultHandler
                0x00000000200076a6        0x6 /Users/josephles/ti/simplelink_cc32xx_sdk_7_10_00_13/source/ti/devices/cc32xx/driverlib/gcc/Release/driverlib.a(interrupt.obj)
 .text.IntMasterEnable
                0x00000000200076ac       0x10 /Users/josephles/ti/simplelink_cc32xx_sdk_7_10_00_13/source/ti/devices/cc32xx/driverlib/gcc/Release/driverlib.a(interrupt.obj)
                0x00000000200076ac                IntMasterEnable
 .text.IntMasterDisable
                0x00000000200076bc       0x10 /Users/josephles/ti/simplelink_cc32xx_sdk_7_10_00_13/source/ti/devices/cc32xx/driverlib/gcc/Release/driverlib.a(interrupt.obj)
                0x00000000200076bc                IntMasterDisable
 .text.IntVTableBaseSet
                0x00000000200076cc       0x1c /Users/josephles/ti/simplelink_cc32xx_sdk_7_10_00_13/source/ti/devices/cc32xx/driverlib/gcc/Release/driverlib.a(interrupt.obj)
                0x00000000200076cc                IntVTableBaseSet
 .text.IntRegister
                0x00000000200076e8       0x2c /Users/josephles/ti/simplelink_cc32xx_sdk_7_10_00_13/source/ti/devices/cc32xx/driverlib/gcc/Release/driverlib.a(interrupt.obj)
                0x00000000200076e8                IntRegister
 .text.IntUnregister
                0x0000000020007714       0x2c /Users/josephles/ti/simplelink_cc32xx_sdk_7_10_00_13/source/ti/devices/cc32xx/driverlib/gcc/Release/driverlib.a(interrupt.obj)
                0x0000000020007714                IntUnregister
 .text.IntPrioritySet
                0x0000000020007740       0x68 /Users/josephles/ti/simplelink_cc32xx_sdk_7_10_00_13/source/ti/devices/cc32xx/driverlib/gcc/Release/driverlib.a(interrupt.obj)
                0x0000000020007740                IntPrioritySet
 .text.IntEnable
                0x00000000200077a8       0xbc /Users/josephles/ti/simplelink_cc32xx_sdk_7_10_00_13/source/ti/devices/cc32xx/driverlib/gcc/Release/driverlib.a(interrupt.obj)
                0x00000000200077a8                IntEnable
 .text.IntDisable
                0x0000000020007864       0xbc /Users/josephles/ti/simplelink_cc32xx_sdk_7_10_00_13/source/ti/devices/cc32xx/driverlib/gcc/Release/driverlib.a(interrupt.obj)
                0x0000000020007864                IntDisable
 .text.IntPendSet
                0x0000000020007920       0x9c /Users/josephles/ti/simplelink_cc32xx_sdk_7_10_00_13/source/ti/devices/cc32xx/driverlib/gcc/Release/driverlib.a(interrupt.obj)
                0x0000000020007920                IntPendSet
 .text.IntPendClear
                0x00000000200079bc       0x68 /Users/josephles/ti/simplelink_cc32xx_sdk_7_10_00_13/source/ti/devices/cc32xx/driverlib/gcc/Release/driverlib.a(interrupt.obj)
                0x00000000200079bc                IntPendClear
 .text.PinModeSet
                0x0000000020007a24       0x48 /Users/josephles/ti/simplelink_cc32xx_sdk_7_10_00_13/source/ti/devices/cc32xx/driverlib/gcc/Release/driverlib.a(pin.obj)
                0x0000000020007a24                PinModeSet
 .text.PinModeGet
                0x0000000020007a6c       0x3c /Users/josephles/ti/simplelink_cc32xx_sdk_7_10_00_13/source/ti/devices/cc32xx/driverlib/gcc/Release/driverlib.a(pin.obj)
                0x0000000020007a6c                PinModeGet
 .text.PinDirModeSet
                0x0000000020007aa8       0x44 /Users/josephles/ti/simplelink_cc32xx_sdk_7_10_00_13/source/ti/devices/cc32xx/driverlib/gcc/Release/driverlib.a(pin.obj)
                0x0000000020007aa8                PinDirModeSet
 .text.PinDirModeGet
                0x0000000020007aec       0x3c /Users/josephles/ti/simplelink_cc32xx_sdk_7_10_00_13/source/ti/devices/cc32xx/driverlib/gcc/Release/driverlib.a(pin.obj)
                0x0000000020007aec                PinDirModeGet
 .text.PinConfigGet
                0x0000000020007b28       0x50 /Users/josephles/ti/simplelink_cc32xx_sdk_7_10_00_13/source/ti/devices/cc32xx/driverlib/gcc/Release/driverlib.a(pin.obj)
                0x0000000020007b28                PinConfigGet
 .text.PinConfigSet
                0x0000000020007b78       0x9c /Users/josephles/ti/simplelink_cc32xx_sdk_7_10_00_13/source/ti/devices/cc32xx/driverlib/gcc/Release/driverlib.a(pin.obj)
                0x0000000020007b78                PinConfigSet
 .text.PinTypeUART
                0x0000000020007c14       0x24 /Users/josephles/ti/simplelink_cc32xx_sdk_7_10_00_13/source/ti/devices/cc32xx/driverlib/gcc/Release/driverlib.a(pin.obj)
                0x0000000020007c14                PinTypeUART
 .text.PinLockLevelSet
                0x0000000020007c38       0x68 /Users/josephles/ti/simplelink_cc32xx_sdk_7_10_00_13/source/ti/devices/cc32xx/driverlib/gcc/Release/driverlib.a(pin.obj)
                0x0000000020007c38                PinLockLevelSet
 .text.PinLock  0x0000000020007ca0       0x40 /Users/josephles/ti/simplelink_cc32xx_sdk_7_10_00_13/source/ti/devices/cc32xx/driverlib/gcc/Release/driverlib.a(pin.obj)
                0x0000000020007ca0                PinLock
 .text.PinUnlock
                0x0000000020007ce0       0x2c /Users/josephles/ti/simplelink_cc32xx_sdk_7_10_00_13/source/ti/devices/cc32xx/driverlib/gcc/Release/driverlib.a(pin.obj)
                0x0000000020007ce0                PinUnlock
 .text.PinToPadGet
                0x0000000020007d0c       0x24 /Users/josephles/ti/simplelink_cc32xx_sdk_7_10_00_13/source/ti/devices/cc32xx/driverlib/gcc/Release/driverlib.a(pin.obj)
                0x0000000020007d0c                PinToPadGet
 .text.PRCMSysResetCauseGet
                0x0000000020007d30       0x78 /Users/josephles/ti/simplelink_cc32xx_sdk_7_10_00_13/source/ti/devices/cc32xx/driverlib/gcc/Release/driverlib.a(prcm.obj)
                0x0000000020007d30                PRCMSysResetCauseGet
 .text.PRCMPeripheralClkEnable
                0x0000000020007da8       0x6c /Users/josephles/ti/simplelink_cc32xx_sdk_7_10_00_13/source/ti/devices/cc32xx/driverlib/gcc/Release/driverlib.a(prcm.obj)
                0x0000000020007da8                PRCMPeripheralClkEnable
 .text.PRCMPeripheralClkDisable
                0x0000000020007e14       0x48 /Users/josephles/ti/simplelink_cc32xx_sdk_7_10_00_13/source/ti/devices/cc32xx/driverlib/gcc/Release/driverlib.a(prcm.obj)
                0x0000000020007e14                PRCMPeripheralClkDisable
 .text.PRCMPeripheralReset
                0x0000000020007e5c       0x8c /Users/josephles/ti/simplelink_cc32xx_sdk_7_10_00_13/source/ti/devices/cc32xx/driverlib/gcc/Release/driverlib.a(prcm.obj)
                0x0000000020007e5c                PRCMPeripheralReset
 .text.PRCMPeripheralStatusGet
                0x0000000020007ee8       0x40 /Users/josephles/ti/simplelink_cc32xx_sdk_7_10_00_13/source/ti/devices/cc32xx/driverlib/gcc/Release/driverlib.a(prcm.obj)
                0x0000000020007ee8                PRCMPeripheralStatusGet
 .text.PRCMLPDSRestoreInfoSet
                0x0000000020007f28       0x50 /Users/josephles/ti/simplelink_cc32xx_sdk_7_10_00_13/source/ti/devices/cc32xx/driverlib/gcc/Release/driverlib.a(prcm.obj)
                0x0000000020007f28                PRCMLPDSRestoreInfoSet
 .text.PRCMLPDSEnter
                0x0000000020007f78       0x50 /Users/josephles/ti/simplelink_cc32xx_sdk_7_10_00_13/source/ti/devices/cc32xx/driverlib/gcc/Release/driverlib.a(prcm.obj)
                0x0000000020007f78                PRCMLPDSEnter
 .text.PRCMLPDSEnterKeepDebugIf
                0x0000000020007fc8       0x40 /Users/josephles/ti/simplelink_cc32xx_sdk_7_10_00_13/source/ti/devices/cc32xx/driverlib/gcc/Release/driverlib.a(prcm.obj)
                0x0000000020007fc8                PRCMLPDSEnterKeepDebugIf
 .text.PRCMLPDSWakeupSourceEnable
                0x0000000020008008       0x30 /Users/josephles/ti/simplelink_cc32xx_sdk_7_10_00_13/source/ti/devices/cc32xx/driverlib/gcc/Release/driverlib.a(prcm.obj)
                0x0000000020008008                PRCMLPDSWakeupSourceEnable
 .text.PRCMLPDSWakeupSourceDisable
                0x0000000020008038       0x24 /Users/josephles/ti/simplelink_cc32xx_sdk_7_10_00_13/source/ti/devices/cc32xx/driverlib/gcc/Release/driverlib.a(prcm.obj)
                0x0000000020008038                PRCMLPDSWakeupSourceDisable
 .text.PRCMLPDSWakeupCauseGet
                0x000000002000805c       0x14 /Users/josephles/ti/simplelink_cc32xx_sdk_7_10_00_13/source/ti/devices/cc32xx/driverlib/gcc/Release/driverlib.a(prcm.obj)
                0x000000002000805c                PRCMLPDSWakeupCauseGet
 .text.PRCMLPDSIntervalSet
                0x0000000020008070       0x34 /Users/josephles/ti/simplelink_cc32xx_sdk_7_10_00_13/source/ti/devices/cc32xx/driverlib/gcc/Release/driverlib.a(prcm.obj)
                0x0000000020008070                PRCMLPDSIntervalSet
 .text.PRCMLPDSWakeUpGPIOSelect
                0x00000000200080a4       0x2c /Users/josephles/ti/simplelink_cc32xx_sdk_7_10_00_13/source/ti/devices/cc32xx/driverlib/gcc/Release/driverlib.a(prcm.obj)
                0x00000000200080a4                PRCMLPDSWakeUpGPIOSelect
 .text.PRCMSleepEnter
                0x00000000200080d0        0xc /Users/josephles/ti/simplelink_cc32xx_sdk_7_10_00_13/source/ti/devices/cc32xx/driverlib/gcc/Release/driverlib.a(prcm.obj)
                0x00000000200080d0                PRCMSleepEnter
 .text.PRCMSRAMRetentionEnable
                0x00000000200080dc       0x2c /Users/josephles/ti/simplelink_cc32xx_sdk_7_10_00_13/source/ti/devices/cc32xx/driverlib/gcc/Release/driverlib.a(prcm.obj)
                0x00000000200080dc                PRCMSRAMRetentionEnable
 .text.PRCMHibernateWakeupSourceEnable
                0x0000000020008108       0x50 /Users/josephles/ti/simplelink_cc32xx_sdk_7_10_00_13/source/ti/devices/cc32xx/driverlib/gcc/Release/driverlib.a(prcm.obj)
                0x0000000020008108                PRCMHibernateWakeupSourceEnable
 .text.PRCMHibernateWakeupSourceDisable
                0x0000000020008158       0x54 /Users/josephles/ti/simplelink_cc32xx_sdk_7_10_00_13/source/ti/devices/cc32xx/driverlib/gcc/Release/driverlib.a(prcm.obj)
                0x0000000020008158                PRCMHibernateWakeupSourceDisable
 .text.PRCMHibernateWakeUpGPIOSelect
                0x00000000200081ac       0x74 /Users/josephles/ti/simplelink_cc32xx_sdk_7_10_00_13/source/ti/devices/cc32xx/driverlib/gcc/Release/driverlib.a(prcm.obj)
                0x00000000200081ac                PRCMHibernateWakeUpGPIOSelect
 .text.PRCMSlowClkCtrFastGet
                0x0000000020008220       0x5c /Users/josephles/ti/simplelink_cc32xx_sdk_7_10_00_13/source/ti/devices/cc32xx/driverlib/gcc/Release/driverlib.a(prcm.obj)
                0x0000000020008220                PRCMSlowClkCtrFastGet
 .text.PRCMIntEnable
                0x000000002000827c       0x48 /Users/josephles/ti/simplelink_cc32xx_sdk_7_10_00_13/source/ti/devices/cc32xx/driverlib/gcc/Release/driverlib.a(prcm.obj)
                0x000000002000827c                PRCMIntEnable
 .text.PRCMCC3200MCUInit
                0x00000000200082c4      0x478 /Users/josephles/ti/simplelink_cc32xx_sdk_7_10_00_13/source/ti/devices/cc32xx/driverlib/gcc/Release/driverlib.a(prcm.obj)
                0x00000000200082c4                PRCMCC3200MCUInit
 .text.PRCMHIBRegRead
                0x000000002000873c       0x20 /Users/josephles/ti/simplelink_cc32xx_sdk_7_10_00_13/source/ti/devices/cc32xx/driverlib/gcc/Release/driverlib.a(prcm.obj)
                0x000000002000873c                PRCMHIBRegRead
 .text.PRCMHIBRegWrite
                0x000000002000875c       0x20 /Users/josephles/ti/simplelink_cc32xx_sdk_7_10_00_13/source/ti/devices/cc32xx/driverlib/gcc/Release/driverlib.a(prcm.obj)
                0x000000002000875c                PRCMHIBRegWrite
 .text.SysTickEnable
                0x000000002000877c       0x1c /Users/josephles/ti/simplelink_cc32xx_sdk_7_10_00_13/source/ti/devices/cc32xx/driverlib/gcc/Release/driverlib.a(systick.obj)
                0x000000002000877c                SysTickEnable
 .text.SysTickIntEnable
                0x0000000020008798       0x1c /Users/josephles/ti/simplelink_cc32xx_sdk_7_10_00_13/source/ti/devices/cc32xx/driverlib/gcc/Release/driverlib.a(systick.obj)
                0x0000000020008798                SysTickIntEnable
 .text.SysTickIntDisable
                0x00000000200087b4       0x1c /Users/josephles/ti/simplelink_cc32xx_sdk_7_10_00_13/source/ti/devices/cc32xx/driverlib/gcc/Release/driverlib.a(systick.obj)
                0x00000000200087b4                SysTickIntDisable
 .text.SysTickPeriodSet
                0x00000000200087d0       0x20 /Users/josephles/ti/simplelink_cc32xx_sdk_7_10_00_13/source/ti/devices/cc32xx/driverlib/gcc/Release/driverlib.a(systick.obj)
                0x00000000200087d0                SysTickPeriodSet
 .text.UARTFIFOLevelSet
                0x00000000200087f0       0x24 /Users/josephles/ti/simplelink_cc32xx_sdk_7_10_00_13/source/ti/devices/cc32xx/driverlib/gcc/Release/driverlib.a(uart.obj)
                0x00000000200087f0                UARTFIFOLevelSet
 .text.UARTConfigSetExpClk
                0x0000000020008814       0x92 /Users/josephles/ti/simplelink_cc32xx_sdk_7_10_00_13/source/ti/devices/cc32xx/driverlib/gcc/Release/driverlib.a(uart.obj)
                0x0000000020008814                UARTConfigSetExpClk
 .text.UARTEnable
                0x00000000200088a6       0x36 /Users/josephles/ti/simplelink_cc32xx_sdk_7_10_00_13/source/ti/devices/cc32xx/driverlib/gcc/Release/driverlib.a(uart.obj)
                0x00000000200088a6                UARTEnable
 .text.UARTDisable
                0x00000000200088dc       0x46 /Users/josephles/ti/simplelink_cc32xx_sdk_7_10_00_13/source/ti/devices/cc32xx/driverlib/gcc/Release/driverlib.a(uart.obj)
                0x00000000200088dc                UARTDisable
 .text.UARTFlowControlSet
                0x0000000020008922       0x2a /Users/josephles/ti/simplelink_cc32xx_sdk_7_10_00_13/source/ti/devices/cc32xx/driverlib/gcc/Release/driverlib.a(uart.obj)
                0x0000000020008922                UARTFlowControlSet
 .text.UARTCharsAvail
                0x000000002000894c       0x26 /Users/josephles/ti/simplelink_cc32xx_sdk_7_10_00_13/source/ti/devices/cc32xx/driverlib/gcc/Release/driverlib.a(uart.obj)
                0x000000002000894c                UARTCharsAvail
 .text.UARTCharPutNonBlocking
                0x0000000020008972       0x30 /Users/josephles/ti/simplelink_cc32xx_sdk_7_10_00_13/source/ti/devices/cc32xx/driverlib/gcc/Release/driverlib.a(uart.obj)
                0x0000000020008972                UARTCharPutNonBlocking
 .text.UARTBusy
                0x00000000200089a2       0x26 /Users/josephles/ti/simplelink_cc32xx_sdk_7_10_00_13/source/ti/devices/cc32xx/driverlib/gcc/Release/driverlib.a(uart.obj)
                0x00000000200089a2                UARTBusy
 .text.UARTIntEnable
                0x00000000200089c8       0x26 /Users/josephles/ti/simplelink_cc32xx_sdk_7_10_00_13/source/ti/devices/cc32xx/driverlib/gcc/Release/driverlib.a(uart.obj)
                0x00000000200089c8                UARTIntEnable
 .text.UARTIntDisable
                0x00000000200089ee       0x26 /Users/josephles/ti/simplelink_cc32xx_sdk_7_10_00_13/source/ti/devices/cc32xx/driverlib/gcc/Release/driverlib.a(uart.obj)
                0x00000000200089ee                UARTIntDisable
 .text.UARTIntStatus
                0x0000000020008a14       0x2a /Users/josephles/ti/simplelink_cc32xx_sdk_7_10_00_13/source/ti/devices/cc32xx/driverlib/gcc/Release/driverlib.a(uart.obj)
                0x0000000020008a14                UARTIntStatus
 .text.UARTIntClear
                0x0000000020008a3e       0x1e /Users/josephles/ti/simplelink_cc32xx_sdk_7_10_00_13/source/ti/devices/cc32xx/driverlib/gcc/Release/driverlib.a(uart.obj)
                0x0000000020008a3e                UARTIntClear
 .text.UARTDMAEnable
                0x0000000020008a5c       0x26 /Users/josephles/ti/simplelink_cc32xx_sdk_7_10_00_13/source/ti/devices/cc32xx/driverlib/gcc/Release/driverlib.a(uart.obj)
                0x0000000020008a5c                UARTDMAEnable
 .text.UARTDMADisable
                0x0000000020008a82       0x26 /Users/josephles/ti/simplelink_cc32xx_sdk_7_10_00_13/source/ti/devices/cc32xx/driverlib/gcc/Release/driverlib.a(uart.obj)
                0x0000000020008a82                UARTDMADisable
 .text.UARTRxErrorGet
                0x0000000020008aa8       0x1c /Users/josephles/ti/simplelink_cc32xx_sdk_7_10_00_13/source/ti/devices/cc32xx/driverlib/gcc/Release/driverlib.a(uart.obj)
                0x0000000020008aa8                UARTRxErrorGet
 .text.uDMAEnable
                0x0000000020008ac4       0x18 /Users/josephles/ti/simplelink_cc32xx_sdk_7_10_00_13/source/ti/devices/cc32xx/driverlib/gcc/Release/driverlib.a(udma.obj)
                0x0000000020008ac4                uDMAEnable
 .text.uDMAErrorStatusGet
                0x0000000020008adc       0x14 /Users/josephles/ti/simplelink_cc32xx_sdk_7_10_00_13/source/ti/devices/cc32xx/driverlib/gcc/Release/driverlib.a(udma.obj)
                0x0000000020008adc                uDMAErrorStatusGet
 .text.uDMAErrorStatusClear
                0x0000000020008af0       0x18 /Users/josephles/ti/simplelink_cc32xx_sdk_7_10_00_13/source/ti/devices/cc32xx/driverlib/gcc/Release/driverlib.a(udma.obj)
                0x0000000020008af0                uDMAErrorStatusClear
 .text.uDMAChannelEnable
                0x0000000020008b08       0x24 /Users/josephles/ti/simplelink_cc32xx_sdk_7_10_00_13/source/ti/devices/cc32xx/driverlib/gcc/Release/driverlib.a(udma.obj)
                0x0000000020008b08                uDMAChannelEnable
 .text.uDMAChannelDisable
                0x0000000020008b2c       0x24 /Users/josephles/ti/simplelink_cc32xx_sdk_7_10_00_13/source/ti/devices/cc32xx/driverlib/gcc/Release/driverlib.a(udma.obj)
                0x0000000020008b2c                uDMAChannelDisable
 .text.uDMAChannelIsEnabled
                0x0000000020008b50       0x34 /Users/josephles/ti/simplelink_cc32xx_sdk_7_10_00_13/source/ti/devices/cc32xx/driverlib/gcc/Release/driverlib.a(udma.obj)
                0x0000000020008b50                uDMAChannelIsEnabled
 .text.uDMAControlBaseSet
                0x0000000020008b84       0x1c /Users/josephles/ti/simplelink_cc32xx_sdk_7_10_00_13/source/ti/devices/cc32xx/driverlib/gcc/Release/driverlib.a(udma.obj)
                0x0000000020008b84                uDMAControlBaseSet
 .text.uDMAChannelAttributeDisable
                0x0000000020008ba0       0x7c /Users/josephles/ti/simplelink_cc32xx_sdk_7_10_00_13/source/ti/devices/cc32xx/driverlib/gcc/Release/driverlib.a(udma.obj)
                0x0000000020008ba0                uDMAChannelAttributeDisable
 .text.uDMAChannelControlSet
                0x0000000020008c1c       0x48 /Users/josephles/ti/simplelink_cc32xx_sdk_7_10_00_13/source/ti/devices/cc32xx/driverlib/gcc/Release/driverlib.a(udma.obj)
                0x0000000020008c1c                uDMAChannelControlSet
 .text.uDMAChannelTransferSet
                0x0000000020008c64      0x104 /Users/josephles/ti/simplelink_cc32xx_sdk_7_10_00_13/source/ti/devices/cc32xx/driverlib/gcc/Release/driverlib.a(udma.obj)
                0x0000000020008c64                uDMAChannelTransferSet
 .text.uDMAChannelSizeGet
                0x0000000020008d68       0x48 /Users/josephles/ti/simplelink_cc32xx_sdk_7_10_00_13/source/ti/devices/cc32xx/driverlib/gcc/Release/driverlib.a(udma.obj)
                0x0000000020008d68                uDMAChannelSizeGet
 .text.uDMAIntClear
                0x0000000020008db0       0x1c /Users/josephles/ti/simplelink_cc32xx_sdk_7_10_00_13/source/ti/devices/cc32xx/driverlib/gcc/Release/driverlib.a(udma.obj)
                0x0000000020008db0                uDMAIntClear
 .text.uDMAChannelAssign
                0x0000000020008dcc       0x58 /Users/josephles/ti/simplelink_cc32xx_sdk_7_10_00_13/source/ti/devices/cc32xx/driverlib/gcc/Release/driverlib.a(udma.obj)
                0x0000000020008dcc                uDMAChannelAssign
 .text.UtilsDelay
                0x0000000020008e24        0xa /Users/josephles/ti/simplelink_cc32xx_sdk_7_10_00_13/source/ti/devices/cc32xx/driverlib/gcc/Release/driverlib.a(utils.obj)
                0x0000000020008e24                UtilsDelay
 *fill*         0x0000000020008e2e        0x2 
 .text.FlashDisable
                0x0000000020008e30       0x50 /Users/josephles/ti/simplelink_cc32xx_sdk_7_10_00_13/source/ti/devices/cc32xx/driverlib/gcc/Release/driverlib.a(flash.obj)
                0x0000000020008e30                FlashDisable
 .text.malloc   0x0000000020008e80       0x10 /Applications/ti/ccs1270/ccs/tools/compiler/gcc-arm-none-eabi-9-2019-q4-major/arm-none-eabi/lib/thumb/v7e-m/nofp/libc_nano.a(lib_a-malloc.o)
                0x0000000020008e80                malloc
 .text.free     0x0000000020008e90       0x10 /Applications/ti/ccs1270/ccs/tools/compiler/gcc-arm-none-eabi-9-2019-q4-major/arm-none-eabi/lib/thumb/v7e-m/nofp/libc_nano.a(lib_a-malloc.o)
                0x0000000020008e90                free
 .text.memcpy   0x0000000020008ea0       0x1c /Applications/ti/ccs1270/ccs/tools/compiler/gcc-arm-none-eabi-9-2019-q4-major/arm-none-eabi/lib/thumb/v7e-m/nofp/libc_nano.a(lib_a-memcpy-stub.o)
                0x0000000020008ea0                memcpy
 .text.memset   0x0000000020008ebc       0x10 /Applications/ti/ccs1270/ccs/tools/compiler/gcc-arm-none-eabi-9-2019-q4-major/arm-none-eabi/lib/thumb/v7e-m/nofp/libc_nano.a(lib_a-memset.o)
                0x0000000020008ebc                memset
 .text._free_r  0x0000000020008ecc       0x9c /Applications/ti/ccs1270/ccs/tools/compiler/gcc-arm-none-eabi-9-2019-q4-major/arm-none-eabi/lib/thumb/v7e-m/nofp/libc_nano.a(lib_a-nano-freer.o)
                0x0000000020008ecc                _free_r
 .text._malloc_r
                0x0000000020008f68       0xb4 /Applications/ti/ccs1270/ccs/tools/compiler/gcc-arm-none-eabi-9-2019-q4-major/arm-none-eabi/lib/thumb/v7e-m/nofp/libc_nano.a(lib_a-nano-mallocr.o)
                0x0000000020008f68                _malloc_r
 .text._sbrk_r  0x000000002000901c       0x20 /Applications/ti/ccs1270/ccs/tools/compiler/gcc-arm-none-eabi-9-2019-q4-major/arm-none-eabi/lib/thumb/v7e-m/nofp/libc_nano.a(lib_a-sbrkr.o)
                0x000000002000901c                _sbrk_r
 .text.__malloc_lock
                0x000000002000903c        0xc /Applications/ti/ccs1270/ccs/tools/compiler/gcc-arm-none-eabi-9-2019-q4-major/arm-none-eabi/lib/thumb/v7e-m/nofp/libc_nano.a(lib_a-mlock.o)
                0x000000002000903c                __malloc_lock
 .text.__malloc_unlock
                0x0000000020009048        0xc /Applications/ti/ccs1270/ccs/tools/compiler/gcc-arm-none-eabi-9-2019-q4-major/arm-none-eabi/lib/thumb/v7e-m/nofp/libc_nano.a(lib_a-mlock.o)
                0x0000000020009048                __malloc_unlock
 .text.__retarget_lock_acquire_recursive
                0x0000000020009054        0x2 /Applications/ti/ccs1270/ccs/tools/compiler/gcc-arm-none-eabi-9-2019-q4-major/arm-none-eabi/lib/thumb/v7e-m/nofp/libc_nano.a(lib_a-lock.o)
                0x0000000020009054                __retarget_lock_acquire_recursive
 .text.__retarget_lock_release_recursive
                0x0000000020009056        0x2 /Applications/ti/ccs1270/ccs/tools/compiler/gcc-arm-none-eabi-9-2019-q4-major/arm-none-eabi/lib/thumb/v7e-m/nofp/libc_nano.a(lib_a-lock.o)
                0x0000000020009056                __retarget_lock_release_recursive
 .text._sbrk    0x0000000020009058       0x1c /Applications/ti/ccs1270/ccs/tools/compiler/gcc-arm-none-eabi-9-2019-q4-major/arm-none-eabi/lib/thumb/v7e-m/nofp/libnosys.a(sbrk.o)
                0x0000000020009058                _sbrk
                0x0000000020009074                . = ALIGN (0x4)
 *(.ctors)
                0x0000000020009074                . = ALIGN (0x4)
 *(.dtors)
                0x0000000020009074                . = ALIGN (0x4)
                0x0000000020009074                __init_array_start = .
 *(.init_array*)
                0x0000000020009074                __init_array_end = .
 *(.init)
 *(.fini*)
                [!provide]                        PROVIDE (__etext = .)
                [!provide]                        PROVIDE (_etext = .)
                [!provide]                        PROVIDE (etext = .)

.glue_7         0x0000000020009074        0x0
 .glue_7        0x0000000020009074        0x0 linker stubs

.glue_7t        0x0000000020009074        0x0
 .glue_7t       0x0000000020009074        0x0 linker stubs

.vfp11_veneer   0x0000000020009074        0x0
 .vfp11_veneer  0x0000000020009074        0x0 linker stubs

.v4_bx          0x0000000020009074        0x0
 .v4_bx         0x0000000020009074        0x0 linker stubs

.iplt           0x0000000020009074        0x0
 .iplt          0x0000000020009074        0x0 ./main_nortos.o

.rodata         0x0000000020009074      0x424
 *(.rodata)
 *(.rodata*)
 .rodata.mainThread.str1.4
                0x0000000020009074       0x16 ./uart2echo.o
 *fill*         0x000000002000908a        0x2 
 .rodata.GPIO_config
                0x000000002000908c       0x10 ./syscfg/ti_drivers_config.o
                0x000000002000908c                GPIO_config
 .rodata.GPIO_pinUpperBound
                0x000000002000909c        0x1 ./syscfg/ti_drivers_config.o
                0x000000002000909c                GPIO_pinUpperBound
 *fill*         0x000000002000909d        0x3 
 .rodata.PowerCC32XX_config
                0x00000000200090a0       0x44 ./syscfg/ti_drivers_config.o
                0x00000000200090a0                PowerCC32XX_config
 .rodata.UART2_config
                0x00000000200090e4        0x8 ./syscfg/ti_drivers_config.o
                0x00000000200090e4                UART2_config
 .rodata.UART2_count
                0x00000000200090ec        0x1 ./syscfg/ti_drivers_config.o
                0x00000000200090ec                UART2_count
 *fill*         0x00000000200090ed        0x3 
 .rodata.UDMACC32XX_config
                0x00000000200090f0        0x8 ./syscfg/ti_drivers_config.o
                0x00000000200090f0                UDMACC32XX_config
 .rodata.uart2CC32XXHWAttrs0
                0x00000000200090f8       0x38 ./syscfg/ti_drivers_config.o
 .rodata.udmaCC3220SHWAttrs
                0x0000000020009130        0xc ./syscfg/ti_drivers_config.o
                0x0000000020009130                udmaCC3220SHWAttrs
 .rodata.pinTable
                0x000000002000913c       0x21 /Users/josephles/ti/simplelink_cc32xx_sdk_7_10_00_13/source/ti/drivers/lib/gcc/m4/drivers_cc32xx.a(GPIOCC32XX.c.obj)
 *fill*         0x000000002000915d        0x3 
 .rodata.portConfigs
                0x0000000020009160       0x28 /Users/josephles/ti/simplelink_cc32xx_sdk_7_10_00_13/source/ti/drivers/lib/gcc/m4/drivers_cc32xx.a(GPIOCC32XX.c.obj)
 .rodata.UART2_defaultParams
                0x0000000020009188       0x24 /Users/josephles/ti/simplelink_cc32xx_sdk_7_10_00_13/source/ti/drivers/lib/gcc/m4/drivers_cc32xx.a(UART2.c.obj)
                0x0000000020009188                UART2_defaultParams
 .rodata.dataLength
                0x00000000200091ac        0x4 /Users/josephles/ti/simplelink_cc32xx_sdk_7_10_00_13/source/ti/drivers/lib/gcc/m4/drivers_cc32xx.a(UART2CC32XX.c.obj)
 .rodata.parityType
                0x00000000200091b0        0x5 /Users/josephles/ti/simplelink_cc32xx_sdk_7_10_00_13/source/ti/drivers/lib/gcc/m4/drivers_cc32xx.a(UART2CC32XX.c.obj)
 *fill*         0x00000000200091b5        0x3 
 .rodata.stopBits
                0x00000000200091b8        0x2 /Users/josephles/ti/simplelink_cc32xx_sdk_7_10_00_13/source/ti/drivers/lib/gcc/m4/drivers_cc32xx.a(UART2CC32XX.c.obj)
 *fill*         0x00000000200091ba        0x2 
 .rodata.g_pulRegs
                0x00000000200091bc       0xd4 /Users/josephles/ti/simplelink_cc32xx_sdk_7_10_00_13/source/ti/devices/cc32xx/driverlib/gcc/Release/driverlib.a(interrupt.obj)
 .rodata.g_pulEnRegs
                0x0000000020009290       0x18 /Users/josephles/ti/simplelink_cc32xx_sdk_7_10_00_13/source/ti/devices/cc32xx/driverlib/gcc/Release/driverlib.a(interrupt.obj)
 .rodata.g_pulDisRegs
                0x00000000200092a8       0x18 /Users/josephles/ti/simplelink_cc32xx_sdk_7_10_00_13/source/ti/devices/cc32xx/driverlib/gcc/Release/driverlib.a(interrupt.obj)
 .rodata.g_pulPendRegs
                0x00000000200092c0       0x18 /Users/josephles/ti/simplelink_cc32xx_sdk_7_10_00_13/source/ti/devices/cc32xx/driverlib/gcc/Release/driverlib.a(interrupt.obj)
 .rodata.g_pulUnpendRegs
                0x00000000200092d8       0x18 /Users/josephles/ti/simplelink_cc32xx_sdk_7_10_00_13/source/ti/devices/cc32xx/driverlib/gcc/Release/driverlib.a(interrupt.obj)
 .rodata.g_ulPinToPadMap
                0x00000000200092f0      0x100 /Users/josephles/ti/simplelink_cc32xx_sdk_7_10_00_13/source/ti/devices/cc32xx/driverlib/gcc/Release/driverlib.a(pin.obj)
 .rodata.PRCM_PeriphRegsList
                0x00000000200093f0       0xa8 /Users/josephles/ti/simplelink_cc32xx_sdk_7_10_00_13/source/ti/devices/cc32xx/driverlib/gcc/Release/driverlib.a(prcm.obj)

.data           0x0000000020009498      0x35c
                0x0000000020009498                __data_load__ = LOADADDR (.data)
                0x0000000020009498                __data_start__ = .
 *(.data)
 *(.data*)
 .data.gpioPinConfigs
                0x0000000020009498       0x84 ./syscfg/ti_drivers_config.o
                0x0000000020009498                gpioPinConfigs
 .data.parkInfo
                0x000000002000951c       0xf8 ./syscfg/ti_drivers_config.o
                0x000000002000951c                parkInfo
 .data.PowerCC32XX_module
                0x0000000020009614      0x16c /Users/josephles/ti/simplelink_cc32xx_sdk_7_10_00_13/source/ti/drivers/lib/gcc/m4/drivers_cc32xx.a(PowerCC32XX.c.obj)
                0x0000000020009614                PowerCC32XX_module
 .data.SemaphoreP_defaultParams
                0x0000000020009780        0x8 /Users/josephles/ti/simplelink_cc32xx_sdk_7_10_00_13/kernel/nortos/lib/gcc/m4/nortos_cc32xx.a(SemaphoreP_nortos.c.obj)
                0x0000000020009780                SemaphoreP_defaultParams
 .data.ClockP_tickPeriod
                0x0000000020009788        0x4 /Users/josephles/ti/simplelink_cc32xx_sdk_7_10_00_13/kernel/nortos/lib/gcc/m4/nortos_cc32xx.a(ClockPSysTick_nortos.c.obj)
                0x0000000020009788                ClockP_tickPeriod
 .data.HwiP_swiPIntNum
                0x000000002000978c        0x4 /Users/josephles/ti/simplelink_cc32xx_sdk_7_10_00_13/kernel/nortos/lib/gcc/m4/nortos_cc32xx.a(HwiPCC32XX_nortos.c.obj)
                0x000000002000978c                HwiP_swiPIntNum
 .data._impure_ptr
                0x0000000020009790        0x4 /Applications/ti/ccs1270/ccs/tools/compiler/gcc-arm-none-eabi-9-2019-q4-major/arm-none-eabi/lib/thumb/v7e-m/nofp/libc_nano.a(lib_a-impure.o)
                0x0000000020009790                _impure_ptr
 .data.impure_data
                0x0000000020009794       0x60 /Applications/ti/ccs1270/ccs/tools/compiler/gcc-arm-none-eabi-9-2019-q4-major/arm-none-eabi/lib/thumb/v7e-m/nofp/libc_nano.a(lib_a-impure.o)
                0x00000000200097f4                . = ALIGN (0x4)
                0x00000000200097f4                __data_end__ = .

.igot.plt       0x00000000200097f4        0x0
 .igot.plt      0x00000000200097f4        0x0 ./main_nortos.o

.ARM.exidx      0x00000000200097f4        0x8
                0x00000000200097f4                __exidx_start = .
 *(.ARM.exidx* .gnu.linkonce.armexidx.*)
 .ARM.exidx     0x00000000200097f4        0x8 /Applications/ti/ccs1270/ccs/tools/compiler/gcc-arm-none-eabi-9-2019-q4-major/bin/../lib/gcc/arm-none-eabi/9.2.1/thumb/v7e-m/nofp/libgcc.a(_udivmoddi4.o)
                0x00000000200097fc                __exidx_end = .

.rel.dyn        0x00000000200097fc        0x0
 .rel.iplt      0x00000000200097fc        0x0 ./main_nortos.o

.ARM.extab
 *(.ARM.extab* .gnu.linkonce.armextab.*)

.bss            0x0000000020009800      0xb80
                0x0000000020009800                __bss_start__ = .
 *(.shbss)
 *(.bss)
 *(.bss.*)
 .bss.dmaControlTable
                0x0000000020009800      0x400 ./syscfg/ti_drivers_config.o
 .bss.uart2RxRingBuffer0
                0x0000000020009c00       0x20 ./syscfg/ti_drivers_config.o
 .bss.uart2TxRingBuffer0
                0x0000000020009c20       0x20 ./syscfg/ti_drivers_config.o
 .bss.initCalled
                0x0000000020009c40        0x1 /Users/josephles/ti/simplelink_cc32xx_sdk_7_10_00_13/source/ti/drivers/lib/gcc/m4/drivers_cc32xx.a(GPIOCC32XX.c.obj)
 *fill*         0x0000000020009c41        0x3 
 .bss.initSem.4818
                0x0000000020009c44        0x4 /Users/josephles/ti/simplelink_cc32xx_sdk_7_10_00_13/source/ti/drivers/lib/gcc/m4/drivers_cc32xx.a(GPIOCC32XX.c.obj)
 .bss.portHwiCreatedBitMask
                0x0000000020009c48        0x1 /Users/josephles/ti/simplelink_cc32xx_sdk_7_10_00_13/source/ti/drivers/lib/gcc/m4/drivers_cc32xx.a(GPIOCC32XX.c.obj)
 *fill*         0x0000000020009c49        0x3 
 .bss.powerNotifyObj
                0x0000000020009c4c       0x14 /Users/josephles/ti/simplelink_cc32xx_sdk_7_10_00_13/source/ti/drivers/lib/gcc/m4/drivers_cc32xx.a(GPIOCC32XX.c.obj)
 .bss.dmaInitialized
                0x0000000020009c60        0x1 /Users/josephles/ti/simplelink_cc32xx_sdk_7_10_00_13/source/ti/drivers/lib/gcc/m4/drivers_cc32xx.a(UDMACC32XX.c.obj)
 *fill*         0x0000000020009c61        0x3 
 .bss.postNotifyObj
                0x0000000020009c64       0x14 /Users/josephles/ti/simplelink_cc32xx_sdk_7_10_00_13/source/ti/drivers/lib/gcc/m4/drivers_cc32xx.a(UDMACC32XX.c.obj)
 .bss.refCount  0x0000000020009c78        0x4 /Users/josephles/ti/simplelink_cc32xx_sdk_7_10_00_13/source/ti/drivers/lib/gcc/m4/drivers_cc32xx.a(UDMACC32XX.c.obj)
 .bss.SemaphoreP_initialized
                0x0000000020009c7c        0x1 /Users/josephles/ti/simplelink_cc32xx_sdk_7_10_00_13/kernel/nortos/lib/gcc/m4/nortos_cc32xx.a(SemaphoreP_nortos.c.obj)
 .bss.doEnablePolicy
                0x0000000020009c7d        0x1 /Users/josephles/ti/simplelink_cc32xx_sdk_7_10_00_13/kernel/nortos/lib/gcc/m4/nortos_cc32xx.a(SemaphoreP_nortos.c.obj)
 .bss.pendInProgress
                0x0000000020009c7e        0x1 /Users/josephles/ti/simplelink_cc32xx_sdk_7_10_00_13/kernel/nortos/lib/gcc/m4/nortos_cc32xx.a(SemaphoreP_nortos.c.obj)
 .bss.ClockP_initialized
                0x0000000020009c7f        0x1 /Users/josephles/ti/simplelink_cc32xx_sdk_7_10_00_13/kernel/nortos/lib/gcc/m4/nortos_cc32xx.a(ClockPSysTick_nortos.c.obj)
 .bss.sysTickPeriod
                0x0000000020009c80        0x4 /Users/josephles/ti/simplelink_cc32xx_sdk_7_10_00_13/kernel/nortos/lib/gcc/m4/nortos_cc32xx.a(ClockPSysTick_nortos.c.obj)
 .bss.HwiP_dispatchTable
                0x0000000020009c84      0x30c /Users/josephles/ti/simplelink_cc32xx_sdk_7_10_00_13/kernel/nortos/lib/gcc/m4/nortos_cc32xx.a(HwiPCC32XX_nortos.c.obj)
 .bss.SwiP_lockState
                0x0000000020009f90        0x4 /Users/josephles/ti/simplelink_cc32xx_sdk_7_10_00_13/kernel/nortos/lib/gcc/m4/nortos_cc32xx.a(SwiP_nortos.c.obj)
 .bss.SwiP_readyMask
                0x0000000020009f94        0x4 /Users/josephles/ti/simplelink_cc32xx_sdk_7_10_00_13/kernel/nortos/lib/gcc/m4/nortos_cc32xx.a(SwiP_nortos.c.obj)
 .bss.SwiP_schedulerRunning
                0x0000000020009f98        0x1 /Users/josephles/ti/simplelink_cc32xx_sdk_7_10_00_13/kernel/nortos/lib/gcc/m4/nortos_cc32xx.a(SwiP_nortos.c.obj)
 *fill*         0x0000000020009f99        0x3 
 .bss.__malloc_free_list
                0x0000000020009f9c        0x4 /Applications/ti/ccs1270/ccs/tools/compiler/gcc-arm-none-eabi-9-2019-q4-major/arm-none-eabi/lib/thumb/v7e-m/nofp/libc_nano.a(lib_a-nano-mallocr.o)
                0x0000000020009f9c                __malloc_free_list
 .bss.__malloc_sbrk_start
                0x0000000020009fa0        0x4 /Applications/ti/ccs1270/ccs/tools/compiler/gcc-arm-none-eabi-9-2019-q4-major/arm-none-eabi/lib/thumb/v7e-m/nofp/libc_nano.a(lib_a-nano-mallocr.o)
                0x0000000020009fa0                __malloc_sbrk_start
 .bss.heap_end.4144
                0x0000000020009fa4        0x4 /Applications/ti/ccs1270/ccs/tools/compiler/gcc-arm-none-eabi-9-2019-q4-major/arm-none-eabi/lib/thumb/v7e-m/nofp/libnosys.a(sbrk.o)
 *(COMMON)
 COMMON         0x0000000020009fa8      0x288 ./syscfg/ti_drivers_config.o
                0x0000000020009fa8                gpioCallbackFunctions
                0x000000002000a02c                uart2CC32XXObjects0
                0x000000002000a1a4                udmaCC3220SObject
                0x000000002000a1ac                gpioUserArgs
 COMMON         0x000000002000a230      0x12c /Users/josephles/ti/simplelink_cc32xx_sdk_7_10_00_13/source/ti/drivers/lib/gcc/m4/drivers_cc32xx.a(PowerCC32XX.c.obj)
                0x000000002000a230                PowerCC32XX_contextSave
 *fill*         0x000000002000a35c        0x4 
 COMMON         0x000000002000a360       0x10 /Users/josephles/ti/simplelink_cc32xx_sdk_7_10_00_13/kernel/nortos/lib/gcc/m4/nortos_cc32xx.a(ClockPSysTick_nortos.c.obj)
                0x000000002000a360                ClockP_ctrl
 COMMON         0x000000002000a370        0x4 /Applications/ti/ccs1270/ccs/tools/compiler/gcc-arm-none-eabi-9-2019-q4-major/arm-none-eabi/lib/thumb/v7e-m/nofp/libc_nano.a(lib_a-reent.o)
                0x000000002000a370                errno
 COMMON         0x000000002000a374        0x9 /Applications/ti/ccs1270/ccs/tools/compiler/gcc-arm-none-eabi-9-2019-q4-major/arm-none-eabi/lib/thumb/v7e-m/nofp/libc_nano.a(lib_a-lock.o)
                0x000000002000a374                __lock___atexit_recursive_mutex
                0x000000002000a375                __lock___arc4random_mutex
                0x000000002000a376                __lock___env_recursive_mutex
                0x000000002000a377                __lock___sinit_recursive_mutex
                0x000000002000a378                __lock___malloc_recursive_mutex
                0x000000002000a379                __lock___at_quick_exit_mutex
                0x000000002000a37a                __lock___dd_hash_mutex
                0x000000002000a37b                __lock___tz_mutex
                0x000000002000a37c                __lock___sfp_recursive_mutex
                0x000000002000a380                . = ALIGN (0x4)
 *fill*         0x000000002000a37d        0x3 
                0x000000002000a380                __bss_end__ = .

.heap           0x000000002000a380     0x8000
                0x000000002000a380                __heap_start__ = .
                0x000000002000a380                end = __heap_start__
                0x000000002000a380                _end = end
                0x000000002000a380                __end = end
                0x0000000020012380                . = (. + HEAP_SIZE)
 *fill*         0x000000002000a380     0x8000 
 *(.heap)
                0x0000000020012380                __heap_end__ = .
                0x0000000020012380                __HeapLimit = __heap_end__

.stack          0x0000000020012380     0x1000
                0x0000000020012380                _stack = .
                0x0000000020012380                __stack = .
 *(.stack)
                0x0000000020013380                . = (. + STACKSIZE)
 *fill*         0x0000000020012380     0x1000 
                0x0000000020013380                _stack_end = .
                0x0000000020013380                __stack_end = .

.log_data
 *(.log_data)

.log_ptr
 *(.log_ptr*)
LOAD /Users/josephles/workspace_v12/uart2echo_CC3220S_LAUNCHXL_nortos_gcc/MCU+Image/syscfg/ti_utils_build_linker.cmd.genlibs
LOAD /Users/josephles/ti/simplelink_cc32xx_sdk_7_10_00_13/source/ti/drivers/lib/gcc/m4/drivers_cc32xx.a
LOAD /Users/josephles/ti/simplelink_cc32xx_sdk_7_10_00_13/source/ti/grlib/lib/gcc/m4/grlib.a
LOAD /Users/josephles/ti/simplelink_cc32xx_sdk_7_10_00_13/kernel/nortos/lib/gcc/m4/nortos_cc32xx.a
LOAD /Users/josephles/ti/simplelink_cc32xx_sdk_7_10_00_13/source/ti/devices/cc32xx/driverlib/gcc/Release/driverlib.a
LOAD /Applications/ti/ccs1270/ccs/tools/compiler/gcc-arm-none-eabi-9-2019-q4-major/bin/../lib/gcc/arm-none-eabi/9.2.1/thumb/v7e-m/nofp/libgcc.a
LOAD /Applications/ti/ccs1270/ccs/tools/compiler/gcc-arm-none-eabi-9-2019-q4-major/arm-none-eabi/lib/thumb/v7e-m/nofp/libc_nano.a
LOAD /Applications/ti/ccs1270/ccs/tools/compiler/gcc-arm-none-eabi-9-2019-q4-major/arm-none-eabi/lib/thumb/v7e-m/nofp/libm.a
LOAD /Applications/ti/ccs1270/ccs/tools/compiler/gcc-arm-none-eabi-9-2019-q4-major/arm-none-eabi/lib/thumb/v7e-m/nofp/libnosys.a
START GROUP
LOAD /Applications/ti/ccs1270/ccs/tools/compiler/gcc-arm-none-eabi-9-2019-q4-major/bin/../lib/gcc/arm-none-eabi/9.2.1/thumb/v7e-m/nofp/libgcc.a
LOAD /Applications/ti/ccs1270/ccs/tools/compiler/gcc-arm-none-eabi-9-2019-q4-major/arm-none-eabi/lib/thumb/v7e-m/nofp/libg_nano.a
LOAD /Applications/ti/ccs1270/ccs/tools/compiler/gcc-arm-none-eabi-9-2019-q4-major/arm-none-eabi/lib/thumb/v7e-m/nofp/libc_nano.a
END GROUP
START GROUP
LOAD /Applications/ti/ccs1270/ccs/tools/compiler/gcc-arm-none-eabi-9-2019-q4-major/bin/../lib/gcc/arm-none-eabi/9.2.1/thumb/v7e-m/nofp/libgcc.a
LOAD /Applications/ti/ccs1270/ccs/tools/compiler/gcc-arm-none-eabi-9-2019-q4-major/arm-none-eabi/lib/thumb/v7e-m/nofp/libc_nano.a
END GROUP
OUTPUT(uart2echo_CC3220S_LAUNCHXL_nortos_gcc.out elf32-littlearm)

.debug_info     0x0000000000000000    0x153e4
 .debug_info    0x0000000000000000       0x82 ./main_nortos.o
 .debug_info    0x0000000000000082      0x540 ./uart2echo.o
 .debug_info    0x00000000000005c2      0xf85 ./syscfg/ti_drivers_config.o
 .debug_info    0x0000000000001547     0x10c8 /Users/josephles/ti/simplelink_cc32xx_sdk_7_10_00_13/source/ti/drivers/lib/gcc/m4/drivers_cc32xx.a(GPIOCC32XX.c.obj)
 .debug_info    0x000000000000260f     0x1f70 /Users/josephles/ti/simplelink_cc32xx_sdk_7_10_00_13/source/ti/drivers/lib/gcc/m4/drivers_cc32xx.a(PowerCC32XX.c.obj)
 .debug_info    0x000000000000457f     0x2138 /Users/josephles/ti/simplelink_cc32xx_sdk_7_10_00_13/source/ti/drivers/lib/gcc/m4/drivers_cc32xx.a(UART2.c.obj)
 .debug_info    0x00000000000066b7     0x2db2 /Users/josephles/ti/simplelink_cc32xx_sdk_7_10_00_13/source/ti/drivers/lib/gcc/m4/drivers_cc32xx.a(UART2CC32XX.c.obj)
 .debug_info    0x0000000000009469      0xc58 /Users/josephles/ti/simplelink_cc32xx_sdk_7_10_00_13/source/ti/drivers/lib/gcc/m4/drivers_cc32xx.a(List.c.obj)
 .debug_info    0x000000000000a0c1      0x811 /Users/josephles/ti/simplelink_cc32xx_sdk_7_10_00_13/source/ti/drivers/lib/gcc/m4/drivers_cc32xx.a(RingBuf.c.obj)
 .debug_info    0x000000000000a8d2      0x632 /Users/josephles/ti/simplelink_cc32xx_sdk_7_10_00_13/source/ti/drivers/lib/gcc/m4/drivers_cc32xx.a(UDMACC32XX.c.obj)
 .debug_info    0x000000000000af04      0x1ec /Users/josephles/ti/simplelink_cc32xx_sdk_7_10_00_13/kernel/nortos/lib/gcc/m4/nortos_cc32xx.a(NoRTOS.c.obj)
 .debug_info    0x000000000000b0f0     0x1498 /Users/josephles/ti/simplelink_cc32xx_sdk_7_10_00_13/kernel/nortos/lib/gcc/m4/nortos_cc32xx.a(SemaphoreP_nortos.c.obj)
 .debug_info    0x000000000000c588     0x1b01 /Users/josephles/ti/simplelink_cc32xx_sdk_7_10_00_13/kernel/nortos/lib/gcc/m4/nortos_cc32xx.a(ClockPSysTick_nortos.c.obj)
 .debug_info    0x000000000000e089     0x17d2 /Users/josephles/ti/simplelink_cc32xx_sdk_7_10_00_13/kernel/nortos/lib/gcc/m4/nortos_cc32xx.a(HwiPCC32XX_nortos.c.obj)
 .debug_info    0x000000000000f85b      0x8aa /Users/josephles/ti/simplelink_cc32xx_sdk_7_10_00_13/kernel/nortos/lib/gcc/m4/nortos_cc32xx.a(PowerCC32XX_nortos.c.obj)
 .debug_info    0x0000000000010105      0xb83 /Users/josephles/ti/simplelink_cc32xx_sdk_7_10_00_13/kernel/nortos/lib/gcc/m4/nortos_cc32xx.a(startup_cc32xx_gcc.c.obj)
 .debug_info    0x0000000000010c88     0x1a3a /Users/josephles/ti/simplelink_cc32xx_sdk_7_10_00_13/kernel/nortos/lib/gcc/m4/nortos_cc32xx.a(SwiP_nortos.c.obj)
 .debug_info    0x00000000000126c2      0x109 /Users/josephles/ti/simplelink_cc32xx_sdk_7_10_00_13/source/ti/devices/cc32xx/driverlib/gcc/Release/driverlib.a(cpu.obj)
 .debug_info    0x00000000000127cb      0x3e6 /Users/josephles/ti/simplelink_cc32xx_sdk_7_10_00_13/source/ti/devices/cc32xx/driverlib/gcc/Release/driverlib.a(gpio.obj)
 .debug_info    0x0000000000012bb1      0x3a3 /Users/josephles/ti/simplelink_cc32xx_sdk_7_10_00_13/source/ti/devices/cc32xx/driverlib/gcc/Release/driverlib.a(interrupt.obj)
 .debug_info    0x0000000000012f54      0x545 /Users/josephles/ti/simplelink_cc32xx_sdk_7_10_00_13/source/ti/devices/cc32xx/driverlib/gcc/Release/driverlib.a(pin.obj)
 .debug_info    0x0000000000013499      0xc9c /Users/josephles/ti/simplelink_cc32xx_sdk_7_10_00_13/source/ti/devices/cc32xx/driverlib/gcc/Release/driverlib.a(prcm.obj)
 .debug_info    0x0000000000014135      0x10e /Users/josephles/ti/simplelink_cc32xx_sdk_7_10_00_13/source/ti/devices/cc32xx/driverlib/gcc/Release/driverlib.a(systick.obj)
 .debug_info    0x0000000000014243      0x89d /Users/josephles/ti/simplelink_cc32xx_sdk_7_10_00_13/source/ti/devices/cc32xx/driverlib/gcc/Release/driverlib.a(uart.obj)
 .debug_info    0x0000000000014ae0      0x58d /Users/josephles/ti/simplelink_cc32xx_sdk_7_10_00_13/source/ti/devices/cc32xx/driverlib/gcc/Release/driverlib.a(udma.obj)
 .debug_info    0x000000000001506d       0x52 /Users/josephles/ti/simplelink_cc32xx_sdk_7_10_00_13/source/ti/devices/cc32xx/driverlib/gcc/Release/driverlib.a(utils.obj)
 .debug_info    0x00000000000150bf      0x325 /Users/josephles/ti/simplelink_cc32xx_sdk_7_10_00_13/source/ti/devices/cc32xx/driverlib/gcc/Release/driverlib.a(flash.obj)

.debug_abbrev   0x0000000000000000     0x4467
 .debug_abbrev  0x0000000000000000       0x43 ./main_nortos.o
 .debug_abbrev  0x0000000000000043      0x1b1 ./uart2echo.o
 .debug_abbrev  0x00000000000001f4      0x235 ./syscfg/ti_drivers_config.o
 .debug_abbrev  0x0000000000000429      0x386 /Users/josephles/ti/simplelink_cc32xx_sdk_7_10_00_13/source/ti/drivers/lib/gcc/m4/drivers_cc32xx.a(GPIOCC32XX.c.obj)
 .debug_abbrev  0x00000000000007af      0x509 /Users/josephles/ti/simplelink_cc32xx_sdk_7_10_00_13/source/ti/drivers/lib/gcc/m4/drivers_cc32xx.a(PowerCC32XX.c.obj)
 .debug_abbrev  0x0000000000000cb8      0x45a /Users/josephles/ti/simplelink_cc32xx_sdk_7_10_00_13/source/ti/drivers/lib/gcc/m4/drivers_cc32xx.a(UART2.c.obj)
 .debug_abbrev  0x0000000000001112      0x54d /Users/josephles/ti/simplelink_cc32xx_sdk_7_10_00_13/source/ti/drivers/lib/gcc/m4/drivers_cc32xx.a(UART2CC32XX.c.obj)
 .debug_abbrev  0x000000000000165f      0x27b /Users/josephles/ti/simplelink_cc32xx_sdk_7_10_00_13/source/ti/drivers/lib/gcc/m4/drivers_cc32xx.a(List.c.obj)
 .debug_abbrev  0x00000000000018da      0x249 /Users/josephles/ti/simplelink_cc32xx_sdk_7_10_00_13/source/ti/drivers/lib/gcc/m4/drivers_cc32xx.a(RingBuf.c.obj)
 .debug_abbrev  0x0000000000001b23      0x217 /Users/josephles/ti/simplelink_cc32xx_sdk_7_10_00_13/source/ti/drivers/lib/gcc/m4/drivers_cc32xx.a(UDMACC32XX.c.obj)
 .debug_abbrev  0x0000000000001d3a      0x116 /Users/josephles/ti/simplelink_cc32xx_sdk_7_10_00_13/kernel/nortos/lib/gcc/m4/nortos_cc32xx.a(NoRTOS.c.obj)
 .debug_abbrev  0x0000000000001e50      0x470 /Users/josephles/ti/simplelink_cc32xx_sdk_7_10_00_13/kernel/nortos/lib/gcc/m4/nortos_cc32xx.a(SemaphoreP_nortos.c.obj)
 .debug_abbrev  0x00000000000022c0      0x5d6 /Users/josephles/ti/simplelink_cc32xx_sdk_7_10_00_13/kernel/nortos/lib/gcc/m4/nortos_cc32xx.a(ClockPSysTick_nortos.c.obj)
 .debug_abbrev  0x0000000000002896      0x4e6 /Users/josephles/ti/simplelink_cc32xx_sdk_7_10_00_13/kernel/nortos/lib/gcc/m4/nortos_cc32xx.a(HwiPCC32XX_nortos.c.obj)
 .debug_abbrev  0x0000000000002d7c      0x249 /Users/josephles/ti/simplelink_cc32xx_sdk_7_10_00_13/kernel/nortos/lib/gcc/m4/nortos_cc32xx.a(PowerCC32XX_nortos.c.obj)
 .debug_abbrev  0x0000000000002fc5      0x301 /Users/josephles/ti/simplelink_cc32xx_sdk_7_10_00_13/kernel/nortos/lib/gcc/m4/nortos_cc32xx.a(startup_cc32xx_gcc.c.obj)
 .debug_abbrev  0x00000000000032c6      0x523 /Users/josephles/ti/simplelink_cc32xx_sdk_7_10_00_13/kernel/nortos/lib/gcc/m4/nortos_cc32xx.a(SwiP_nortos.c.obj)
 .debug_abbrev  0x00000000000037e9       0xe0 /Users/josephles/ti/simplelink_cc32xx_sdk_7_10_00_13/source/ti/devices/cc32xx/driverlib/gcc/Release/driverlib.a(cpu.obj)
 .debug_abbrev  0x00000000000038c9      0x12e /Users/josephles/ti/simplelink_cc32xx_sdk_7_10_00_13/source/ti/devices/cc32xx/driverlib/gcc/Release/driverlib.a(gpio.obj)
 .debug_abbrev  0x00000000000039f7      0x15d /Users/josephles/ti/simplelink_cc32xx_sdk_7_10_00_13/source/ti/devices/cc32xx/driverlib/gcc/Release/driverlib.a(interrupt.obj)
 .debug_abbrev  0x0000000000003b54      0x158 /Users/josephles/ti/simplelink_cc32xx_sdk_7_10_00_13/source/ti/devices/cc32xx/driverlib/gcc/Release/driverlib.a(pin.obj)
 .debug_abbrev  0x0000000000003cac      0x20f /Users/josephles/ti/simplelink_cc32xx_sdk_7_10_00_13/source/ti/devices/cc32xx/driverlib/gcc/Release/driverlib.a(prcm.obj)
 .debug_abbrev  0x0000000000003ebb       0xe4 /Users/josephles/ti/simplelink_cc32xx_sdk_7_10_00_13/source/ti/devices/cc32xx/driverlib/gcc/Release/driverlib.a(systick.obj)
 .debug_abbrev  0x0000000000003f9f      0x145 /Users/josephles/ti/simplelink_cc32xx_sdk_7_10_00_13/source/ti/devices/cc32xx/driverlib/gcc/Release/driverlib.a(uart.obj)
 .debug_abbrev  0x00000000000040e4      0x186 /Users/josephles/ti/simplelink_cc32xx_sdk_7_10_00_13/source/ti/devices/cc32xx/driverlib/gcc/Release/driverlib.a(udma.obj)
 .debug_abbrev  0x000000000000426a       0x4c /Users/josephles/ti/simplelink_cc32xx_sdk_7_10_00_13/source/ti/devices/cc32xx/driverlib/gcc/Release/driverlib.a(utils.obj)
 .debug_abbrev  0x00000000000042b6      0x1b1 /Users/josephles/ti/simplelink_cc32xx_sdk_7_10_00_13/source/ti/devices/cc32xx/driverlib/gcc/Release/driverlib.a(flash.obj)

.debug_aranges  0x0000000000000000      0xeb0
 .debug_aranges
                0x0000000000000000       0x20 ./main_nortos.o
 .debug_aranges
                0x0000000000000020       0x30 ./uart2echo.o
 .debug_aranges
                0x0000000000000050       0x30 ./syscfg/ti_drivers_config.o
 .debug_aranges
                0x0000000000000080       0x78 /Users/josephles/ti/simplelink_cc32xx_sdk_7_10_00_13/source/ti/drivers/lib/gcc/m4/drivers_cc32xx.a(GPIOCC32XX.c.obj)
 .debug_aranges
                0x00000000000000f8       0xf0 /Users/josephles/ti/simplelink_cc32xx_sdk_7_10_00_13/source/ti/drivers/lib/gcc/m4/drivers_cc32xx.a(PowerCC32XX.c.obj)
 .debug_aranges
                0x00000000000001e8       0x80 /Users/josephles/ti/simplelink_cc32xx_sdk_7_10_00_13/source/ti/drivers/lib/gcc/m4/drivers_cc32xx.a(UART2.c.obj)
 .debug_aranges
                0x0000000000000268       0xc8 /Users/josephles/ti/simplelink_cc32xx_sdk_7_10_00_13/source/ti/drivers/lib/gcc/m4/drivers_cc32xx.a(UART2CC32XX.c.obj)
 .debug_aranges
                0x0000000000000330       0x48 /Users/josephles/ti/simplelink_cc32xx_sdk_7_10_00_13/source/ti/drivers/lib/gcc/m4/drivers_cc32xx.a(List.c.obj)
 .debug_aranges
                0x0000000000000378       0x88 /Users/josephles/ti/simplelink_cc32xx_sdk_7_10_00_13/source/ti/drivers/lib/gcc/m4/drivers_cc32xx.a(RingBuf.c.obj)
 .debug_aranges
                0x0000000000000400       0x38 /Users/josephles/ti/simplelink_cc32xx_sdk_7_10_00_13/source/ti/drivers/lib/gcc/m4/drivers_cc32xx.a(UDMACC32XX.c.obj)
 .debug_aranges
                0x0000000000000438       0x30 /Users/josephles/ti/simplelink_cc32xx_sdk_7_10_00_13/kernel/nortos/lib/gcc/m4/nortos_cc32xx.a(NoRTOS.c.obj)
 .debug_aranges
                0x0000000000000468       0x78 /Users/josephles/ti/simplelink_cc32xx_sdk_7_10_00_13/kernel/nortos/lib/gcc/m4/nortos_cc32xx.a(SemaphoreP_nortos.c.obj)
 .debug_aranges
                0x00000000000004e0       0xd0 /Users/josephles/ti/simplelink_cc32xx_sdk_7_10_00_13/kernel/nortos/lib/gcc/m4/nortos_cc32xx.a(ClockPSysTick_nortos.c.obj)
 .debug_aranges
                0x00000000000005b0       0xb8 /Users/josephles/ti/simplelink_cc32xx_sdk_7_10_00_13/kernel/nortos/lib/gcc/m4/nortos_cc32xx.a(HwiPCC32XX_nortos.c.obj)
 .debug_aranges
                0x0000000000000668       0x28 /Users/josephles/ti/simplelink_cc32xx_sdk_7_10_00_13/kernel/nortos/lib/gcc/m4/nortos_cc32xx.a(PowerCC32XX_nortos.c.obj)
 .debug_aranges
                0x0000000000000690       0x50 /Users/josephles/ti/simplelink_cc32xx_sdk_7_10_00_13/kernel/nortos/lib/gcc/m4/nortos_cc32xx.a(startup_cc32xx_gcc.c.obj)
 .debug_aranges
                0x00000000000006e0       0xa8 /Users/josephles/ti/simplelink_cc32xx_sdk_7_10_00_13/kernel/nortos/lib/gcc/m4/nortos_cc32xx.a(SwiP_nortos.c.obj)
 .debug_aranges
                0x0000000000000788       0x48 /Users/josephles/ti/simplelink_cc32xx_sdk_7_10_00_13/source/ti/devices/cc32xx/driverlib/gcc/Release/driverlib.a(cpu.obj)
 .debug_aranges
                0x00000000000007d0       0x90 /Users/josephles/ti/simplelink_cc32xx_sdk_7_10_00_13/source/ti/devices/cc32xx/driverlib/gcc/Release/driverlib.a(gpio.obj)
 .debug_aranges
                0x0000000000000860       0x98 /Users/josephles/ti/simplelink_cc32xx_sdk_7_10_00_13/source/ti/devices/cc32xx/driverlib/gcc/Release/driverlib.a(interrupt.obj)
 .debug_aranges
                0x00000000000008f8       0xc0 /Users/josephles/ti/simplelink_cc32xx_sdk_7_10_00_13/source/ti/devices/cc32xx/driverlib/gcc/Release/driverlib.a(pin.obj)
 .debug_aranges
                0x00000000000009b8      0x1d8 /Users/josephles/ti/simplelink_cc32xx_sdk_7_10_00_13/source/ti/devices/cc32xx/driverlib/gcc/Release/driverlib.a(prcm.obj)
 .debug_aranges
                0x0000000000000b90       0x60 /Users/josephles/ti/simplelink_cc32xx_sdk_7_10_00_13/source/ti/devices/cc32xx/driverlib/gcc/Release/driverlib.a(systick.obj)
 .debug_aranges
                0x0000000000000bf0      0x140 /Users/josephles/ti/simplelink_cc32xx_sdk_7_10_00_13/source/ti/devices/cc32xx/driverlib/gcc/Release/driverlib.a(uart.obj)
 .debug_aranges
                0x0000000000000d30       0xd8 /Users/josephles/ti/simplelink_cc32xx_sdk_7_10_00_13/source/ti/devices/cc32xx/driverlib/gcc/Release/driverlib.a(udma.obj)
 .debug_aranges
                0x0000000000000e08       0x20 /Users/josephles/ti/simplelink_cc32xx_sdk_7_10_00_13/source/ti/devices/cc32xx/driverlib/gcc/Release/driverlib.a(utils.obj)
 .debug_aranges
                0x0000000000000e28       0x88 /Users/josephles/ti/simplelink_cc32xx_sdk_7_10_00_13/source/ti/devices/cc32xx/driverlib/gcc/Release/driverlib.a(flash.obj)

.debug_ranges   0x0000000000000000     0x16f0
 .debug_ranges  0x0000000000000000       0x10 ./main_nortos.o
 .debug_ranges  0x0000000000000010       0x20 ./uart2echo.o
 .debug_ranges  0x0000000000000030       0x20 ./syscfg/ti_drivers_config.o
 .debug_ranges  0x0000000000000050       0x68 /Users/josephles/ti/simplelink_cc32xx_sdk_7_10_00_13/source/ti/drivers/lib/gcc/m4/drivers_cc32xx.a(GPIOCC32XX.c.obj)
 .debug_ranges  0x00000000000000b8      0x220 /Users/josephles/ti/simplelink_cc32xx_sdk_7_10_00_13/source/ti/drivers/lib/gcc/m4/drivers_cc32xx.a(PowerCC32XX.c.obj)
 .debug_ranges  0x00000000000002d8       0x70 /Users/josephles/ti/simplelink_cc32xx_sdk_7_10_00_13/source/ti/drivers/lib/gcc/m4/drivers_cc32xx.a(UART2.c.obj)
 .debug_ranges  0x0000000000000348      0x228 /Users/josephles/ti/simplelink_cc32xx_sdk_7_10_00_13/source/ti/drivers/lib/gcc/m4/drivers_cc32xx.a(UART2CC32XX.c.obj)
 .debug_ranges  0x0000000000000570       0x38 /Users/josephles/ti/simplelink_cc32xx_sdk_7_10_00_13/source/ti/drivers/lib/gcc/m4/drivers_cc32xx.a(List.c.obj)
 .debug_ranges  0x00000000000005a8       0xb0 /Users/josephles/ti/simplelink_cc32xx_sdk_7_10_00_13/source/ti/drivers/lib/gcc/m4/drivers_cc32xx.a(RingBuf.c.obj)
 .debug_ranges  0x0000000000000658       0x28 /Users/josephles/ti/simplelink_cc32xx_sdk_7_10_00_13/source/ti/drivers/lib/gcc/m4/drivers_cc32xx.a(UDMACC32XX.c.obj)
 .debug_ranges  0x0000000000000680       0x20 /Users/josephles/ti/simplelink_cc32xx_sdk_7_10_00_13/kernel/nortos/lib/gcc/m4/nortos_cc32xx.a(NoRTOS.c.obj)
 .debug_ranges  0x00000000000006a0      0x280 /Users/josephles/ti/simplelink_cc32xx_sdk_7_10_00_13/kernel/nortos/lib/gcc/m4/nortos_cc32xx.a(SemaphoreP_nortos.c.obj)
 .debug_ranges  0x0000000000000920      0x460 /Users/josephles/ti/simplelink_cc32xx_sdk_7_10_00_13/kernel/nortos/lib/gcc/m4/nortos_cc32xx.a(ClockPSysTick_nortos.c.obj)
 .debug_ranges  0x0000000000000d80      0x100 /Users/josephles/ti/simplelink_cc32xx_sdk_7_10_00_13/kernel/nortos/lib/gcc/m4/nortos_cc32xx.a(HwiPCC32XX_nortos.c.obj)
 .debug_ranges  0x0000000000000e80       0x18 /Users/josephles/ti/simplelink_cc32xx_sdk_7_10_00_13/kernel/nortos/lib/gcc/m4/nortos_cc32xx.a(PowerCC32XX_nortos.c.obj)
 .debug_ranges  0x0000000000000e98       0x40 /Users/josephles/ti/simplelink_cc32xx_sdk_7_10_00_13/kernel/nortos/lib/gcc/m4/nortos_cc32xx.a(startup_cc32xx_gcc.c.obj)
 .debug_ranges  0x0000000000000ed8      0x178 /Users/josephles/ti/simplelink_cc32xx_sdk_7_10_00_13/kernel/nortos/lib/gcc/m4/nortos_cc32xx.a(SwiP_nortos.c.obj)
 .debug_ranges  0x0000000000001050       0x38 /Users/josephles/ti/simplelink_cc32xx_sdk_7_10_00_13/source/ti/devices/cc32xx/driverlib/gcc/Release/driverlib.a(cpu.obj)
 .debug_ranges  0x0000000000001088       0x80 /Users/josephles/ti/simplelink_cc32xx_sdk_7_10_00_13/source/ti/devices/cc32xx/driverlib/gcc/Release/driverlib.a(gpio.obj)
 .debug_ranges  0x0000000000001108       0x88 /Users/josephles/ti/simplelink_cc32xx_sdk_7_10_00_13/source/ti/devices/cc32xx/driverlib/gcc/Release/driverlib.a(interrupt.obj)
 .debug_ranges  0x0000000000001190       0xb0 /Users/josephles/ti/simplelink_cc32xx_sdk_7_10_00_13/source/ti/devices/cc32xx/driverlib/gcc/Release/driverlib.a(pin.obj)
 .debug_ranges  0x0000000000001240      0x1e0 /Users/josephles/ti/simplelink_cc32xx_sdk_7_10_00_13/source/ti/devices/cc32xx/driverlib/gcc/Release/driverlib.a(prcm.obj)
 .debug_ranges  0x0000000000001420       0x50 /Users/josephles/ti/simplelink_cc32xx_sdk_7_10_00_13/source/ti/devices/cc32xx/driverlib/gcc/Release/driverlib.a(systick.obj)
 .debug_ranges  0x0000000000001470      0x130 /Users/josephles/ti/simplelink_cc32xx_sdk_7_10_00_13/source/ti/devices/cc32xx/driverlib/gcc/Release/driverlib.a(uart.obj)
 .debug_ranges  0x00000000000015a0       0xc8 /Users/josephles/ti/simplelink_cc32xx_sdk_7_10_00_13/source/ti/devices/cc32xx/driverlib/gcc/Release/driverlib.a(udma.obj)
 .debug_ranges  0x0000000000001668       0x10 /Users/josephles/ti/simplelink_cc32xx_sdk_7_10_00_13/source/ti/devices/cc32xx/driverlib/gcc/Release/driverlib.a(utils.obj)
 .debug_ranges  0x0000000000001678       0x78 /Users/josephles/ti/simplelink_cc32xx_sdk_7_10_00_13/source/ti/devices/cc32xx/driverlib/gcc/Release/driverlib.a(flash.obj)

.debug_line     0x0000000000000000     0xdd70
 .debug_line    0x0000000000000000       0x77 ./main_nortos.o
 .debug_line    0x0000000000000077      0x4dd ./uart2echo.o
 .debug_line    0x0000000000000554      0x566 ./syscfg/ti_drivers_config.o
 .debug_line    0x0000000000000aba      0xd44 /Users/josephles/ti/simplelink_cc32xx_sdk_7_10_00_13/source/ti/drivers/lib/gcc/m4/drivers_cc32xx.a(GPIOCC32XX.c.obj)
 .debug_line    0x00000000000017fe     0x1887 /Users/josephles/ti/simplelink_cc32xx_sdk_7_10_00_13/source/ti/drivers/lib/gcc/m4/drivers_cc32xx.a(PowerCC32XX.c.obj)
 .debug_line    0x0000000000003085      0xf8c /Users/josephles/ti/simplelink_cc32xx_sdk_7_10_00_13/source/ti/drivers/lib/gcc/m4/drivers_cc32xx.a(UART2.c.obj)
 .debug_line    0x0000000000004011     0x1623 /Users/josephles/ti/simplelink_cc32xx_sdk_7_10_00_13/source/ti/drivers/lib/gcc/m4/drivers_cc32xx.a(UART2CC32XX.c.obj)
 .debug_line    0x0000000000005634      0x5f8 /Users/josephles/ti/simplelink_cc32xx_sdk_7_10_00_13/source/ti/drivers/lib/gcc/m4/drivers_cc32xx.a(List.c.obj)
 .debug_line    0x0000000000005c2c      0x826 /Users/josephles/ti/simplelink_cc32xx_sdk_7_10_00_13/source/ti/drivers/lib/gcc/m4/drivers_cc32xx.a(RingBuf.c.obj)
 .debug_line    0x0000000000006452      0x740 /Users/josephles/ti/simplelink_cc32xx_sdk_7_10_00_13/source/ti/drivers/lib/gcc/m4/drivers_cc32xx.a(UDMACC32XX.c.obj)
 .debug_line    0x0000000000006b92      0x36d /Users/josephles/ti/simplelink_cc32xx_sdk_7_10_00_13/kernel/nortos/lib/gcc/m4/nortos_cc32xx.a(NoRTOS.c.obj)
 .debug_line    0x0000000000006eff      0xbfc /Users/josephles/ti/simplelink_cc32xx_sdk_7_10_00_13/kernel/nortos/lib/gcc/m4/nortos_cc32xx.a(SemaphoreP_nortos.c.obj)
 .debug_line    0x0000000000007afb     0x11ae /Users/josephles/ti/simplelink_cc32xx_sdk_7_10_00_13/kernel/nortos/lib/gcc/m4/nortos_cc32xx.a(ClockPSysTick_nortos.c.obj)
 .debug_line    0x0000000000008ca9      0x950 /Users/josephles/ti/simplelink_cc32xx_sdk_7_10_00_13/kernel/nortos/lib/gcc/m4/nortos_cc32xx.a(HwiPCC32XX_nortos.c.obj)
 .debug_line    0x00000000000095f9      0x8bf /Users/josephles/ti/simplelink_cc32xx_sdk_7_10_00_13/kernel/nortos/lib/gcc/m4/nortos_cc32xx.a(PowerCC32XX_nortos.c.obj)
 .debug_line    0x0000000000009eb8      0x57f /Users/josephles/ti/simplelink_cc32xx_sdk_7_10_00_13/kernel/nortos/lib/gcc/m4/nortos_cc32xx.a(startup_cc32xx_gcc.c.obj)
 .debug_line    0x000000000000a437      0xd94 /Users/josephles/ti/simplelink_cc32xx_sdk_7_10_00_13/kernel/nortos/lib/gcc/m4/nortos_cc32xx.a(SwiP_nortos.c.obj)
 .debug_line    0x000000000000b1cb      0x113 /Users/josephles/ti/simplelink_cc32xx_sdk_7_10_00_13/source/ti/devices/cc32xx/driverlib/gcc/Release/driverlib.a(cpu.obj)
 .debug_line    0x000000000000b2de      0x402 /Users/josephles/ti/simplelink_cc32xx_sdk_7_10_00_13/source/ti/devices/cc32xx/driverlib/gcc/Release/driverlib.a(gpio.obj)
 .debug_line    0x000000000000b6e0      0x3fa /Users/josephles/ti/simplelink_cc32xx_sdk_7_10_00_13/source/ti/devices/cc32xx/driverlib/gcc/Release/driverlib.a(interrupt.obj)
 .debug_line    0x000000000000bada      0x3ed /Users/josephles/ti/simplelink_cc32xx_sdk_7_10_00_13/source/ti/devices/cc32xx/driverlib/gcc/Release/driverlib.a(pin.obj)
 .debug_line    0x000000000000bec7      0xd2b /Users/josephles/ti/simplelink_cc32xx_sdk_7_10_00_13/source/ti/devices/cc32xx/driverlib/gcc/Release/driverlib.a(prcm.obj)
 .debug_line    0x000000000000cbf2      0x15d /Users/josephles/ti/simplelink_cc32xx_sdk_7_10_00_13/source/ti/devices/cc32xx/driverlib/gcc/Release/driverlib.a(systick.obj)
 .debug_line    0x000000000000cd4f      0x634 /Users/josephles/ti/simplelink_cc32xx_sdk_7_10_00_13/source/ti/devices/cc32xx/driverlib/gcc/Release/driverlib.a(uart.obj)