Archive member included to satisfy reference by file (symbol)

/Users/josephles/ti/simplelink_cc32xx_sdk_7_10_00_13/source/ti/drivers/lib/gcc/m4/drivers_cc32xx.a(GPIO.c.obj)
                              ./gpiointerrupt.o (GPIO_setCallback)
/Users/josephles/ti/simplelink_cc32xx_sdk_7_10_00_13/source/ti/drivers/lib/gcc/m4/drivers_cc32xx.a(GPIOCC32XX.c.obj)
                              ./gpiointerrupt.o (GPIO_enableInt)
/Users/josephles/ti/simplelink_cc32xx_sdk_7_10_00_13/source/ti/drivers/lib/gcc/m4/drivers_cc32xx.a(PowerCC32XX.c.obj)
                              ./syscfg/ti_drivers_config.o (Power_init)
/Users/josephles/ti/simplelink_cc32xx_sdk_7_10_00_13/source/ti/drivers/lib/gcc/m4/drivers_cc32xx.a(PowerCC32XX_gcc.asm.obj)
                              /Users/josephles/ti/simplelink_cc32xx_sdk_7_10_00_13/source/ti/drivers/lib/gcc/m4/drivers_cc32xx.a(PowerCC32XX.c.obj) (PowerCC32XX_enterLPDS)
/Users/josephles/ti/simplelink_cc32xx_sdk_7_10_00_13/source/ti/drivers/lib/gcc/m4/drivers_cc32xx.a(Timer.c.obj)
                              ./gpiointerrupt.o (Timer_init)
/Users/josephles/ti/simplelink_cc32xx_sdk_7_10_00_13/source/ti/drivers/lib/gcc/m4/drivers_cc32xx.a(TimerCC32XX.c.obj)
                              ./gpiointerrupt.o (Timer_open)
/Users/josephles/ti/simplelink_cc32xx_sdk_7_10_00_13/source/ti/drivers/lib/gcc/m4/drivers_cc32xx.a(List.c.obj)
                              /Users/josephles/ti/simplelink_cc32xx_sdk_7_10_00_13/source/ti/drivers/lib/gcc/m4/drivers_cc32xx.a(PowerCC32XX.c.obj) (List_put)
/Users/josephles/ti/simplelink_cc32xx_sdk_7_10_00_13/kernel/nortos/lib/gcc/m4/nortos_cc32xx.a(NoRTOS.c.obj)
                              ./main_nortos.o (NoRTOS_start)
/Users/josephles/ti/simplelink_cc32xx_sdk_7_10_00_13/kernel/nortos/lib/gcc/m4/nortos_cc32xx.a(SemaphoreP_nortos.c.obj)
                              /Users/josephles/ti/simplelink_cc32xx_sdk_7_10_00_13/source/ti/drivers/lib/gcc/m4/drivers_cc32xx.a(TimerCC32XX.c.obj) (SemaphoreP_constructBinary)
/Users/josephles/ti/simplelink_cc32xx_sdk_7_10_00_13/kernel/nortos/lib/gcc/m4/nortos_cc32xx.a(ClockPSysTick_nortos.c.obj)
                              /Users/josephles/ti/simplelink_cc32xx_sdk_7_10_00_13/kernel/nortos/lib/gcc/m4/nortos_cc32xx.a(SemaphoreP_nortos.c.obj) (ClockP_add)
/Users/josephles/ti/simplelink_cc32xx_sdk_7_10_00_13/kernel/nortos/lib/gcc/m4/nortos_cc32xx.a(HwiPCC32XX_nortos.c.obj)
                              /Users/josephles/ti/simplelink_cc32xx_sdk_7_10_00_13/kernel/nortos/lib/gcc/m4/nortos_cc32xx.a(NoRTOS.c.obj) (HwiP_enable)
/Users/josephles/ti/simplelink_cc32xx_sdk_7_10_00_13/kernel/nortos/lib/gcc/m4/nortos_cc32xx.a(PowerCC32XX_nortos.c.obj)
                              ./syscfg/ti_drivers_config.o (PowerCC32XX_initPolicy)
/Users/josephles/ti/simplelink_cc32xx_sdk_7_10_00_13/kernel/nortos/lib/gcc/m4/nortos_cc32xx.a(startup_cc32xx_gcc.c.obj)
                              (resetISR)
/Users/josephles/ti/simplelink_cc32xx_sdk_7_10_00_13/kernel/nortos/lib/gcc/m4/nortos_cc32xx.a(SwiP_nortos.c.obj)
                              /Users/josephles/ti/simplelink_cc32xx_sdk_7_10_00_13/kernel/nortos/lib/gcc/m4/nortos_cc32xx.a(PowerCC32XX_nortos.c.obj) (SwiP_disable)
/Users/josephles/ti/simplelink_cc32xx_sdk_7_10_00_13/source/ti/devices/cc32xx/driverlib/gcc/Release/driverlib.a(cpu.obj)
                              /Users/josephles/ti/simplelink_cc32xx_sdk_7_10_00_13/kernel/nortos/lib/gcc/m4/nortos_cc32xx.a(HwiPCC32XX_nortos.c.obj) (CPUprimask)
/Users/josephles/ti/simplelink_cc32xx_sdk_7_10_00_13/source/ti/devices/cc32xx/driverlib/gcc/Release/driverlib.a(gpio.obj)
                              /Users/josephles/ti/simplelink_cc32xx_sdk_7_10_00_13/source/ti/drivers/lib/gcc/m4/drivers_cc32xx.a(GPIOCC32XX.c.obj) (GPIODirModeSet)
/Users/josephles/ti/simplelink_cc32xx_sdk_7_10_00_13/source/ti/devices/cc32xx/driverlib/gcc/Release/driverlib.a(hwspinlock.obj)
                              /Users/josephles/ti/simplelink_cc32xx_sdk_7_10_00_13/source/ti/drivers/lib/gcc/m4/drivers_cc32xx.a(PowerCC32XX.c.obj) (HwSpinLockTryAcquire)
/Users/josephles/ti/simplelink_cc32xx_sdk_7_10_00_13/source/ti/devices/cc32xx/driverlib/gcc/Release/driverlib.a(interrupt.obj)
                              /Users/josephles/ti/simplelink_cc32xx_sdk_7_10_00_13/kernel/nortos/lib/gcc/m4/nortos_cc32xx.a(HwiPCC32XX_nortos.c.obj) (IntMasterEnable)
/Users/josephles/ti/simplelink_cc32xx_sdk_7_10_00_13/source/ti/devices/cc32xx/driverlib/gcc/Release/driverlib.a(pin.obj)
                              /Users/josephles/ti/simplelink_cc32xx_sdk_7_10_00_13/source/ti/drivers/lib/gcc/m4/drivers_cc32xx.a(GPIOCC32XX.c.obj) (PinModeSet)
/Users/josephles/ti/simplelink_cc32xx_sdk_7_10_00_13/source/ti/devices/cc32xx/driverlib/gcc/Release/driverlib.a(prcm.obj)
                              /Users/josephles/ti/simplelink_cc32xx_sdk_7_10_00_13/source/ti/drivers/lib/gcc/m4/drivers_cc32xx.a(PowerCC32XX.c.obj) (PRCMPeripheralClkEnable)
[...]
Memory Configuration

Name             Origin             Length             Attributes
SRAM             0x0000000020004000 0x000000000003c000 xrw
LOG_DATA         0x0000000090000000 0x0000000000040000 r
LOG_PTR          0x0000000094000008 0x0000000000040000 r
*default*        0x0000000000000000 0xffffffffffffffff

Linker script and memory map

LOAD ./gpiointerrupt.o
LOAD ./syscfg/ti_drivers_config.o
LOAD ./main_nortos.o
                0x0000000000001000                STACKSIZE = 0x1000
                0x0000000000008000                HEAP_SIZE = 0x8000
                0x0000000020004000                PROVIDE (_resetVecs_base_address = DEFINED (_resetVecs_base_address)?_resetVecs_base_address:0x20004000)

.resetVecs      0x0000000020004000       0x40
 *(.resetVecs)
 .resetVecs     0x0000000020004000       0x40 /Users/josephles/ti/simplelink_cc32xx_sdk_7_10_00_13/kernel/nortos/lib/gcc/m4/nortos_cc32xx.a(startup_cc32xx_gcc.c.obj)

.ramVecs        0x0000000020004400      0x30c
 *(.ramVecs)
 .ramVecs       0x0000000020004400      0x30c /Users/josephles/ti/simplelink_cc32xx_sdk_7_10_00_13/kernel/nortos/lib/gcc/m4/nortos_cc32xx.a(startup_cc32xx_gcc.c.obj)

.text           0x0000000020004710     0x3750
 CREATE_OBJECT_SYMBOLS
 *(.text)
 .text          0x0000000020004710       0x98 /Users/josephles/ti/simplelink_cc32xx_sdk_7_10_00_13/source/ti/drivers/lib/gcc/m4/drivers_cc32xx.a(PowerCC32XX_gcc.asm.obj)
                0x0000000020004710                PowerCC32XX_enterLPDS
                0x0000000020004754                PowerCC32XX_resumeLPDS
 .text          0x00000000200047a8       0x30 /Applications/ti/ccs1270/ccs/tools/compiler/gcc-arm-none-eabi-9-2019-q4-major/bin/../lib/gcc/arm-none-eabi/9.2.1/thumb/v7e-m/nofp/libgcc.a(_aeabi_uldivmod.o)
                0x00000000200047a8                __aeabi_uldivmod
 .text          0x00000000200047d8      0x2c0 /Applications/ti/ccs1270/ccs/tools/compiler/gcc-arm-none-eabi-9-2019-q4-major/bin/../lib/gcc/arm-none-eabi/9.2.1/thumb/v7e-m/nofp/libgcc.a(_udivmoddi4.o)
                0x00000000200047d8                __udivmoddi4
 .text          0x0000000020004a98        0x4 /Applications/ti/ccs1270/ccs/tools/compiler/gcc-arm-none-eabi-9-2019-q4-major/bin/../lib/gcc/arm-none-eabi/9.2.1/thumb/v7e-m/nofp/libgcc.a(_dvmd_tls.o)
                0x0000000020004a98                __aeabi_ldiv0
                0x0000000020004a98                __aeabi_idiv0
 *(.text.*)
 .text.gpioButtonCallback
                0x0000000020004a9c       0x1c ./gpiointerrupt.o
                0x0000000020004a9c                gpioButtonCallback
 .text.timerCallback
                0x0000000020004ab8       0xc8 ./gpiointerrupt.o
                0x0000000020004ab8                timerCallback
 .text.mainThread
                0x0000000020004b80       0xb0 ./gpiointerrupt.o
                0x0000000020004b80                mainThread
 .text.Board_initHook
                0x0000000020004c30        0x4 ./syscfg/ti_drivers_config.o
                0x0000000020004c30                Board_initHook
 .text.Board_init
                0x0000000020004c34       0x14 ./syscfg/ti_drivers_config.o
                0x0000000020004c34                Board_init
 .text.startup.main
                0x0000000020004c48       0x14 ./main_nortos.o
                0x0000000020004c48                main
 .text.GPIO_setCallback
                0x0000000020004c5c       0x1c /Users/josephles/ti/simplelink_cc32xx_sdk_7_10_00_13/source/ti/drivers/lib/gcc/m4/drivers_cc32xx.a(GPIO.c.obj)
                0x0000000020004c5c                GPIO_setCallback
 .text.GPIO_hwiIntFxn
                0x0000000020004c78       0x54 /Users/josephles/ti/simplelink_cc32xx_sdk_7_10_00_13/source/ti/drivers/lib/gcc/m4/drivers_cc32xx.a(GPIOCC32XX.c.obj)
                0x0000000020004c78                GPIO_hwiIntFxn
 .text.GPIO_enableInt
                0x0000000020004ccc       0x44 /Users/josephles/ti/simplelink_cc32xx_sdk_7_10_00_13/source/ti/drivers/lib/gcc/m4/drivers_cc32xx.a(GPIOCC32XX.c.obj)
                0x0000000020004ccc                GPIO_enableInt
 .text.GPIO_setInterruptConfig
                0x0000000020004d10       0x9c /Users/josephles/ti/simplelink_cc32xx_sdk_7_10_00_13/source/ti/drivers/lib/gcc/m4/drivers_cc32xx.a(GPIOCC32XX.c.obj)
                0x0000000020004d10                GPIO_setInterruptConfig
 .text.GPIO_setConfig
                0x0000000020004dac      0x160 /Users/josephles/ti/simplelink_cc32xx_sdk_7_10_00_13/source/ti/drivers/lib/gcc/m4/drivers_cc32xx.a(GPIOCC32XX.c.obj)
                0x0000000020004dac                GPIO_setConfig
 .text.GPIO_init
                0x0000000020004f0c       0xa0 /Users/josephles/ti/simplelink_cc32xx_sdk_7_10_00_13/source/ti/drivers/lib/gcc/m4/drivers_cc32xx.a(GPIOCC32XX.c.obj)
                0x0000000020004f0c                GPIO_init
 .text.powerNotifyFxn
                0x0000000020004fac       0x84 /Users/josephles/ti/simplelink_cc32xx_sdk_7_10_00_13/source/ti/drivers/lib/gcc/m4/drivers_cc32xx.a(GPIOCC32XX.c.obj)
 .text.GPIO_write
                0x0000000020005030       0x8c /Users/josephles/ti/simplelink_cc32xx_sdk_7_10_00_13/source/ti/drivers/lib/gcc/m4/drivers_cc32xx.a(GPIOCC32XX.c.obj)
                0x0000000020005030                GPIO_write
 .text.Power_disablePolicy
                0x00000000200050bc       0x14 /Users/josephles/ti/simplelink_cc32xx_sdk_7_10_00_13/source/ti/drivers/lib/gcc/m4/drivers_cc32xx.a(PowerCC32XX.c.obj)
                0x00000000200050bc                Power_disablePolicy
 .text.Power_enablePolicy
                0x00000000200050d0       0x10 /Users/josephles/ti/simplelink_cc32xx_sdk_7_10_00_13/source/ti/drivers/lib/gcc/m4/drivers_cc32xx.a(PowerCC32XX.c.obj)
                0x00000000200050d0                Power_enablePolicy
 .text.Power_getConstraintMask
                0x00000000200050e0        0xc /Users/josephles/ti/simplelink_cc32xx_sdk_7_10_00_13/source/ti/drivers/lib/gcc/m4/drivers_cc32xx.a(PowerCC32XX.c.obj)
                0x00000000200050e0                Power_getConstraintMask
 .text.Power_getTransitionLatency
                0x00000000200050ec       0x14 /Users/josephles/ti/simplelink_cc32xx_sdk_7_10_00_13/source/ti/drivers/lib/gcc/m4/drivers_cc32xx.a(PowerCC32XX.c.obj)
                0x00000000200050ec                Power_getTransitionLatency
 .text.Power_idleFunc
                0x0000000020005100       0x14 /Users/josephles/ti/simplelink_cc32xx_sdk_7_10_00_13/source/ti/drivers/lib/gcc/m4/drivers_cc32xx.a(PowerCC32XX.c.obj)
                0x0000000020005100                Power_idleFunc
 .text.Power_init
                0x0000000020005114       0xd8 /Users/josephles/ti/simplelink_cc32xx_sdk_7_10_00_13/source/ti/drivers/lib/gcc/m4/drivers_cc32xx.a(PowerCC32XX.c.obj)
                0x0000000020005114                Power_init
 .text.Power_registerNotify
                0x00000000200051ec       0x24 /Users/josephles/ti/simplelink_cc32xx_sdk_7_10_00_13/source/ti/drivers/lib/gcc/m4/drivers_cc32xx.a(PowerCC32XX.c.obj)
                0x00000000200051ec                Power_registerNotify
 .text.Power_releaseConstraint
                0x0000000020005210       0x4c /Users/josephles/ti/simplelink_cc32xx_sdk_7_10_00_13/source/ti/drivers/lib/gcc/m4/drivers_cc32xx.a(PowerCC32XX.c.obj)
                0x0000000020005210                Power_releaseConstraint
 .text.Power_releaseDependency
                0x000000002000525c       0x54 /Users/josephles/ti/simplelink_cc32xx_sdk_7_10_00_13/source/ti/drivers/lib/gcc/m4/drivers_cc32xx.a(PowerCC32XX.c.obj)
                0x000000002000525c                Power_releaseDependency
 .text.Power_setConstraint
                0x00000000200052b0       0x38 /Users/josephles/ti/simplelink_cc32xx_sdk_7_10_00_13/source/ti/drivers/lib/gcc/m4/drivers_cc32xx.a(PowerCC32XX.c.obj)
                0x00000000200052b0                Power_setConstraint
 .text.Power_setDependency
                0x00000000200052e8       0x78 /Users/josephles/ti/simplelink_cc32xx_sdk_7_10_00_13/source/ti/drivers/lib/gcc/m4/drivers_cc32xx.a(PowerCC32XX.c.obj)
                0x00000000200052e8                Power_setDependency
 .text.Power_sleep
                0x0000000020005360      0x554 /Users/josephles/ti/simplelink_cc32xx_sdk_7_10_00_13/source/ti/drivers/lib/gcc/m4/drivers_cc32xx.a(PowerCC32XX.c.obj)
                0x0000000020005360                Power_sleep
 .text.Power_unregisterNotify
                0x00000000200058b4       0x20 /Users/josephles/ti/simplelink_cc32xx_sdk_7_10_00_13/source/ti/drivers/lib/gcc/m4/drivers_cc32xx.a(PowerCC32XX.c.obj)
                0x00000000200058b4                Power_unregisterNotify
 .text.PowerCC32XX_setParkState
                0x00000000200058d4       0x64 /Users/josephles/ti/simplelink_cc32xx_sdk_7_10_00_13/source/ti/drivers/lib/gcc/m4/drivers_cc32xx.a(PowerCC32XX.c.obj)
                0x00000000200058d4                PowerCC32XX_setParkState
 .text.Timer_init
                0x0000000020005938        0x4 /Users/josephles/ti/simplelink_cc32xx_sdk_7_10_00_13/source/ti/drivers/lib/gcc/m4/drivers_cc32xx.a(Timer.c.obj)
                0x0000000020005938                Timer_init
 .text.Timer_Params_init
                0x000000002000593c       0x10 /Users/josephles/ti/simplelink_cc32xx_sdk_7_10_00_13/source/ti/drivers/lib/gcc/m4/drivers_cc32xx.a(Timer.c.obj)
                0x000000002000593c                Timer_Params_init
 .text.Timer_start
                0x000000002000594c       0x48 /Users/josephles/ti/simplelink_cc32xx_sdk_7_10_00_13/source/ti/drivers/lib/gcc/m4/drivers_cc32xx.a(Timer.c.obj)
                0x000000002000594c                Timer_start
 .text.Timer_stop
                0x0000000020005994       0x44 /Users/josephles/ti/simplelink_cc32xx_sdk_7_10_00_13/source/ti/drivers/lib/gcc/m4/drivers_cc32xx.a(Timer.c.obj)
                0x0000000020005994                Timer_stop
 .text.TimerCC32XX_hwiIntFunction
                0x00000000200059d8       0x38 /Users/josephles/ti/simplelink_cc32xx_sdk_7_10_00_13/source/ti/drivers/lib/gcc/m4/drivers_cc32xx.a(TimerCC32XX.c.obj)
 .text.postNotifyFxn
                0x0000000020005a10       0x58 /Users/josephles/ti/simplelink_cc32xx_sdk_7_10_00_13/source/ti/drivers/lib/gcc/m4/drivers_cc32xx.a(TimerCC32XX.c.obj)
 .text.Timer_close
                0x0000000020005a68       0xb4 /Users/josephles/ti/simplelink_cc32xx_sdk_7_10_00_13/source/ti/drivers/lib/gcc/m4/drivers_cc32xx.a(TimerCC32XX.c.obj)
                0x0000000020005a68                Timer_close
 .text.Timer_open
                0x0000000020005b1c      0x284 /Users/josephles/ti/simplelink_cc32xx_sdk_7_10_00_13/source/ti/drivers/lib/gcc/m4/drivers_cc32xx.a(TimerCC32XX.c.obj)
                0x0000000020005b1c                Timer_open
 .text.TimerSupport_timerDisable
                0x0000000020005da0       0x28 /Users/josephles/ti/simplelink_cc32xx_sdk_7_10_00_13/source/ti/drivers/lib/gcc/m4/drivers_cc32xx.a(TimerCC32XX.c.obj)
                0x0000000020005da0                TimerSupport_timerDisable
 .text.TimerSupport_timerEnable
                0x0000000020005dc8       0x50 /Users/josephles/ti/simplelink_cc32xx_sdk_7_10_00_13/source/ti/drivers/lib/gcc/m4/drivers_cc32xx.a(TimerCC32XX.c.obj)
                0x0000000020005dc8                TimerSupport_timerEnable
 .text.List_put
                0x0000000020005e18       0x2c /Users/josephles/ti/simplelink_cc32xx_sdk_7_10_00_13/source/ti/drivers/lib/gcc/m4/drivers_cc32xx.a(List.c.obj)
                0x0000000020005e18                List_put
 .text.List_remove
                0x0000000020005e44       0x30 /Users/josephles/ti/simplelink_cc32xx_sdk_7_10_00_13/source/ti/drivers/lib/gcc/m4/drivers_cc32xx.a(List.c.obj)
                0x0000000020005e44                List_remove
 .text.NoRTOS_start
                0x0000000020005e74        0x4 /Users/josephles/ti/simplelink_cc32xx_sdk_7_10_00_13/kernel/nortos/lib/gcc/m4/nortos_cc32xx.a(NoRTOS.c.obj)
                0x0000000020005e74                NoRTOS_start
 .text.clkFxn   0x0000000020005e78        0x4 /Users/josephles/ti/simplelink_cc32xx_sdk_7_10_00_13/kernel/nortos/lib/gcc/m4/nortos_cc32xx.a(SemaphoreP_nortos.c.obj)
                0x0000000020005e78                clkFxn
 .text.SemaphoreP_constructBinary
                0x0000000020005e7c       0x3c /Users/josephles/ti/simplelink_cc32xx_sdk_7_10_00_13/kernel/nortos/lib/gcc/m4/nortos_cc32xx.a(SemaphoreP_nortos.c.obj)
                0x0000000020005e7c                SemaphoreP_constructBinary
 .text.SemaphoreP_createBinary
                0x0000000020005eb8       0x40 /Users/josephles/ti/simplelink_cc32xx_sdk_7_10_00_13/kernel/nortos/lib/gcc/m4/nortos_cc32xx.a(SemaphoreP_nortos.c.obj)
                0x0000000020005eb8                SemaphoreP_createBinary
 .text.SemaphoreP_destruct
                0x0000000020005ef8        0x4 /Users/josephles/ti/simplelink_cc32xx_sdk_7_10_00_13/kernel/nortos/lib/gcc/m4/nortos_cc32xx.a(SemaphoreP_nortos.c.obj)
                0x0000000020005ef8                SemaphoreP_destruct
 .text.SemaphoreP_delete
                0x0000000020005efc        0x4 /Users/josephles/ti/simplelink_cc32xx_sdk_7_10_00_13/kernel/nortos/lib/gcc/m4/nortos_cc32xx.a(SemaphoreP_nortos.c.obj)
                0x0000000020005efc                SemaphoreP_delete
 .text.SemaphoreP_pend
                0x0000000020005f00       0xfc /Users/josephles/ti/simplelink_cc32xx_sdk_7_10_00_13/kernel/nortos/lib/gcc/m4/nortos_cc32xx.a(SemaphoreP_nortos.c.obj)
                0x0000000020005f00                SemaphoreP_pend
 .text.SemaphoreP_post
                0x0000000020005ffc       0x44 /Users/josephles/ti/simplelink_cc32xx_sdk_7_10_00_13/kernel/nortos/lib/gcc/m4/nortos_cc32xx.a(SemaphoreP_nortos.c.obj)
                0x0000000020005ffc                SemaphoreP_post
 .text.ClockP_sysTickHandler
                0x0000000020006040       0x7c /Users/josephles/ti/simplelink_cc32xx_sdk_7_10_00_13/kernel/nortos/lib/gcc/m4/nortos_cc32xx.a(ClockPSysTick_nortos.c.obj)
                0x0000000020006040                ClockP_sysTickHandler
 .text.ClockP_add
                0x00000000200060bc       0x14 /Users/josephles/ti/simplelink_cc32xx_sdk_7_10_00_13/kernel/nortos/lib/gcc/m4/nortos_cc32xx.a(ClockPSysTick_nortos.c.obj)
                0x00000000200060bc                ClockP_add
 .text.ClockP_destruct
                0x00000000200060d0       0x44 /Users/josephles/ti/simplelink_cc32xx_sdk_7_10_00_13/kernel/nortos/lib/gcc/m4/nortos_cc32xx.a(ClockPSysTick_nortos.c.obj)
                0x00000000200060d0                ClockP_destruct
 .text.ClockP_doTick
                0x0000000020006114        0x4 /Users/josephles/ti/simplelink_cc32xx_sdk_7_10_00_13/kernel/nortos/lib/gcc/m4/nortos_cc32xx.a(ClockPSysTick_nortos.c.obj)
                0x0000000020006114                ClockP_doTick
 .text.ClockP_getCpuFreq
                0x0000000020006118       0x10 /Users/josephles/ti/simplelink_cc32xx_sdk_7_10_00_13/kernel/nortos/lib/gcc/m4/nortos_cc32xx.a(ClockPSysTick_nortos.c.obj)
                0x0000000020006118                ClockP_getCpuFreq
 .text.ClockP_getSystemTicks
                0x0000000020006128       0x70 /Users/josephles/ti/simplelink_cc32xx_sdk_7_10_00_13/kernel/nortos/lib/gcc/m4/nortos_cc32xx.a(ClockPSysTick_nortos.c.obj)
                0x0000000020006128                ClockP_getSystemTicks
 .text.ClockP_getTicksUntilInterrupt
                0x0000000020006198       0x40 /Users/josephles/ti/simplelink_cc32xx_sdk_7_10_00_13/kernel/nortos/lib/gcc/m4/nortos_cc32xx.a(ClockPSysTick_nortos.c.obj)
                0x0000000020006198                ClockP_getTicksUntilInterrupt
 .text.ClockP_isActive
                0x00000000200061d8        0xc /Users/josephles/ti/simplelink_cc32xx_sdk_7_10_00_13/kernel/nortos/lib/gcc/m4/nortos_cc32xx.a(ClockPSysTick_nortos.c.obj)
                0x00000000200061d8                ClockP_isActive
 .text.ClockP_setTicks
                0x00000000200061e4       0x10 /Users/josephles/ti/simplelink_cc32xx_sdk_7_10_00_13/kernel/nortos/lib/gcc/m4/nortos_cc32xx.a(ClockPSysTick_nortos.c.obj)
                0x00000000200061e4                ClockP_setTicks
 .text.ClockP_start
                0x00000000200061f4       0xa8 /Users/josephles/ti/simplelink_cc32xx_sdk_7_10_00_13/kernel/nortos/lib/gcc/m4/nortos_cc32xx.a(ClockPSysTick_nortos.c.obj)
                0x00000000200061f4                ClockP_start
 .text.ClockP_startup
                0x000000002000629c       0x68 /Users/josephles/ti/simplelink_cc32xx_sdk_7_10_00_13/kernel/nortos/lib/gcc/m4/nortos_cc32xx.a(ClockPSysTick_nortos.c.obj)
                0x000000002000629c                ClockP_startup
 .text.HwiP_dispatch
                0x0000000020006304       0x1c /Users/josephles/ti/simplelink_cc32xx_sdk_7_10_00_13/kernel/nortos/lib/gcc/m4/nortos_cc32xx.a(HwiPCC32XX_nortos.c.obj)
                0x0000000020006304                HwiP_dispatch
 .text.HwiP_enable
                0x0000000020006320        0x4 /Users/josephles/ti/simplelink_cc32xx_sdk_7_10_00_13/kernel/nortos/lib/gcc/m4/nortos_cc32xx.a(HwiPCC32XX_nortos.c.obj)
                0x0000000020006320                HwiP_enable
 .text.HwiP_disable
                0x0000000020006324        0x8 /Users/josephles/ti/simplelink_cc32xx_sdk_7_10_00_13/kernel/nortos/lib/gcc/m4/nortos_cc32xx.a(HwiPCC32XX_nortos.c.obj)
                0x0000000020006324                HwiP_disable
 .text.HwiP_restore
                0x000000002000632c        0x8 /Users/josephles/ti/simplelink_cc32xx_sdk_7_10_00_13/kernel/nortos/lib/gcc/m4/nortos_cc32xx.a(HwiPCC32XX_nortos.c.obj)
                0x000000002000632c                HwiP_restore
 .text.HwiP_clearInterrupt
                0x0000000020006334        0x4 /Users/josephles/ti/simplelink_cc32xx_sdk_7_10_00_13/kernel/nortos/lib/gcc/m4/nortos_cc32xx.a(HwiPCC32XX_nortos.c.obj)
                0x0000000020006334                HwiP_clearInterrupt
 .text.HwiP_delete
                0x0000000020006338       0x1c /Users/josephles/ti/simplelink_cc32xx_sdk_7_10_00_13/kernel/nortos/lib/gcc/m4/nortos_cc32xx.a(HwiPCC32XX_nortos.c.obj)
                0x0000000020006338                HwiP_delete
 .text.HwiP_create
                0x0000000020006354       0x90 /Users/josephles/ti/simplelink_cc32xx_sdk_7_10_00_13/kernel/nortos/lib/gcc/m4/nortos_cc32xx.a(HwiPCC32XX_nortos.c.obj)
                0x0000000020006354                HwiP_create
 .text.HwiP_Params_init
                0x00000000200063e4       0x14 /Users/josephles/ti/simplelink_cc32xx_sdk_7_10_00_13/kernel/nortos/lib/gcc/m4/nortos_cc32xx.a(HwiPCC32XX_nortos.c.obj)
                0x00000000200063e4                HwiP_Params_init
 .text.HwiP_post
                0x00000000200063f8        0x4 /Users/josephles/ti/simplelink_cc32xx_sdk_7_10_00_13/kernel/nortos/lib/gcc/m4/nortos_cc32xx.a(HwiPCC32XX_nortos.c.obj)
                0x00000000200063f8                HwiP_post
 .text.HwiP_inISR
                0x00000000200063fc       0x10 /Users/josephles/ti/simplelink_cc32xx_sdk_7_10_00_13/kernel/nortos/lib/gcc/m4/nortos_cc32xx.a(HwiPCC32XX_nortos.c.obj)
                0x00000000200063fc                HwiP_inISR
 .text.PowerCC32XX_initPolicy
                0x000000002000640c        0x4 /Users/josephles/ti/simplelink_cc32xx_sdk_7_10_00_13/kernel/nortos/lib/gcc/m4/nortos_cc32xx.a(PowerCC32XX_nortos.c.obj)
                0x000000002000640c                PowerCC32XX_initPolicy
 .text.PowerCC32XX_sleepPolicy
                0x0000000020006410      0x220 /Users/josephles/ti/simplelink_cc32xx_sdk_7_10_00_13/kernel/nortos/lib/gcc/m4/nortos_cc32xx.a(PowerCC32XX_nortos.c.obj)
                0x0000000020006410                PowerCC32XX_sleepPolicy
 .text.nmiISR   0x0000000020006630        0x4 /Users/josephles/ti/simplelink_cc32xx_sdk_7_10_00_13/kernel/nortos/lib/gcc/m4/nortos_cc32xx.a(startup_cc32xx_gcc.c.obj)
 .text.faultISR
                0x0000000020006634        0x4 /Users/josephles/ti/simplelink_cc32xx_sdk_7_10_00_13/kernel/nortos/lib/gcc/m4/nortos_cc32xx.a(startup_cc32xx_gcc.c.obj)
 .text.busFaultHandler
                0x0000000020006638        0x4 /Users/josephles/ti/simplelink_cc32xx_sdk_7_10_00_13/kernel/nortos/lib/gcc/m4/nortos_cc32xx.a(startup_cc32xx_gcc.c.obj)
 .text.defaultHandler
                0x000000002000663c        0x4 /Users/josephles/ti/simplelink_cc32xx_sdk_7_10_00_13/kernel/nortos/lib/gcc/m4/nortos_cc32xx.a(startup_cc32xx_gcc.c.obj)
 .text.resetISR
                0x0000000020006640       0x14 /Users/josephles/ti/simplelink_cc32xx_sdk_7_10_00_13/kernel/nortos/lib/gcc/m4/nortos_cc32xx.a(startup_cc32xx_gcc.c.obj)
                0x0000000020006640                resetISR
 .text.localProgramStart
                0x0000000020006654       0xc4 /Users/josephles/ti/simplelink_cc32xx_sdk_7_10_00_13/kernel/nortos/lib/gcc/m4/nortos_cc32xx.a(startup_cc32xx_gcc.c.obj)
                0x0000000020006654                localProgramStart
 .text._fini    0x0000000020006718        0x4 /Users/josephles/ti/simplelink_cc32xx_sdk_7_10_00_13/kernel/nortos/lib/gcc/m4/nortos_cc32xx.a(startup_cc32xx_gcc.c.obj)
                0x0000000020006718                _fini
 .text.SwiP_disable
                0x000000002000671c       0x1c /Users/josephles/ti/simplelink_cc32xx_sdk_7_10_00_13/kernel/nortos/lib/gcc/m4/nortos_cc32xx.a(SwiP_nortos.c.obj)
                0x000000002000671c                SwiP_disable
 .text.SwiP_restore
                0x0000000020006738       0x48 /Users/josephles/ti/simplelink_cc32xx_sdk_7_10_00_13/kernel/nortos/lib/gcc/m4/nortos_cc32xx.a(SwiP_nortos.c.obj)
                0x0000000020006738                SwiP_restore
 .text.CPUcpsid
                0x0000000020006780       0x16 /Users/josephles/ti/simplelink_cc32xx_sdk_7_10_00_13/source/ti/devices/cc32xx/driverlib/gcc/Release/driverlib.a(cpu.obj)
                0x0000000020006780                CPUcpsid
 .text.CPUcpsie
                0x0000000020006796       0x16 /Users/josephles/ti/simplelink_cc32xx_sdk_7_10_00_13/source/ti/devices/cc32xx/driverlib/gcc/Release/driverlib.a(cpu.obj)
                0x0000000020006796                CPUcpsie
 .text.CPUwfi   0x00000000200067ac        0xe /Users/josephles/ti/simplelink_cc32xx_sdk_7_10_00_13/source/ti/devices/cc32xx/driverlib/gcc/Release/driverlib.a(cpu.obj)
                0x00000000200067ac                CPUwfi
 .text.GPIODirModeSet
                0x00000000200067ba       0x46 /Users/josephles/ti/simplelink_cc32xx_sdk_7_10_00_13/source/ti/devices/cc32xx/driverlib/gcc/Release/driverlib.a(gpio.obj)
                0x00000000200067ba                GPIODirModeSet
 .text.GPIOIntTypeSet
                0x0000000020006800       0xa2 /Users/josephles/ti/simplelink_cc32xx_sdk_7_10_00_13/source/ti/devices/cc32xx/driverlib/gcc/Release/driverlib.a(gpio.obj)
                0x0000000020006800                GPIOIntTypeSet
 .text.GPIOIntEnable
                0x00000000200068a2       0x2a /Users/josephles/ti/simplelink_cc32xx_sdk_7_10_00_13/source/ti/devices/cc32xx/driverlib/gcc/Release/driverlib.a(gpio.obj)
                0x00000000200068a2                GPIOIntEnable
 .text.GPIOIntDisable
                0x00000000200068cc       0x2a /Users/josephles/ti/simplelink_cc32xx_sdk_7_10_00_13/source/ti/devices/cc32xx/driverlib/gcc/Release/driverlib.a(gpio.obj)
                0x00000000200068cc                GPIOIntDisable
 .text.GPIOIntStatus
                0x00000000200068f6       0x2e /Users/josephles/ti/simplelink_cc32xx_sdk_7_10_00_13/source/ti/devices/cc32xx/driverlib/gcc/Release/driverlib.a(gpio.obj)
                0x00000000200068f6                GPIOIntStatus
 .text.GPIOIntClear
                0x0000000020006924       0x20 /Users/josephles/ti/simplelink_cc32xx_sdk_7_10_00_13/source/ti/devices/cc32xx/driverlib/gcc/Release/driverlib.a(gpio.obj)
                0x0000000020006924                GPIOIntClear
 .text.GPIOPinWrite
                0x0000000020006944       0x2a /Users/josephles/ti/simplelink_cc32xx_sdk_7_10_00_13/source/ti/devices/cc32xx/driverlib/gcc/Release/driverlib.a(gpio.obj)
                0x0000000020006944                GPIOPinWrite
 .text.IntDefaultHandler
                0x000000002000696e        0x6 /Users/josephles/ti/simplelink_cc32xx_sdk_7_10_00_13/source/ti/devices/cc32xx/driverlib/gcc/Release/driverlib.a(interrupt.obj)
 .text.IntMasterEnable
                0x0000000020006974       0x10 /Users/josephles/ti/simplelink_cc32xx_sdk_7_10_00_13/source/ti/devices/cc32xx/driverlib/gcc/Release/driverlib.a(interrupt.obj)
                0x0000000020006974                IntMasterEnable
 .text.IntMasterDisable
                0x0000000020006984       0x10 /Users/josephles/ti/simplelink_cc32xx_sdk_7_10_00_13/source/ti/devices/cc32xx/driverlib/gcc/Release/driverlib.a(interrupt.obj)
                0x0000000020006984                IntMasterDisable
 .text.IntVTableBaseSet
                0x0000000020006994       0x1c /Users/josephles/ti/simplelink_cc32xx_sdk_7_10_00_13/source/ti/devices/cc32xx/driverlib/gcc/Release/driverlib.a(interrupt.obj)
                0x0000000020006994                IntVTableBaseSet
 .text.IntRegister
                0x00000000200069b0       0x2c /Users/josephles/ti/simplelink_cc32xx_sdk_7_10_00_13/source/ti/devices/cc32xx/driverlib/gcc/Release/driverlib.a(interrupt.obj)
                0x00000000200069b0                IntRegister
 .text.IntUnregister
                0x00000000200069dc       0x2c /Users/josephles/ti/simplelink_cc32xx_sdk_7_10_00_13/source/ti/devices/cc32xx/driverlib/gcc/Release/driverlib.a(interrupt.obj)
                0x00000000200069dc                IntUnregister
 .text.IntPrioritySet
                0x0000000020006a08       0x68 /Users/josephles/ti/simplelink_cc32xx_sdk_7_10_00_13/source/ti/devices/cc32xx/driverlib/gcc/Release/driverlib.a(interrupt.obj)
                0x0000000020006a08                IntPrioritySet
 .text.IntEnable
                0x0000000020006a70       0xbc /Users/josephles/ti/simplelink_cc32xx_sdk_7_10_00_13/source/ti/devices/cc32xx/driverlib/gcc/Release/driverlib.a(interrupt.obj)
                0x0000000020006a70                IntEnable
 .text.IntDisable
                0x0000000020006b2c       0xbc /Users/josephles/ti/simplelink_cc32xx_sdk_7_10_00_13/source/ti/devices/cc32xx/driverlib/gcc/Release/driverlib.a(interrupt.obj)
                0x0000000020006b2c                IntDisable
 .text.IntPendSet
                0x0000000020006be8       0x9c /Users/josephles/ti/simplelink_cc32xx_sdk_7_10_00_13/source/ti/devices/cc32xx/driverlib/gcc/Release/driverlib.a(interrupt.obj)
                0x0000000020006be8                IntPendSet
 .text.IntPendClear
                0x0000000020006c84       0x68 /Users/josephles/ti/simplelink_cc32xx_sdk_7_10_00_13/source/ti/devices/cc32xx/driverlib/gcc/Release/driverlib.a(interrupt.obj)
                0x0000000020006c84                IntPendClear
 .text.PinModeSet
                0x0000000020006cec       0x48 /Users/josephles/ti/simplelink_cc32xx_sdk_7_10_00_13/source/ti/devices/cc32xx/driverlib/gcc/Release/driverlib.a(pin.obj)
                0x0000000020006cec                PinModeSet
 .text.PinModeGet
                0x0000000020006d34       0x3c /Users/josephles/ti/simplelink_cc32xx_sdk_7_10_00_13/source/ti/devices/cc32xx/driverlib/gcc/Release/driverlib.a(pin.obj)
                0x0000000020006d34                PinModeGet
 .text.PinDirModeSet
                0x0000000020006d70       0x44 /Users/josephles/ti/simplelink_cc32xx_sdk_7_10_00_13/source/ti/devices/cc32xx/driverlib/gcc/Release/driverlib.a(pin.obj)
                0x0000000020006d70                PinDirModeSet
 .text.PinDirModeGet
                0x0000000020006db4       0x3c /Users/josephles/ti/simplelink_cc32xx_sdk_7_10_00_13/source/ti/devices/cc32xx/driverlib/gcc/Release/driverlib.a(pin.obj)
                0x0000000020006db4                PinDirModeGet
 .text.PinConfigGet
                0x0000000020006df0       0x50 /Users/josephles/ti/simplelink_cc32xx_sdk_7_10_00_13/source/ti/devices/cc32xx/driverlib/gcc/Release/driverlib.a(pin.obj)
                0x0000000020006df0                PinConfigGet
 .text.PinConfigSet
                0x0000000020006e40       0x9c /Users/josephles/ti/simplelink_cc32xx_sdk_7_10_00_13/source/ti/devices/cc32xx/driverlib/gcc/Release/driverlib.a(pin.obj)
                0x0000000020006e40                PinConfigSet
 .text.PinLockLevelSet
                0x0000000020006edc       0x68 /Users/josephles/ti/simplelink_cc32xx_sdk_7_10_00_13/source/ti/devices/cc32xx/driverlib/gcc/Release/driverlib.a(pin.obj)
                0x0000000020006edc                PinLockLevelSet
 .text.PinLock  0x0000000020006f44       0x40 /Users/josephles/ti/simplelink_cc32xx_sdk_7_10_00_13/source/ti/devices/cc32xx/driverlib/gcc/Release/driverlib.a(pin.obj)
                0x0000000020006f44                PinLock
 .text.PinUnlock
                0x0000000020006f84       0x2c /Users/josephles/ti/simplelink_cc32xx_sdk_7_10_00_13/source/ti/devices/cc32xx/driverlib/gcc/Release/driverlib.a(pin.obj)
                0x0000000020006f84                PinUnlock
 .text.PinToPadGet
                0x0000000020006fb0       0x24 /Users/josephles/ti/simplelink_cc32xx_sdk_7_10_00_13/source/ti/devices/cc32xx/driverlib/gcc/Release/driverlib.a(pin.obj)
                0x0000000020006fb0                PinToPadGet
 .text.PRCMSysResetCauseGet
                0x0000000020006fd4       0x78 /Users/josephles/ti/simplelink_cc32xx_sdk_7_10_00_13/source/ti/devices/cc32xx/driverlib/gcc/Release/driverlib.a(prcm.obj)
                0x0000000020006fd4                PRCMSysResetCauseGet
 .text.PRCMPeripheralClkEnable
                0x000000002000704c       0x6c /Users/josephles/ti/simplelink_cc32xx_sdk_7_10_00_13/source/ti/devices/cc32xx/driverlib/gcc/Release/driverlib.a(prcm.obj)
                0x000000002000704c                PRCMPeripheralClkEnable
 .text.PRCMPeripheralClkDisable
                0x00000000200070b8       0x48 /Users/josephles/ti/simplelink_cc32xx_sdk_7_10_00_13/source/ti/devices/cc32xx/driverlib/gcc/Release/driverlib.a(prcm.obj)
                0x00000000200070b8                PRCMPeripheralClkDisable
 .text.PRCMPeripheralReset
                0x0000000020007100       0x8c /Users/josephles/ti/simplelink_cc32xx_sdk_7_10_00_13/source/ti/devices/cc32xx/driverlib/gcc/Release/driverlib.a(prcm.obj)
                0x0000000020007100                PRCMPeripheralReset
 .text.PRCMPeripheralStatusGet
                0x000000002000718c       0x40 /Users/josephles/ti/simplelink_cc32xx_sdk_7_10_00_13/source/ti/devices/cc32xx/driverlib/gcc/Release/driverlib.a(prcm.obj)
                0x000000002000718c                PRCMPeripheralStatusGet
 .text.PRCMLPDSRestoreInfoSet
                0x00000000200071cc       0x50 /Users/josephles/ti/simplelink_cc32xx_sdk_7_10_00_13/source/ti/devices/cc32xx/driverlib/gcc/Release/driverlib.a(prcm.obj)
                0x00000000200071cc                PRCMLPDSRestoreInfoSet
 .text.PRCMLPDSEnter
                0x000000002000721c       0x50 /Users/josephles/ti/simplelink_cc32xx_sdk_7_10_00_13/source/ti/devices/cc32xx/driverlib/gcc/Release/driverlib.a(prcm.obj)
                0x000000002000721c                PRCMLPDSEnter
 .text.PRCMLPDSEnterKeepDebugIf
                0x000000002000726c       0x40 /Users/josephles/ti/simplelink_cc32xx_sdk_7_10_00_13/source/ti/devices/cc32xx/driverlib/gcc/Release/driverlib.a(prcm.obj)
                0x000000002000726c                PRCMLPDSEnterKeepDebugIf
 .text.PRCMLPDSWakeupSourceEnable
                0x00000000200072ac       0x30 /Users/josephles/ti/simplelink_cc32xx_sdk_7_10_00_13/source/ti/devices/cc32xx/driverlib/gcc/Release/driverlib.a(prcm.obj)
                0x00000000200072ac                PRCMLPDSWakeupSourceEnable
 .text.PRCMLPDSWakeupSourceDisable
                0x00000000200072dc       0x24 /Users/josephles/ti/simplelink_cc32xx_sdk_7_10_00_13/source/ti/devices/cc32xx/driverlib/gcc/Release/driverlib.a(prcm.obj)
                0x00000000200072dc                PRCMLPDSWakeupSourceDisable
 .text.PRCMLPDSWakeupCauseGet
                0x0000000020007300       0x14 /Users/josephles/ti/simplelink_cc32xx_sdk_7_10_00_13/source/ti/devices/cc32xx/driverlib/gcc/Release/driverlib.a(prcm.obj)
                0x0000000020007300                PRCMLPDSWakeupCauseGet
 .text.PRCMLPDSIntervalSet
                0x0000000020007314       0x34 /Users/josephles/ti/simplelink_cc32xx_sdk_7_10_00_13/source/ti/devices/cc32xx/driverlib/gcc/Release/driverlib.a(prcm.obj)
                0x0000000020007314                PRCMLPDSIntervalSet
 .text.PRCMLPDSWakeUpGPIOSelect
                0x0000000020007348       0x2c /Users/josephles/ti/simplelink_cc32xx_sdk_7_10_00_13/source/ti/devices/cc32xx/driverlib/gcc/Release/driverlib.a(prcm.obj)
                0x0000000020007348                PRCMLPDSWakeUpGPIOSelect
 .text.PRCMSleepEnter
                0x0000000020007374        0xc /Users/josephles/ti/simplelink_cc32xx_sdk_7_10_00_13/source/ti/devices/cc32xx/driverlib/gcc/Release/driverlib.a(prcm.obj)
                0x0000000020007374                PRCMSleepEnter
 .text.PRCMSRAMRetentionEnable
                0x0000000020007380       0x2c /Users/josephles/ti/simplelink_cc32xx_sdk_7_10_00_13/source/ti/devices/cc32xx/driverlib/gcc/Release/driverlib.a(prcm.obj)
                0x0000000020007380                PRCMSRAMRetentionEnable
 .text.PRCMHibernateWakeupSourceEnable
                0x00000000200073ac       0x50 /Users/josephles/ti/simplelink_cc32xx_sdk_7_10_00_13/source/ti/devices/cc32xx/driverlib/gcc/Release/driverlib.a(prcm.obj)
                0x00000000200073ac                PRCMHibernateWakeupSourceEnable
 .text.PRCMHibernateWakeupSourceDisable
                0x00000000200073fc       0x54 /Users/josephles/ti/simplelink_cc32xx_sdk_7_10_00_13/source/ti/devices/cc32xx/driverlib/gcc/Release/driverlib.a(prcm.obj)
                0x00000000200073fc                PRCMHibernateWakeupSourceDisable
 .text.PRCMHibernateWakeUpGPIOSelect
                0x0000000020007450       0x74 /Users/josephles/ti/simplelink_cc32xx_sdk_7_10_00_13/source/ti/devices/cc32xx/driverlib/gcc/Release/driverlib.a(prcm.obj)
                0x0000000020007450                PRCMHibernateWakeUpGPIOSelect
 .text.PRCMSlowClkCtrFastGet
                0x00000000200074c4       0x5c /Users/josephles/ti/simplelink_cc32xx_sdk_7_10_00_13/source/ti/devices/cc32xx/driverlib/gcc/Release/driverlib.a(prcm.obj)
                0x00000000200074c4                PRCMSlowClkCtrFastGet
 .text.PRCMIntEnable
                0x0000000020007520       0x48 /Users/josephles/ti/simplelink_cc32xx_sdk_7_10_00_13/source/ti/devices/cc32xx/driverlib/gcc/Release/driverlib.a(prcm.obj)
                0x0000000020007520                PRCMIntEnable
 .text.PRCMCC3200MCUInit
                0x0000000020007568      0x478 /Users/josephles/ti/simplelink_cc32xx_sdk_7_10_00_13/source/ti/devices/cc32xx/driverlib/gcc/Release/driverlib.a(prcm.obj)
                0x0000000020007568                PRCMCC3200MCUInit
 .text.PRCMHIBRegRead
                0x00000000200079e0       0x20 /Users/josephles/ti/simplelink_cc32xx_sdk_7_10_00_13/source/ti/devices/cc32xx/driverlib/gcc/Release/driverlib.a(prcm.obj)
                0x00000000200079e0                PRCMHIBRegRead
 .text.PRCMHIBRegWrite
                0x0000000020007a00       0x20 /Users/josephles/ti/simplelink_cc32xx_sdk_7_10_00_13/source/ti/devices/cc32xx/driverlib/gcc/Release/driverlib.a(prcm.obj)
                0x0000000020007a00                PRCMHIBRegWrite
 .text.SysTickEnable
                0x0000000020007a20       0x1c /Users/josephles/ti/simplelink_cc32xx_sdk_7_10_00_13/source/ti/devices/cc32xx/driverlib/gcc/Release/driverlib.a(systick.obj)
                0x0000000020007a20                SysTickEnable
 .text.SysTickIntEnable
                0x0000000020007a3c       0x1c /Users/josephles/ti/simplelink_cc32xx_sdk_7_10_00_13/source/ti/devices/cc32xx/driverlib/gcc/Release/driverlib.a(systick.obj)
                0x0000000020007a3c                SysTickIntEnable
 .text.SysTickIntDisable
                0x0000000020007a58       0x1c /Users/josephles/ti/simplelink_cc32xx_sdk_7_10_00_13/source/ti/devices/cc32xx/driverlib/gcc/Release/driverlib.a(systick.obj)
                0x0000000020007a58                SysTickIntDisable
 .text.SysTickPeriodSet
                0x0000000020007a74       0x20 /Users/josephles/ti/simplelink_cc32xx_sdk_7_10_00_13/source/ti/devices/cc32xx/driverlib/gcc/Release/driverlib.a(systick.obj)
                0x0000000020007a74                SysTickPeriodSet
 .text.TimerEnable
                0x0000000020007a94       0x2a /Users/josephles/ti/simplelink_cc32xx_sdk_7_10_00_13/source/ti/devices/cc32xx/driverlib/gcc/Release/driverlib.a(timer.obj)
                0x0000000020007a94                TimerEnable
 .text.TimerDisable
                0x0000000020007abe       0x2c /Users/josephles/ti/simplelink_cc32xx_sdk_7_10_00_13/source/ti/devices/cc32xx/driverlib/gcc/Release/driverlib.a(timer.obj)
                0x0000000020007abe                TimerDisable
 .text.TimerControlStall
                0x0000000020007aea       0x46 /Users/josephles/ti/simplelink_cc32xx_sdk_7_10_00_13/source/ti/devices/cc32xx/driverlib/gcc/Release/driverlib.a(timer.obj)
                0x0000000020007aea                TimerControlStall
 .text.TimerPrescaleSet
                0x0000000020007b30       0x3c /Users/josephles/ti/simplelink_cc32xx_sdk_7_10_00_13/source/ti/devices/cc32xx/driverlib/gcc/Release/driverlib.a(timer.obj)
                0x0000000020007b30                TimerPrescaleSet
 .text.TimerLoadSet
                0x0000000020007b6c       0x3c /Users/josephles/ti/simplelink_cc32xx_sdk_7_10_00_13/source/ti/devices/cc32xx/driverlib/gcc/Release/driverlib.a(timer.obj)
                0x0000000020007b6c                TimerLoadSet
 .text.TimerIntEnable
                0x0000000020007ba8       0x26 /Users/josephles/ti/simplelink_cc32xx_sdk_7_10_00_13/source/ti/devices/cc32xx/driverlib/gcc/Release/driverlib.a(timer.obj)
                0x0000000020007ba8                TimerIntEnable
 .text.TimerIntDisable
                0x0000000020007bce       0x26 /Users/josephles/ti/simplelink_cc32xx_sdk_7_10_00_13/source/ti/devices/cc32xx/driverlib/gcc/Release/driverlib.a(timer.obj)
                0x0000000020007bce                TimerIntDisable
 .text.TimerIntClear
                0x0000000020007bf4       0x1e /Users/josephles/ti/simplelink_cc32xx_sdk_7_10_00_13/source/ti/devices/cc32xx/driverlib/gcc/Release/driverlib.a(timer.obj)
                0x0000000020007bf4                TimerIntClear
 .text.UtilsDelay
                0x0000000020007c12        0xa /Users/josephles/ti/simplelink_cc32xx_sdk_7_10_00_13/source/ti/devices/cc32xx/driverlib/gcc/Release/driverlib.a(utils.obj)
                0x0000000020007c12                UtilsDelay
 .text.FlashDisable
                0x0000000020007c1c       0x50 /Users/josephles/ti/simplelink_cc32xx_sdk_7_10_00_13/source/ti/devices/cc32xx/driverlib/gcc/Release/driverlib.a(flash.obj)
                0x0000000020007c1c                FlashDisable
 .text.malloc   0x0000000020007c6c       0x10 /Applications/ti/ccs1270/ccs/tools/compiler/gcc-arm-none-eabi-9-2019-q4-major/arm-none-eabi/lib/thumb/v7e-m/nofp/libc_nano.a(lib_a-malloc.o)
                0x0000000020007c6c                malloc
 .text.free     0x0000000020007c7c       0x10 /Applications/ti/ccs1270/ccs/tools/compiler/gcc-arm-none-eabi-9-2019-q4-major/arm-none-eabi/lib/thumb/v7e-m/nofp/libc_nano.a(lib_a-malloc.o)
                0x0000000020007c7c                free
 .text.memcpy   0x0000000020007c8c       0x1c /Applications/ti/ccs1270/ccs/tools/compiler/gcc-arm-none-eabi-9-2019-q4-major/arm-none-eabi/lib/thumb/v7e-m/nofp/libc_nano.a(lib_a-memcpy-stub.o)
                0x0000000020007c8c                memcpy
 .text.memset   0x0000000020007ca8       0x10 /Applications/ti/ccs1270/ccs/tools/compiler/gcc-arm-none-eabi-9-2019-q4-major/arm-none-eabi/lib/thumb/v7e-m/nofp/libc_nano.a(lib_a-memset.o)
                0x0000000020007ca8                memset
 .text._free_r  0x0000000020007cb8       0x9c /Applications/ti/ccs1270/ccs/tools/compiler/gcc-arm-none-eabi-9-2019-q4-major/arm-none-eabi/lib/thumb/v7e-m/nofp/libc_nano.a(lib_a-nano-freer.o)
                0x0000000020007cb8                _free_r
 .text._malloc_r
                0x0000000020007d54       0xb4 /Applications/ti/ccs1270/ccs/tools/compiler/gcc-arm-none-eabi-9-2019-q4-major/arm-none-eabi/lib/thumb/v7e-m/nofp/libc_nano.a(lib_a-nano-mallocr.o)
                0x0000000020007d54                _malloc_r
 .text._sbrk_r  0x0000000020007e08       0x20 /Applications/ti/ccs1270/ccs/tools/compiler/gcc-arm-none-eabi-9-2019-q4-major/arm-none-eabi/lib/thumb/v7e-m/nofp/libc_nano.a(lib_a-sbrkr.o)
                0x0000000020007e08                _sbrk_r
 .text.__malloc_lock
                0x0000000020007e28        0xc /Applications/ti/ccs1270/ccs/tools/compiler/gcc-arm-none-eabi-9-2019-q4-major/arm-none-eabi/lib/thumb/v7e-m/nofp/libc_nano.a(lib_a-mlock.o)
                0x0000000020007e28                __malloc_lock
 .text.__malloc_unlock
                0x0000000020007e34        0xc /Applications/ti/ccs1270/ccs/tools/compiler/gcc-arm-none-eabi-9-2019-q4-major/arm-none-eabi/lib/thumb/v7e-m/nofp/libc_nano.a(lib_a-mlock.o)
                0x0000000020007e34                __malloc_unlock
 .text.__retarget_lock_acquire_recursive
                0x0000000020007e40        0x2 /Applications/ti/ccs1270/ccs/tools/compiler/gcc-arm-none-eabi-9-2019-q4-major/arm-none-eabi/lib/thumb/v7e-m/nofp/libc_nano.a(lib_a-lock.o)
                0x0000000020007e40                __retarget_lock_acquire_recursive
 .text.__retarget_lock_release_recursive
                0x0000000020007e42        0x2 /Applications/ti/ccs1270/ccs/tools/compiler/gcc-arm-none-eabi-9-2019-q4-major/arm-none-eabi/lib/thumb/v7e-m/nofp/libc_nano.a(lib_a-lock.o)
                0x0000000020007e42                __retarget_lock_release_recursive
 .text._sbrk    0x0000000020007e44       0x1c /Applications/ti/ccs1270/ccs/tools/compiler/gcc-arm-none-eabi-9-2019-q4-major/arm-none-eabi/lib/thumb/v7e-m/nofp/libnosys.a(sbrk.o)
                0x0000000020007e44                _sbrk
                0x0000000020007e60                . = ALIGN (0x4)
 *(.ctors)
                0x0000000020007e60                . = ALIGN (0x4)
 *(.dtors)
                0x0000000020007e60                . = ALIGN (0x4)
                0x0000000020007e60                __init_array_start = .
 *(.init_array*)
                0x0000000020007e60                __init_array_end = .
 *(.init)
 *(.fini*)
                [!provide]                        PROVIDE (__etext = .)
                [!provide]                        PROVIDE (_etext = .)
                [!provide]                        PROVIDE (etext = .)

.glue_7         0x0000000020007e60        0x0
 .glue_7        0x0000000020007e60        0x0 linker stubs

.glue_7t        0x0000000020007e60        0x0
 .glue_7t       0x0000000020007e60        0x0 linker stubs

.vfp11_veneer   0x0000000020007e60        0x0
 .vfp11_veneer  0x0000000020007e60        0x0 linker stubs

.v4_bx          0x0000000020007e60        0x0
 .v4_bx         0x0000000020007e60        0x0 linker stubs

.iplt           0x0000000020007e60        0x0
 .iplt          0x0000000020007e60        0x0 ./gpiointerrupt.o

.rodata         0x0000000020007e60      0x3b4
 *(.rodata)
 *(.rodata*)
 .rodata.GPIO_config
                0x0000000020007e60       0x10 ./syscfg/ti_drivers_config.o
                0x0000000020007e60                GPIO_config
 .rodata.GPIO_pinUpperBound
                0x0000000020007e70        0x1 ./syscfg/ti_drivers_config.o
                0x0000000020007e70                GPIO_pinUpperBound
 *fill*         0x0000000020007e71        0x3 
 .rodata.PowerCC32XX_config
                0x0000000020007e74       0x44 ./syscfg/ti_drivers_config.o
                0x0000000020007e74                PowerCC32XX_config
 .rodata.Timer_config
                0x0000000020007eb8        0x8 ./syscfg/ti_drivers_config.o
                0x0000000020007eb8                Timer_config
 .rodata.Timer_count
                0x0000000020007ec0        0x1 ./syscfg/ti_drivers_config.o
                0x0000000020007ec0                Timer_count
 *fill*         0x0000000020007ec1        0x3 
 .rodata.timerCC32XXHWAttrs
                0x0000000020007ec4       0x10 ./syscfg/ti_drivers_config.o
                0x0000000020007ec4                timerCC32XXHWAttrs
 .rodata.pinTable
                0x0000000020007ed4       0x21 /Users/josephles/ti/simplelink_cc32xx_sdk_7_10_00_13/source/ti/drivers/lib/gcc/m4/drivers_cc32xx.a(GPIOCC32XX.c.obj)
 *fill*         0x0000000020007ef5        0x3 
 .rodata.portConfigs
                0x0000000020007ef8       0x28 /Users/josephles/ti/simplelink_cc32xx_sdk_7_10_00_13/source/ti/drivers/lib/gcc/m4/drivers_cc32xx.a(GPIOCC32XX.c.obj)
 .rodata.defaultParams
                0x0000000020007f20        0xc /Users/josephles/ti/simplelink_cc32xx_sdk_7_10_00_13/source/ti/drivers/lib/gcc/m4/drivers_cc32xx.a(Timer.c.obj)
 .rodata.defaultParams
                0x0000000020007f2c        0xc /Users/josephles/ti/simplelink_cc32xx_sdk_7_10_00_13/source/ti/drivers/lib/gcc/m4/drivers_cc32xx.a(TimerCC32XX.c.obj)
 .rodata.g_pulRegs
                0x0000000020007f38       0xd4 /Users/josephles/ti/simplelink_cc32xx_sdk_7_10_00_13/source/ti/devices/cc32xx/driverlib/gcc/Release/driverlib.a(interrupt.obj)
 .rodata.g_pulEnRegs
                0x000000002000800c       0x18 /Users/josephles/ti/simplelink_cc32xx_sdk_7_10_00_13/source/ti/devices/cc32xx/driverlib/gcc/Release/driverlib.a(interrupt.obj)
 .rodata.g_pulDisRegs
                0x0000000020008024       0x18 /Users/josephles/ti/simplelink_cc32xx_sdk_7_10_00_13/source/ti/devices/cc32xx/driverlib/gcc/Release/driverlib.a(interrupt.obj)
 .rodata.g_pulPendRegs
                0x000000002000803c       0x18 /Users/josephles/ti/simplelink_cc32xx_sdk_7_10_00_13/source/ti/devices/cc32xx/driverlib/gcc/Release/driverlib.a(interrupt.obj)
 .rodata.g_pulUnpendRegs
                0x0000000020008054       0x18 /Users/josephles/ti/simplelink_cc32xx_sdk_7_10_00_13/source/ti/devices/cc32xx/driverlib/gcc/Release/driverlib.a(interrupt.obj)
 .rodata.g_ulPinToPadMap
                0x000000002000806c      0x100 /Users/josephles/ti/simplelink_cc32xx_sdk_7_10_00_13/source/ti/devices/cc32xx/driverlib/gcc/Release/driverlib.a(pin.obj)
 .rodata.PRCM_PeriphRegsList
                0x000000002000816c       0xa8 /Users/josephles/ti/simplelink_cc32xx_sdk_7_10_00_13/source/ti/devices/cc32xx/driverlib/gcc/Release/driverlib.a(prcm.obj)

.data           0x0000000020008214      0x3a0
                0x0000000020008214                __data_load__ = LOADADDR (.data)
                0x0000000020008214                __data_start__ = .
 *(.data)
 *(.data*)
 .data.okMessage
                0x0000000020008214       0x1e ./gpiointerrupt.o
                0x0000000020008214                okMessage
 *fill*         0x0000000020008232        0x2 
 .data.sosMessage
                0x0000000020008234       0x22 ./gpiointerrupt.o
                0x0000000020008234                sosMessage
 *fill*         0x0000000020008256        0x2 
 .data.gpioPinConfigs
                0x0000000020008258       0x84 ./syscfg/ti_drivers_config.o
                0x0000000020008258                gpioPinConfigs
 .data.parkInfo
                0x00000000200082dc       0xf8 ./syscfg/ti_drivers_config.o
                0x00000000200082dc                parkInfo
 .data.PowerCC32XX_module
                0x00000000200083d4      0x16c /Users/josephles/ti/simplelink_cc32xx_sdk_7_10_00_13/source/ti/drivers/lib/gcc/m4/drivers_cc32xx.a(PowerCC32XX.c.obj)
                0x00000000200083d4                PowerCC32XX_module
 .data.SemaphoreP_defaultParams
                0x0000000020008540        0x8 /Users/josephles/ti/simplelink_cc32xx_sdk_7_10_00_13/kernel/nortos/lib/gcc/m4/nortos_cc32xx.a(SemaphoreP_nortos.c.obj)
                0x0000000020008540                SemaphoreP_defaultParams
 .data.ClockP_tickPeriod
                0x0000000020008548        0x4 /Users/josephles/ti/simplelink_cc32xx_sdk_7_10_00_13/kernel/nortos/lib/gcc/m4/nortos_cc32xx.a(ClockPSysTick_nortos.c.obj)
                0x0000000020008548                ClockP_tickPeriod
 .data.HwiP_swiPIntNum
                0x000000002000854c        0x4 /Users/josephles/ti/simplelink_cc32xx_sdk_7_10_00_13/kernel/nortos/lib/gcc/m4/nortos_cc32xx.a(HwiPCC32XX_nortos.c.obj)
                0x000000002000854c                HwiP_swiPIntNum
 .data._impure_ptr
                0x0000000020008550        0x4 /Applications/ti/ccs1270/ccs/tools/compiler/gcc-arm-none-eabi-9-2019-q4-major/arm-none-eabi/lib/thumb/v7e-m/nofp/libc_nano.a(lib_a-impure.o)
                0x0000000020008550                _impure_ptr
 .data.impure_data
                0x0000000020008554       0x60 /Applications/ti/ccs1270/ccs/tools/compiler/gcc-arm-none-eabi-9-2019-q4-major/arm-none-eabi/lib/thumb/v7e-m/nofp/libc_nano.a(lib_a-impure.o)
                0x00000000200085b4                . = ALIGN (0x4)
                0x00000000200085b4                __data_end__ = .

.igot.plt       0x00000000200085b4        0x0
 .igot.plt      0x00000000200085b4        0x0 ./gpiointerrupt.o

.ARM.exidx      0x00000000200085b4        0x8
                0x00000000200085b4                __exidx_start = .
 *(.ARM.exidx* .gnu.linkonce.armexidx.*)
 .ARM.exidx     0x00000000200085b4        0x8 /Applications/ti/ccs1270/ccs/tools/compiler/gcc-arm-none-eabi-9-2019-q4-major/bin/../lib/gcc/arm-none-eabi/9.2.1/thumb/v7e-m/nofp/libgcc.a(_udivmoddi4.o)
                0x00000000200085bc                __exidx_end = .

.rel.dyn        0x00000000200085bc        0x0
 .rel.iplt      0x00000000200085bc        0x0 ./gpiointerrupt.o

.ARM.extab
 *(.ARM.extab* .gnu.linkonce.armextab.*)

.bss            0x00000000200085c0      0x630
                0x00000000200085c0                __bss_start__ = .
 *(.shbss)
 *(.bss)
 *(.bss.*)
 .bss.messageCounter
                0x00000000200085c0        0x4 ./gpiointerrupt.o
                0x00000000200085c0                messageCounter
 .bss.initCalled
                0x00000000200085c4        0x1 /Users/josephles/ti/simplelink_cc32xx_sdk_7_10_00_13/source/ti/drivers/lib/gcc/m4/drivers_cc32xx.a(GPIOCC32XX.c.obj)
 *fill*         0x00000000200085c5        0x3 
 .bss.initSem.4818
                0x00000000200085c8        0x4 /Users/josephles/ti/simplelink_cc32xx_sdk_7_10_00_13/source/ti/drivers/lib/gcc/m4/drivers_cc32xx.a(GPIOCC32XX.c.obj)
 .bss.portHwiCreatedBitMask
                0x00000000200085cc        0x1 /Users/josephles/ti/simplelink_cc32xx_sdk_7_10_00_13/source/ti/drivers/lib/gcc/m4/drivers_cc32xx.a(GPIOCC32XX.c.obj)
 *fill*         0x00000000200085cd        0x3 
 .bss.powerNotifyObj
                0x00000000200085d0       0x14 /Users/josephles/ti/simplelink_cc32xx_sdk_7_10_00_13/source/ti/drivers/lib/gcc/m4/drivers_cc32xx.a(GPIOCC32XX.c.obj)
 .bss.timerState
                0x00000000200085e4        0x4 /Users/josephles/ti/simplelink_cc32xx_sdk_7_10_00_13/source/ti/drivers/lib/gcc/m4/drivers_cc32xx.a(TimerCC32XX.c.obj)
 .bss.SemaphoreP_initialized
                0x00000000200085e8        0x1 /Users/josephles/ti/simplelink_cc32xx_sdk_7_10_00_13/kernel/nortos/lib/gcc/m4/nortos_cc32xx.a(SemaphoreP_nortos.c.obj)
 .bss.doEnablePolicy
                0x00000000200085e9        0x1 /Users/josephles/ti/simplelink_cc32xx_sdk_7_10_00_13/kernel/nortos/lib/gcc/m4/nortos_cc32xx.a(SemaphoreP_nortos.c.obj)
 .bss.pendInProgress
                0x00000000200085ea        0x1 /Users/josephles/ti/simplelink_cc32xx_sdk_7_10_00_13/kernel/nortos/lib/gcc/m4/nortos_cc32xx.a(SemaphoreP_nortos.c.obj)
 .bss.ClockP_initialized
                0x00000000200085eb        0x1 /Users/josephles/ti/simplelink_cc32xx_sdk_7_10_00_13/kernel/nortos/lib/gcc/m4/nortos_cc32xx.a(ClockPSysTick_nortos.c.obj)
 .bss.sysTickPeriod
                0x00000000200085ec        0x4 /Users/josephles/ti/simplelink_cc32xx_sdk_7_10_00_13/kernel/nortos/lib/gcc/m4/nortos_cc32xx.a(ClockPSysTick_nortos.c.obj)
 .bss.HwiP_dispatchTable
                0x00000000200085f0      0x30c /Users/josephles/ti/simplelink_cc32xx_sdk_7_10_00_13/kernel/nortos/lib/gcc/m4/nortos_cc32xx.a(HwiPCC32XX_nortos.c.obj)
 .bss.SwiP_lockState
                0x00000000200088fc        0x4 /Users/josephles/ti/simplelink_cc32xx_sdk_7_10_00_13/kernel/nortos/lib/gcc/m4/nortos_cc32xx.a(SwiP_nortos.c.obj)
 .bss.SwiP_readyMask
                0x0000000020008900        0x4 /Users/josephles/ti/simplelink_cc32xx_sdk_7_10_00_13/kernel/nortos/lib/gcc/m4/nortos_cc32xx.a(SwiP_nortos.c.obj)
 .bss.SwiP_schedulerRunning
                0x0000000020008904        0x1 /Users/josephles/ti/simplelink_cc32xx_sdk_7_10_00_13/kernel/nortos/lib/gcc/m4/nortos_cc32xx.a(SwiP_nortos.c.obj)
 *fill*         0x0000000020008905        0x3 
 .bss.__malloc_free_list
                0x0000000020008908        0x4 /Applications/ti/ccs1270/ccs/tools/compiler/gcc-arm-none-eabi-9-2019-q4-major/arm-none-eabi/lib/thumb/v7e-m/nofp/libc_nano.a(lib_a-nano-mallocr.o)
                0x0000000020008908                __malloc_free_list
 .bss.__malloc_sbrk_start
                0x000000002000890c        0x4 /Applications/ti/ccs1270/ccs/tools/compiler/gcc-arm-none-eabi-9-2019-q4-major/arm-none-eabi/lib/thumb/v7e-m/nofp/libc_nano.a(lib_a-nano-mallocr.o)
                0x000000002000890c                __malloc_sbrk_start
 .bss.heap_end.4144
                0x0000000020008910        0x4 /Applications/ti/ccs1270/ccs/tools/compiler/gcc-arm-none-eabi-9-2019-q4-major/arm-none-eabi/lib/thumb/v7e-m/nofp/libnosys.a(sbrk.o)
 *(COMMON)
 COMMON         0x0000000020008914        0x3 ./gpiointerrupt.o
                0x0000000020008914                LED_STATE
                0x0000000020008915                BUTTON_STATE
                0x0000000020008916                CURRENT_MESSAGE
 *fill*         0x0000000020008917        0x1 
 COMMON         0x0000000020008918      0x18c ./syscfg/ti_drivers_config.o
                0x0000000020008918                gpioCallbackFunctions
                0x000000002000899c                timerCC32XXObjects
                0x0000000020008a20                gpioUserArgs
 COMMON         0x0000000020008aa4      0x12c /Users/josephles/ti/simplelink_cc32xx_sdk_7_10_00_13/source/ti/drivers/lib/gcc/m4/drivers_cc32xx.a(PowerCC32XX.c.obj)
                0x0000000020008aa4                PowerCC32XX_contextSave
 COMMON         0x0000000020008bd0       0x10 /Users/josephles/ti/simplelink_cc32xx_sdk_7_10_00_13/kernel/nortos/lib/gcc/m4/nortos_cc32xx.a(ClockPSysTick_nortos.c.obj)
                0x0000000020008bd0                ClockP_ctrl
 COMMON         0x0000000020008be0        0x4 /Applications/ti/ccs1270/ccs/tools/compiler/gcc-arm-none-eabi-9-2019-q4-major/arm-none-eabi/lib/thumb/v7e-m/nofp/libc_nano.a(lib_a-reent.o)
                0x0000000020008be0                errno
 COMMON         0x0000000020008be4        0x9 /Applications/ti/ccs1270/ccs/tools/compiler/gcc-arm-none-eabi-9-2019-q4-major/arm-none-eabi/lib/thumb/v7e-m/nofp/libc_nano.a(lib_a-lock.o)
                0x0000000020008be4                __lock___atexit_recursive_mutex
                0x0000000020008be5                __lock___arc4random_mutex
                0x0000000020008be6                __lock___env_recursive_mutex
                0x0000000020008be7                __lock___sinit_recursive_mutex
                0x0000000020008be8                __lock___malloc_recursive_mutex
                0x0000000020008be9                __lock___at_quick_exit_mutex
                0x0000000020008bea                __lock___dd_hash_mutex
                0x0000000020008beb                __lock___tz_mutex
                0x0000000020008bec                __lock___sfp_recursive_mutex
                0x0000000020008bf0                . = ALIGN (0x4)
 *fill*         0x0000000020008bed        0x3 
                0x0000000020008bf0                __bss_end__ = .

.heap           0x0000000020008bf0     0x8000
                0x0000000020008bf0                __heap_start__ = .
                0x0000000020008bf0                end = __heap_start__
                0x0000000020008bf0                _end = end
                0x0000000020008bf0                __end = end
                0x0000000020010bf0                . = (. + HEAP_SIZE)
 *fill*         0x0000000020008bf0     0x8000 
 *(.heap)
                0x0000000020010bf0                __heap_end__ = .
                0x0000000020010bf0                __HeapLimit = __heap_end__

.stack          0x0000000020010bf0     0x1000
                0x0000000020010bf0                _stack = .
                0x0000000020010bf0                __stack = .
 *(.stack)
                0x0000000020011bf0                . = (. + STACKSIZE)
 *fill*         0x0000000020010bf0     0x1000 
                0x0000000020011bf0                _stack_end = .
                0x0000000020011bf0                __stack_end = .

.log_data
 *(.log_data)

.log_ptr
 *(.log_ptr*)
LOAD /Users/josephles/workspace_v12/gpiointerrupt_CC3220S_LAUNCHXL_nortos_gcc/MCU+Image/syscfg/ti_utils_build_linker.cmd.genlibs
LOAD /Users/josephles/ti/simplelink_cc32xx_sdk_7_10_00_13/source/ti/drivers/lib/gcc/m4/drivers_cc32xx.a
LOAD /Users/josephles/ti/simplelink_cc32xx_sdk_7_10_00_13/source/ti/grlib/lib/gcc/m4/grlib.a
LOAD /Users/josephles/ti/simplelink_cc32xx_sdk_7_10_00_13/kernel/nortos/lib/gcc/m4/nortos_cc32xx.a
LOAD /Users/josephles/ti/simplelink_cc32xx_sdk_7_10_00_13/source/ti/devices/cc32xx/driverlib/gcc/Release/driverlib.a
LOAD /Applications/ti/ccs1270/ccs/tools/compiler/gcc-arm-none-eabi-9-2019-q4-major/bin/../lib/gcc/arm-none-eabi/9.2.1/thumb/v7e-m/nofp/libgcc.a
LOAD /Applications/ti/ccs1270/ccs/tools/compiler/gcc-arm-none-eabi-9-2019-q4-major/arm-none-eabi/lib/thumb/v7e-m/nofp/libc_nano.a
LOAD /Applications/ti/ccs1270/ccs/tools/compiler/gcc-arm-none-eabi-9-2019-q4-major/arm-none-eabi/lib/thumb/v7e-m/nofp/libm.a
LOAD /Applications/ti/ccs1270/ccs/tools/compiler/gcc-arm-none-eabi-9-2019-q4-major/arm-none-eabi/lib/thumb/v7e-m/nofp/libnosys.a
START GROUP
LOAD /Applications/ti/ccs1270/ccs/tools/compiler/gcc-arm-none-eabi-9-2019-q4-major/bin/../lib/gcc/arm-none-eabi/9.2.1/thumb/v7e-m/nofp/libgcc.a
LOAD /Applications/ti/ccs1270/ccs/tools/compiler/gcc-arm-none-eabi-9-2019-q4-major/arm-none-eabi/lib/thumb/v7e-m/nofp/libg_nano.a
LOAD /Applications/ti/ccs1270/ccs/tools/compiler/gcc-arm-none-eabi-9-2019-q4-major/arm-none-eabi/lib/thumb/v7e-m/nofp/libc_nano.a
END GROUP
START GROUP
LOAD /Applications/ti/ccs1270/ccs/tools/compiler/gcc-arm-none-eabi-9-2019-q4-major/bin/../lib/gcc/arm-none-eabi/9.2.1/thumb/v7e-m/nofp/libgcc.a
LOAD /Applications/ti/ccs1270/ccs/tools/compiler/gcc-arm-none-eabi-9-2019-q4-major/arm-none-eabi/lib/thumb/v7e-m/nofp/libc_nano.a
END GROUP
OUTPUT(gpiointerrupt_CC3220S_LAUNCHXL_nortos_gcc.out elf32-littlearm)

.debug_info     0x0000000000000000    0x11583
 .debug_info    0x0000000000000000      0x512 ./gpiointerrupt.o
 .debug_info    0x0000000000000512      0x96b ./syscfg/ti_drivers_config.o
 .debug_info    0x0000000000000e7d       0x82 ./main_nortos.o
 .debug_info    0x0000000000000eff      0xaa4 /Users/josephles/ti/simplelink_cc32xx_sdk_7_10_00_13/source/ti/drivers/lib/gcc/m4/drivers_cc32xx.a(GPIO.c.obj)
 .debug_info    0x00000000000019a3     0x10c8 /Users/josephles/ti/simplelink_cc32xx_sdk_7_10_00_13/source/ti/drivers/lib/gcc/m4/drivers_cc32xx.a(GPIOCC32XX.c.obj)
 .debug_info    0x0000000000002a6b     0x1f70 /Users/josephles/ti/simplelink_cc32xx_sdk_7_10_00_13/source/ti/drivers/lib/gcc/m4/drivers_cc32xx.a(PowerCC32XX.c.obj)
 .debug_info    0x00000000000049db     0x101d /Users/josephles/ti/simplelink_cc32xx_sdk_7_10_00_13/source/ti/drivers/lib/gcc/m4/drivers_cc32xx.a(Timer.c.obj)
 .debug_info    0x00000000000059f8     0x126b /Users/josephles/ti/simplelink_cc32xx_sdk_7_10_00_13/source/ti/drivers/lib/gcc/m4/drivers_cc32xx.a(TimerCC32XX.c.obj)
 .debug_info    0x0000000000006c63      0xc58 /Users/josephles/ti/simplelink_cc32xx_sdk_7_10_00_13/source/ti/drivers/lib/gcc/m4/drivers_cc32xx.a(List.c.obj)
 .debug_info    0x00000000000078bb      0x1ec /Users/josephles/ti/simplelink_cc32xx_sdk_7_10_00_13/kernel/nortos/lib/gcc/m4/nortos_cc32xx.a(NoRTOS.c.obj)
 .debug_info    0x0000000000007aa7     0x1498 /Users/josephles/ti/simplelink_cc32xx_sdk_7_10_00_13/kernel/nortos/lib/gcc/m4/nortos_cc32xx.a(SemaphoreP_nortos.c.obj)
 .debug_info    0x0000000000008f3f     0x1b01 /Users/josephles/ti/simplelink_cc32xx_sdk_7_10_00_13/kernel/nortos/lib/gcc/m4/nortos_cc32xx.a(ClockPSysTick_nortos.c.obj)
 .debug_info    0x000000000000aa40     0x17d2 /Users/josephles/ti/simplelink_cc32xx_sdk_7_10_00_13/kernel/nortos/lib/gcc/m4/nortos_cc32xx.a(HwiPCC32XX_nortos.c.obj)
 .debug_info    0x000000000000c212      0x8aa /Users/josephles/ti/simplelink_cc32xx_sdk_7_10_00_13/kernel/nortos/lib/gcc/m4/nortos_cc32xx.a(PowerCC32XX_nortos.c.obj)
 .debug_info    0x000000000000cabc      0xb83 /Users/josephles/ti/simplelink_cc32xx_sdk_7_10_00_13/kernel/nortos/lib/gcc/m4/nortos_cc32xx.a(startup_cc32xx_gcc.c.obj)
 .debug_info    0x000000000000d63f     0x1a3a /Users/josephles/ti/simplelink_cc32xx_sdk_7_10_00_13/kernel/nortos/lib/gcc/m4/nortos_cc32xx.a(SwiP_nortos.c.obj)
 .debug_info    0x000000000000f079      0x109 /Users/josephles/ti/simplelink_cc32xx_sdk_7_10_00_13/source/ti/devices/cc32xx/driverlib/gcc/Release/driverlib.a(cpu.obj)
 .debug_info    0x000000000000f182      0x3e6 /Users/josephles/ti/simplelink_cc32xx_sdk_7_10_00_13/source/ti/devices/cc32xx/driverlib/gcc/Release/driverlib.a(gpio.obj)
 .debug_info    0x000000000000f568      0x3a3 /Users/josephles/ti/simplelink_cc32xx_sdk_7_10_00_13/source/ti/devices/cc32xx/driverlib/gcc/Release/driverlib.a(interrupt.obj)
 .debug_info    0x000000000000f90b      0x545 /Users/josephles/ti/simplelink_cc32xx_sdk_7_10_00_13/source/ti/devices/cc32xx/driverlib/gcc/Release/driverlib.a(pin.obj)
 .debug_info    0x000000000000fe50      0xc9c /Users/josephles/ti/simplelink_cc32xx_sdk_7_10_00_13/source/ti/devices/cc32xx/driverlib/gcc/Release/driverlib.a(prcm.obj)
 .debug_info    0x0000000000010aec      0x10e /Users/josephles/ti/simplelink_cc32xx_sdk_7_10_00_13/source/ti/devices/cc32xx/driverlib/gcc/Release/driverlib.a(systick.obj)
 .debug_info    0x0000000000010bfa      0x612 /Users/josephles/ti/simplelink_cc32xx_sdk_7_10_00_13/source/ti/devices/cc32xx/driverlib/gcc/Release/driverlib.a(timer.obj)
 .debug_info    0x000000000001120c       0x52 /Users/josephles/ti/simplelink_cc32xx_sdk_7_10_00_13/source/ti/devices/cc32xx/driverlib/gcc/Release/driverlib.a(utils.obj)
 .debug_info    0x000000000001125e      0x325 /Users/josephles/ti/simplelink_cc32xx_sdk_7_10_00_13/source/ti/devices/cc32xx/driverlib/gcc/Release/driverlib.a(flash.obj)

.debug_abbrev   0x0000000000000000     0x3e68
 .debug_abbrev  0x0000000000000000      0x270 ./gpiointerrupt.o
 .debug_abbrev  0x0000000000000270      0x1c3 ./syscfg/ti_drivers_config.o
 .debug_abbrev  0x0000000000000433       0x43 ./main_nortos.o
 .debug_abbrev  0x0000000000000476      0x23f /Users/josephles/ti/simplelink_cc32xx_sdk_7_10_00_13/source/ti/drivers/lib/gcc/m4/drivers_cc32xx.a(GPIO.c.obj)
 .debug_abbrev  0x00000000000006b5      0x386 /Users/josephles/ti/simplelink_cc32xx_sdk_7_10_00_13/source/ti/drivers/lib/gcc/m4/drivers_cc32xx.a(GPIOCC32XX.c.obj)
 .debug_abbrev  0x0000000000000a3b      0x509 /Users/josephles/ti/simplelink_cc32xx_sdk_7_10_00_13/source/ti/drivers/lib/gcc/m4/drivers_cc32xx.a(PowerCC32XX.c.obj)
 .debug_abbrev  0x0000000000000f44      0x303 /Users/josephles/ti/simplelink_cc32xx_sdk_7_10_00_13/source/ti/drivers/lib/gcc/m4/drivers_cc32xx.a(Timer.c.obj)
 .debug_abbrev  0x0000000000001247      0x458 /Users/josephles/ti/simplelink_cc32xx_sdk_7_10_00_13/source/ti/drivers/lib/gcc/m4/drivers_cc32xx.a(TimerCC32XX.c.obj)
 .debug_abbrev  0x000000000000169f      0x27b /Users/josephles/ti/simplelink_cc32xx_sdk_7_10_00_13/source/ti/drivers/lib/gcc/m4/drivers_cc32xx.a(List.c.obj)
 .debug_abbrev  0x000000000000191a      0x116 /Users/josephles/ti/simplelink_cc32xx_sdk_7_10_00_13/kernel/nortos/lib/gcc/m4/nortos_cc32xx.a(NoRTOS.c.obj)
 .debug_abbrev  0x0000000000001a30      0x470 /Users/josephles/ti/simplelink_cc32xx_sdk_7_10_00_13/kernel/nortos/lib/gcc/m4/nortos_cc32xx.a(SemaphoreP_nortos.c.obj)
 .debug_abbrev  0x0000000000001ea0      0x5d6 /Users/josephles/ti/simplelink_cc32xx_sdk_7_10_00_13/kernel/nortos/lib/gcc/m4/nortos_cc32xx.a(ClockPSysTick_nortos.c.obj)
 .debug_abbrev  0x0000000000002476      0x4e6 /Users/josephles/ti/simplelink_cc32xx_sdk_7_10_00_13/kernel/nortos/lib/gcc/m4/nortos_cc32xx.a(HwiPCC32XX_nortos.c.obj)
 .debug_abbrev  0x000000000000295c      0x249 /Users/josephles/ti/simplelink_cc32xx_sdk_7_10_00_13/kernel/nortos/lib/gcc/m4/nortos_cc32xx.a(PowerCC32XX_nortos.c.obj)
 .debug_abbrev  0x0000000000002ba5      0x301 /Users/josephles/ti/simplelink_cc32xx_sdk_7_10_00_13/kernel/nortos/lib/gcc/m4/nortos_cc32xx.a(startup_cc32xx_gcc.c.obj)
 .debug_abbrev  0x0000000000002ea6      0x523 /Users/josephles/ti/simplelink_cc32xx_sdk_7_10_00_13/kernel/nortos/lib/gcc/m4/nortos_cc32xx.a(SwiP_nortos.c.obj)
 .debug_abbrev  0x00000000000033c9       0xe0 /Users/josephles/ti/simplelink_cc32xx_sdk_7_10_00_13/source/ti/devices/cc32xx/driverlib/gcc/Release/driverlib.a(cpu.obj)
 .debug_abbrev  0x00000000000034a9      0x12e /Users/josephles/ti/simplelink_cc32xx_sdk_7_10_00_13/source/ti/devices/cc32xx/driverlib/gcc/Release/driverlib.a(gpio.obj)
 .debug_abbrev  0x00000000000035d7      0x15d /Users/josephles/ti/simplelink_cc32xx_sdk_7_10_00_13/source/ti/devices/cc32xx/driverlib/gcc/Release/driverlib.a(interrupt.obj)
 .debug_abbrev  0x0000000000003734      0x158 /Users/josephles/ti/simplelink_cc32xx_sdk_7_10_00_13/source/ti/devices/cc32xx/driverlib/gcc/Release/driverlib.a(pin.obj)
 .debug_abbrev  0x000000000000388c      0x20f /Users/josephles/ti/simplelink_cc32xx_sdk_7_10_00_13/source/ti/devices/cc32xx/driverlib/gcc/Release/driverlib.a(prcm.obj)
 .debug_abbrev  0x0000000000003a9b       0xe4 /Users/josephles/ti/simplelink_cc32xx_sdk_7_10_00_13/source/ti/devices/cc32xx/driverlib/gcc/Release/driverlib.a(systick.obj)
 .debug_abbrev  0x0000000000003b7f       0xec /Users/josephles/ti/simplelink_cc32xx_sdk_7_10_00_13/source/ti/devices/cc32xx/driverlib/gcc/Release/driverlib.a(timer.obj)
 .debug_abbrev  0x0000000000003c6b       0x4c /Users/josephles/ti/simplelink_cc32xx_sdk_7_10_00_13/source/ti/devices/cc32xx/driverlib/gcc/Release/driverlib.a(utils.obj)
 .debug_abbrev  0x0000000000003cb7      0x1b1 /Users/josephles/ti/simplelink_cc32xx_sdk_7_10_00_13/source/ti/devices/cc32xx/driverlib/gcc/Release/driverlib.a(flash.obj)

.debug_loc      0x0000000000000000     0x6b09
 .debug_loc     0x0000000000000000       0xc2 ./gpiointerrupt.o
 .debug_loc     0x00000000000000c2       0x6f /Users/josephles/ti/simplelink_cc32xx_sdk_7_10_00_13/source/ti/drivers/lib/gcc/m4/drivers_cc32xx.a(GPIO.c.obj)
 .debug_loc     0x0000000000000131      0xaee /Users/josephles/ti/simplelink_cc32xx_sdk_7_10_00_13/source/ti/drivers/lib/gcc/m4/drivers_cc32xx.a(GPIOCC32XX.c.obj)
 .debug_loc     0x0000000000000c1f     0x14c4 /Users/josephles/ti/simplelink_cc32xx_sdk_7_10_00_13/source/ti/drivers/lib/gcc/m4/drivers_cc32xx.a(PowerCC32XX.c.obj)
 .debug_loc     0x00000000000020e3      0x1fe /Users/josephles/ti/simplelink_cc32xx_sdk_7_10_00_13/source/ti/drivers/lib/gcc/m4/drivers_cc32xx.a(Timer.c.obj)
 .debug_loc     0x00000000000022e1      0xbbb /Users/josephles/ti/simplelink_cc32xx_sdk_7_10_00_13/source/ti/drivers/lib/gcc/m4/drivers_cc32xx.a(TimerCC32XX.c.obj)
 .debug_loc     0x0000000000002e9c      0x428 /Users/josephles/ti/simplelink_cc32xx_sdk_7_10_00_13/source/ti/drivers/lib/gcc/m4/drivers_cc32xx.a(List.c.obj)
 .debug_loc     0x00000000000032c4       0x32 /Users/josephles/ti/simplelink_cc32xx_sdk_7_10_00_13/kernel/nortos/lib/gcc/m4/nortos_cc32xx.a(NoRTOS.c.obj)
 .debug_loc     0x00000000000032f6      0xbae /Users/josephles/ti/simplelink_cc32xx_sdk_7_10_00_13/kernel/nortos/lib/gcc/m4/nortos_cc32xx.a(SemaphoreP_nortos.c.obj)
 .debug_loc     0x0000000000003ea4     0x1011 /Users/josephles/ti/simplelink_cc32xx_sdk_7_10_00_13/kernel/nortos/lib/gcc/m4/nortos_cc32xx.a(ClockPSysTick_nortos.c.obj)
 .debug_loc     0x0000000000004eb5      0x854 /Users/josephles/ti/simplelink_cc32xx_sdk_7_10_00_13/kernel/nortos/lib/gcc/m4/nortos_cc32xx.a(HwiPCC32XX_nortos.c.obj)
 .debug_loc     0x0000000000005709      0x400 /Users/josephles/ti/simplelink_cc32xx_sdk_7_10_00_13/kernel/nortos/lib/gcc/m4/nortos_cc32xx.a(PowerCC32XX_nortos.c.obj)
 .debug_loc     0x0000000000005b09       0x91 /Users/josephles/ti/simplelink_cc32xx_sdk_7_10_00_13/kernel/nortos/lib/gcc/m4/nortos_cc32xx.a(startup_cc32xx_gcc.c.obj)
 .debug_loc     0x0000000000005b9a      0xf6f /Users/josephles/ti/simplelink_cc32xx_sdk_7_10_00_13/kernel/nortos/lib/gcc/m4/nortos_cc32xx.a(SwiP_nortos.c.obj)

.debug_aranges  0x0000000000000000      0xc60
 .debug_aranges
                0x0000000000000000       0x40 ./gpiointerrupt.o
 .debug_aranges
                0x0000000000000040       0x28 ./syscfg/ti_drivers_config.o
 .debug_aranges
                0x0000000000000068       0x20 ./main_nortos.o
 .debug_aranges
                0x0000000000000088       0x38 /Users/josephles/ti/simplelink_cc32xx_sdk_7_10_00_13/source/ti/drivers/lib/gcc/m4/drivers_cc32xx.a(GPIO.c.obj)
 .debug_aranges
                0x00000000000000c0       0x78 /Users/josephles/ti/simplelink_cc32xx_sdk_7_10_00_13/source/ti/drivers/lib/gcc/m4/drivers_cc32xx.a(GPIOCC32XX.c.obj)
 .debug_aranges
                0x0000000000000138       0xf0 /Users/josephles/ti/simplelink_cc32xx_sdk_7_10_00_13/source/ti/drivers/lib/gcc/m4/drivers_cc32xx.a(PowerCC32XX.c.obj)
 .debug_aranges
                0x0000000000000228       0x40 /Users/josephles/ti/simplelink_cc32xx_sdk_7_10_00_13/source/ti/drivers/lib/gcc/m4/drivers_cc32xx.a(Timer.c.obj)
 .debug_aranges
                0x0000000000000268       0x78 /Users/josephles/ti/simplelink_cc32xx_sdk_7_10_00_13/source/ti/drivers/lib/gcc/m4/drivers_cc32xx.a(TimerCC32XX.c.obj)
 .debug_aranges
                0x00000000000002e0       0x48 /Users/josephles/ti/simplelink_cc32xx_sdk_7_10_00_13/source/ti/drivers/lib/gcc/m4/drivers_cc32xx.a(List.c.obj)
 .debug_aranges
                0x0000000000000328       0x30 /Users/josephles/ti/simplelink_cc32xx_sdk_7_10_00_13/kernel/nortos/lib/gcc/m4/nortos_cc32xx.a(NoRTOS.c.obj)
 .debug_aranges
                0x0000000000000358       0x78 /Users/josephles/ti/simplelink_cc32xx_sdk_7_10_00_13/kernel/nortos/lib/gcc/m4/nortos_cc32xx.a(SemaphoreP_nortos.c.obj)
 .debug_aranges
                0x00000000000003d0       0xd0 /Users/josephles/ti/simplelink_cc32xx_sdk_7_10_00_13/kernel/nortos/lib/gcc/m4/nortos_cc32xx.a(ClockPSysTick_nortos.c.obj)
 .debug_aranges
                0x00000000000004a0       0xb8 /Users/josephles/ti/simplelink_cc32xx_sdk_7_10_00_13/kernel/nortos/lib/gcc/m4/nortos_cc32xx.a(HwiPCC32XX_nortos.c.obj)
 .debug_aranges
                0x0000000000000558       0x28 /Users/josephles/ti/simplelink_cc32xx_sdk_7_10_00_13/kernel/nortos/lib/gcc/m4/nortos_cc32xx.a(PowerCC32XX_nortos.c.obj)
 .debug_aranges
                0x0000000000000580       0x50 /Users/josephles/ti/simplelink_cc32xx_sdk_7_10_00_13/kernel/nortos/lib/gcc/m4/nortos_cc32xx.a(startup_cc32xx_gcc.c.obj)
 .debug_aranges
                0x00000000000005d0       0xa8 /Users/josephles/ti/simplelink_cc32xx_sdk_7_10_00_13/kernel/nortos/lib/gcc/m4/nortos_cc32xx.a(SwiP_nortos.c.obj)
 .debug_aranges
                0x0000000000000678       0x48 /Users/josephles/ti/simplelink_cc32xx_sdk_7_10_00_13/source/ti/devices/cc32xx/driverlib/gcc/Release/driverlib.a(cpu.obj)
 .debug_aranges
                0x00000000000006c0       0x90 /Users/josephles/ti/simplelink_cc32xx_sdk_7_10_00_13/source/ti/devices/cc32xx/driverlib/gcc/Release/driverlib.a(gpio.obj)
 .debug_aranges
                0x0000000000000750       0x98 /Users/josephles/ti/simplelink_cc32xx_sdk_7_10_00_13/source/ti/devices/cc32xx/driverlib/gcc/Release/driverlib.a(interrupt.obj)
 .debug_aranges
                0x00000000000007e8       0xc0 /Users/josephles/ti/simplelink_cc32xx_sdk_7_10_00_13/source/ti/devices/cc32xx/driverlib/gcc/Release/driverlib.a(pin.obj)
 .debug_aranges
                0x00000000000008a8      0x1d8 /Users/josephles/ti/simplelink_cc32xx_sdk_7_10_00_13/source/ti/devices/cc32xx/driverlib/gcc/Release/driverlib.a(prcm.obj)
 .debug_aranges
                0x0000000000000a80       0x60 /Users/josephles/ti/simplelink_cc32xx_sdk_7_10_00_13/source/ti/devices/cc32xx/driverlib/gcc/Release/driverlib.a(systick.obj)
 .debug_aranges
                0x0000000000000ae0       0xd8 /Users/josephles/ti/simplelink_cc32xx_sdk_7_10_00_13/source/ti/devices/cc32xx/driverlib/gcc/Release/driverlib.a(timer.obj)
 .debug_aranges
                0x0000000000000bb8       0x20 /Users/josephles/ti/simplelink_cc32xx_sdk_7_10_00_13/source/ti/devices/cc32xx/driverlib/gcc/Release/driverlib.a(utils.obj)
 .debug_aranges
                0x0000000000000bd8       0x88 /Users/josephles/ti/simplelink_cc32xx_sdk_7_10_00_13/source/ti/devices/cc32xx/driverlib/gcc/Release/driverlib.a(flash.obj)

.debug_ranges   0x0000000000000000     0x1490
 .debug_ranges  0x0000000000000000       0x78 ./gpiointerrupt.o
 .debug_ranges  0x0000000000000078       0x18 ./syscfg/ti_drivers_config.o
 .debug_ranges  0x0000000000000090       0x10 ./main_nortos.o
 .debug_ranges  0x00000000000000a0       0x28 /Users/josephles/ti/simplelink_cc32xx_sdk_7_10_00_13/source/ti/drivers/lib/gcc/m4/drivers_cc32xx.a(GPIO.c.obj)
 .debug_ranges  0x00000000000000c8       0x68 /Users/josephles/ti/simplelink_cc32xx_sdk_7_10_00_13/source/ti/drivers/lib/gcc/m4/drivers_cc32xx.a(GPIOCC32XX.c.obj)
 .debug_ranges  0x0000000000000130      0x220 /Users/josephles/ti/simplelink_cc32xx_sdk_7_10_00_13/source/ti/drivers/lib/gcc/m4/drivers_cc32xx.a(PowerCC32XX.c.obj)
 .debug_ranges  0x0000000000000350       0x30 /Users/josephles/ti/simplelink_cc32xx_sdk_7_10_00_13/source/ti/drivers/lib/gcc/m4/drivers_cc32xx.a(Timer.c.obj)
 .debug_ranges  0x0000000000000380      0x198 /Users/josephles/ti/simplelink_cc32xx_sdk_7_10_00_13/source/ti/drivers/lib/gcc/m4/drivers_cc32xx.a(TimerCC32XX.c.obj)
 .debug_ranges  0x0000000000000518       0x38 /Users/josephles/ti/simplelink_cc32xx_sdk_7_10_00_13/source/ti/drivers/lib/gcc/m4/drivers_cc32xx.a(List.c.obj)
 .debug_ranges  0x0000000000000550       0x20 /Users/josephles/ti/simplelink_cc32xx_sdk_7_10_00_13/kernel/nortos/lib/gcc/m4/nortos_cc32xx.a(NoRTOS.c.obj)
 .debug_ranges  0x0000000000000570      0x280 /Users/josephles/ti/simplelink_cc32xx_sdk_7_10_00_13/kernel/nortos/lib/gcc/m4/nortos_cc32xx.a(SemaphoreP_nortos.c.obj)
 .debug_ranges  0x00000000000007f0      0x460 /Users/josephles/ti/simplelink_cc32xx_sdk_7_10_00_13/kernel/nortos/lib/gcc/m4/nortos_cc32xx.a(ClockPSysTick_nortos.c.obj)
 .debug_ranges  0x0000000000000c50      0x100 /Users/josephles/ti/simplelink_cc32xx_sdk_7_10_00_13/kernel/nortos/lib/gcc/m4/nortos_cc32xx.a(HwiPCC32XX_nortos.c.obj)
 .debug_ranges  0x0000000000000d50       0x18 /Users/josephles/ti/simplelink_cc32xx_sdk_7_10_00_13/kernel/nortos/lib/gcc/m4/nortos_cc32xx.a(PowerCC32XX_nortos.c.obj)
 .debug_ranges  0x0000000000000d68       0x40 /Users/josephles/ti/simplelink_cc32xx_sdk_7_10_00_13/kernel/nortos/lib/gcc/m4/nortos_cc32xx.a(startup_cc32xx_gcc.c.obj)
 .debug_ranges  0x0000000000000da8      0x178 /Users/josephles/ti/simplelink_cc32xx_sdk_7_10_00_13/kernel/nortos/lib/gcc/m4/nortos_cc32xx.a(SwiP_nortos.c.obj)
 .debug_ranges  0x0000000000000f20       0x38 /Users/josephles/ti/simplelink_cc32xx_sdk_7_10_00_13/source/ti/devices/cc32xx/driverlib/gcc/Release/driverlib.a(cpu.obj)
 .debug_ranges  0x0000000000000f58       0x80 /Users/josephles/ti/simplelink_cc32xx_sdk_7_10_00_13/source/ti/devices/cc32xx/driverlib/gcc/Release/driverlib.a(gpio.obj)
 .debug_ranges  0x0000000000000fd8       0x88 /Users/josephles/ti/simplelink_cc32xx_sdk_7_10_00_13/source/ti/devices/cc32xx/driverlib/gcc/Release/driverlib.a(interrupt.obj)
 .debug_ranges  0x0000000000001060       0xb0 /Users/josephles/ti/simplelink_cc32xx_sdk_7_10_00_13/source/ti/devices/cc32xx/driverlib/gcc/Release/driverlib.a(pin.obj)
 .debug_ranges  0x0000000000001110      0x1e0 /Users/josephles/ti/simplelink_cc32xx_sdk_7_10_00_13/source/ti/devices/cc32xx/driverlib/gcc/Release/driverlib.a(prcm.obj)
 .debug_ranges  0x00000000000012f0       0x50 /Users/josephles/ti/simplelink_cc32xx_sdk_7_10_00_13/source/ti/devices/cc32xx/driverlib/gcc/Release/driverlib.a(systick.obj)
 .debug_ranges  0x0000000000001340       0xc8 /Users/josephles/ti/simplelink_cc32xx_sdk_7_10_00_13/source/ti/devices/cc32xx/driverlib/gcc/Release/driverlib.a(timer.obj)
 .debug_ranges  0x0000000000001408       0x10 /Users/josephles/ti/simplelink_cc32xx_sdk_7_10_00_13/source/ti/devices/cc32xx/driverlib/gcc/Release/driverlib.a(utils.obj)
 .debug_ranges  0x0000000000001418       0x78 /Users/josephles/ti/simplelink_cc32xx_sdk_7_10_00_13/source/ti/devices/cc32xx/driverlib/gcc/Release/driverlib.a(flash.obj)

.debug_line     0x0000000000000000     0xbabd
 .debug_line    0x0000000000000000      0x577 ./gpiointerrupt.o
 .debug_line    0x0000000000000577      0x3cd ./syscfg/ti_drivers_config.o
 .debug_line    0x0000000000000944       0x71 ./main_nortos.o
 .debug_line    0x00000000000009b5      0x44f /Users/josephles/ti/simplelink_cc32xx_sdk_7_10_00_13/source/ti/drivers/lib/gcc/m4/drivers_cc32xx.a(GPIO.c.obj)
 .debug_line    0x0000000000000e04      0xd44 /Users/josephles/ti/simplelink_cc32xx_sdk_7_10_00_13/source/ti/drivers/lib/gcc/m4/drivers_cc32xx.a(GPIOCC32XX.c.obj)
 .debug_line    0x0000000000001b48     0x1887 /Users/josephles/ti/simplelink_cc32xx_sdk_7_10_00_13/source/ti/drivers/lib/gcc/m4/drivers_cc32xx.a(PowerCC32XX.c.obj)
 .debug_line    0x00000000000033cf      0x798 /Users/josephles/ti/simplelink_cc32xx_sdk_7_10_00_13/source/ti/drivers/lib/gcc/m4/drivers_cc32xx.a(Timer.c.obj)
 .debug_line    0x0000000000003b67      0xdae /Users/josephles/ti/simplelink_cc32xx_sdk_7_10_00_13/source/ti/drivers/lib/gcc/m4/drivers_cc32xx.a(TimerCC32XX.c.obj)
 .debug_line    0x0000000000004915      0x5f8 /Users/josephles/ti/simplelink_cc32xx_sdk_7_10_00_13/source/ti/drivers/lib/gcc/m4/drivers_cc32xx.a(List.c.obj)
 .debug_line    0x0000000000004f0d      0x36d /Users/josephles/ti/simplelink_cc32xx_sdk_7_10_00_13/kernel/nortos/lib/gcc/m4/nortos_cc32xx.a(NoRTOS.c.obj)
 .debug_line    0x000000000000527a      0xbfc /Users/josephles/ti/simplelink_cc32xx_sdk_7_10_00_13/kernel/nortos/lib/gcc/m4/nortos_cc32xx.a(SemaphoreP_nortos.c.obj)
 .debug_line    0x0000000000005e76     0x11ae /Users/josephles/ti/simplelink_cc32xx_sdk_7_10_00_13/kernel/nortos/lib/gcc/m4/nortos_cc32xx.a(ClockPSysTick_nortos.c.obj)
 .debug_line    0x0000000000007024      0x950 /Users/josephles/ti/simplelink_cc32xx_sdk_7_10_00_13/kernel/nortos/lib/gcc/m4/nortos_cc32xx.a(HwiPCC32XX_nortos.c.obj)
 .debug_line    0x0000000000007974      0x8bf /Users/josephles/ti/simplelink_cc32xx_sdk_7_10_00_13/kernel/nortos/lib/gcc/m4/nortos_cc32xx.a(PowerCC32XX_nortos.c.obj)
 .debug_line    0x0000000000008233      0x57f /Users/josephles/ti/simplelink_cc32xx_sdk_7_10_00_13/kernel/nortos/lib/gcc/m4/nortos_cc32xx.a(startup_cc32xx_gcc.c.obj)
 .debug_line    0x00000000000087b2      0xd94 /Users/josephles/ti/simplelink_cc32xx_sdk_7_10_00_13/kernel/nortos/lib/gcc/m4/nortos_cc32xx.a(SwiP_nortos.c.obj)
 .debug_line    0x0000000000009546      0x113 /Users/josephles/ti/simplelink_cc32xx_sdk_7_10_00_13/source/ti/devices/cc32xx/driverlib/gcc/Release/driverlib.a(cpu.obj)
 .debug_line    0x0000000000009659      0x402 /Users/josephles/ti/simplelink_cc32xx_sdk_7_10_00_13/source/ti/devices/cc32xx/driverlib/gcc/Release/driverlib.a(gpio.obj)
 .debug_line    0x0000000000009a5b      0x3fa /Users/josephles/ti/simplelink_cc32xx_sdk_7_10_00_13/source/ti/devices/cc32xx/driverlib/gcc/Release/driverlib.a(interrupt.obj)
 .debug_line    0x0000000000009e55      0x3ed /Users/josephles/ti/simplelink_cc32xx_sdk_7_10_00_13/source/ti/devices/cc32xx/driverlib/gcc/Release/driverlib.a(pin.obj)
 .debug_line    0x000000000000a242      0xd2b /Users/josephles/ti/simplelink_cc32xx_sdk_7_10_00_13/source/ti/devices/cc32xx/driverlib/gcc/Release/driverlib.a(prcm.obj)
 .debug_line    0x000000000000af6d      0x15d /Users/josephles/ti/simplelink_cc32xx_sdk_7_10_00_13/source/ti/devices/cc32xx/driverlib/gcc/Release/driverlib.a(systick.obj)
 .debug_line    0x000000000000b0ca      0x581 /Users/josephles/ti/simplelink_cc32xx_sdk_7_10_00_13/source/ti/devices/cc32xx/driverlib/gcc/Release/driverlib.a(timer.obj)
 .debug_line    0x000000000000b64b       0x8a /Users/josephles/ti/simplelink_cc32xx_sdk_7_10_00_13/source/ti/devices/cc32xx/driverlib/gcc/Release/driverlib.a(utils.obj)
 .debug_line    0x000000000000b6d5      0x3e8 /Users/josephles/ti/simplelink_cc32xx_sdk_7_10_00_13/source/ti/devices/cc32xx/driverlib/gcc/Release/driverlib.a(flash.obj)

.debug_str      0x0000000000000000     0x46cc
 .debug_str     0x0000000000000000      0x4e4 ./gpiointerrupt.o
                                        0x53c (size before relaxing)
 .debug_str     0x00000000000004e4      0x7ae ./syscfg/ti_drivers_config.o
                                        0xba0 (size before relaxing)
 .debug_str     0x0000000000000c92       0x11 ./main_nortos.o
                                        0x1ad (size before relaxing)
 .debug_str     0x0000000000000ca3      0x5fd /Users/josephles/ti/simplelink_cc32xx_sdk_7_10_00_13/source/ti/drivers/lib/gcc/m4/drivers_cc32xx.a(GPIO.c.obj)
                                        0x76f (size before relaxing)
 .debug_str     0x00000000000012a0      0x3fc /Users/josephles/ti/simplelink_cc32xx_sdk_7_10_00_13/source/ti/drivers/lib/gcc/m4/drivers_cc32xx.a(GPIOCC32XX.c.obj)
                                        0xaa4 (size before relaxing)
 .debug_str     0x000000000000169c      0x94e /Users/josephles/ti/simplelink_cc32xx_sdk_7_10_00_13/source/ti/drivers/lib/gcc/m4/drivers_cc32xx.a(PowerCC32XX.c.obj)
                                       0x126c (size before relaxing)
 .debug_str     0x0000000000001fea      0x19f /Users/josephles/ti/simplelink_cc32xx_sdk_7_10_00_13/source/ti/drivers/lib/gcc/m4/drivers_cc32xx.a(Timer.c.obj)
                                        0xaf9 (size before relaxing)
 .debug_str     0x0000000000002189      0x2a0 /Users/josephles/ti/simplelink_cc32xx_sdk_7_10_00_13/source/ti/drivers/lib/gcc/m4/drivers_cc32xx.a(TimerCC32XX.c.obj)
                                        0xa4d (size before relaxing)
 .debug_str     0x0000000000002429       0xf5 /Users/josephles/ti/simplelink_cc32xx_sdk_7_10_00_13/source/ti/drivers/lib/gcc/m4/drivers_cc32xx.a(List.c.obj)
                                        0x76c (size before relaxing)
 .debug_str     0x000000000000251e      0x1dc /Users/josephles/ti/simplelink_cc32xx_sdk_7_10_00_13/kernel/nortos/lib/gcc/m4/nortos_cc32xx.a(NoRTOS.c.obj)
                                        0x3e7 (size before relaxing)
 .debug_str     0x00000000000026fa      0x256 /Users/josephles/ti/simplelink_cc32xx_sdk_7_10_00_13/kernel/nortos/lib/gcc/m4/nortos_cc32xx.a(SemaphoreP_nortos.c.obj)
                                        0xa16 (size before relaxing)
 .debug_str     0x0000000000002950      0x330 /Users/josephles/ti/simplelink_cc32xx_sdk_7_10_00_13/kernel/nortos/lib/gcc/m4/nortos_cc32xx.a(ClockPSysTick_nortos.c.obj)
                                        0xb73 (size before relaxing)
 .debug_str     0x0000000000002c80      0x3e9 /Users/josephles/ti/simplelink_cc32xx_sdk_7_10_00_13/kernel/nortos/lib/gcc/m4/nortos_cc32xx.a(HwiPCC32XX_nortos.c.obj)
                                        0xb49 (size before relaxing)
 .debug_str     0x0000000000003069      0x200 /Users/josephles/ti/simplelink_cc32xx_sdk_7_10_00_13/kernel/nortos/lib/gcc/m4/nortos_cc32xx.a(PowerCC32XX_nortos.c.obj)
                                        0x7c1 (size before relaxing)
 .debug_str     0x0000000000003269      0x1db /Users/josephles/ti/simplelink_cc32xx_sdk_7_10_00_13/kernel/nortos/lib/gcc/m4/nortos_cc32xx.a(startup_cc32xx_gcc.c.obj)
                                        0x7fe (size before relaxing)
 .debug_str     0x0000000000003444      0x37a /Users/josephles/ti/simplelink_cc32xx_sdk_7_10_00_13/kernel/nortos/lib/gcc/m4/nortos_cc32xx.a(SwiP_nortos.c.obj)
                                        0xac2 (size before relaxing)
 .debug_str     0x00000000000037be      0x19f /Users/josephles/ti/simplelink_cc32xx_sdk_7_10_00_13/source/ti/devices/cc32xx/driverlib/gcc/Release/driverlib.a(cpu.obj)
                                        0x1bc (size before relaxing)
 .debug_str     0x000000000000395d      0x140 /Users/josephles/ti/simplelink_cc32xx_sdk_7_10_00_13/source/ti/devices/cc32xx/driverlib/gcc/Release/driverlib.a(gpio.obj)
                                        0x2ec (size before relaxing)
 .debug_str     0x0000000000003a9d      0x17f /Users/josephles/ti/simplelink_cc32xx_sdk_7_10_00_13/source/ti/devices/cc32xx/driverlib/gcc/Release/driverlib.a(interrupt.obj)
                                        0x34d (size before relaxing)
 .debug_str     0x0000000000003c1c      0x153 /Users/josephles/ti/simplelink_cc32xx_sdk_7_10_00_13/source/ti/devices/cc32xx/driverlib/gcc/Release/driverlib.a(pin.obj)
                                        0x32a (size before relaxing)
 .debug_str     0x0000000000003d6f      0x4f9 /Users/josephles/ti/simplelink_cc32xx_sdk_7_10_00_13/source/ti/devices/cc32xx/driverlib/gcc/Release/driverlib.a(prcm.obj)
                                        0x893 (size before relaxing)
 .debug_str     0x0000000000004268       0xa5 /Users/josephles/ti/simplelink_cc32xx_sdk_7_10_00_13/source/ti/devices/cc32xx/driverlib/gcc/Release/driverlib.a(systick.obj)
                                        0x229 (size before relaxing)
 .debug_str     0x000000000000430d      0x196 /Users/josephles/ti/simplelink_cc32xx_sdk_7_10_00_13/source/ti/devices/cc32xx/driverlib/gcc/Release/driverlib.a(timer.obj)
                                        0x362 (size before relaxing)
 .debug_str     0x00000000000044a3       0x65 /Users/josephles/ti/simplelink_cc32xx_sdk_7_10_00_13/source/ti/devices/cc32xx/driverlib/gcc/Release/driverlib.a(utils.obj)
                                        0x17e (size before relaxing)
 .debug_str     0x0000000000004508      0x1c4 /Users/josephles/ti/simplelink_cc32xx_sdk_7_10_00_13/source/ti/devices/cc32xx/driverlib/gcc/Release/driverlib.a(flash.obj)
                                        0x330 (size before relaxing)

.comment        0x0000000000000000       0x79
 .comment       0x0000000000000000       0x79 ./gpiointerrupt.o
                                         0x7a (size before relaxing)
 .comment       0x0000000000000079       0x7a ./syscfg/ti_drivers_config.o
 .comment       0x0000000000000079       0x7a ./main_nortos.o
 .comment       0x0000000000000079       0x7a /Users/josephles/ti/simplelink_cc32xx_sdk_7_10_00_13/source/ti/drivers/lib/gcc/m4/drivers_cc32xx.a(GPIO.c.obj)
 .comment       0x0000000000000079       0x7a /Users/josephles/ti/simplelink_cc32xx_sdk_7_10_00_13/source/ti/drivers/lib/gcc/m4/drivers_cc32xx.a(GPIOCC32XX.c.obj)
 .comment       0x0000000000000079       0x7a /Users/josephles/ti/simplelink_cc32xx_sdk_7_10_00_13/source/ti/drivers/lib/gcc/m4/drivers_cc32xx.a(PowerCC32XX.c.obj)
 .comment       0x0000000000000079       0x7a /Users/josephles/ti/simplelink_cc32xx_sdk_7_10_00_13/source/ti/drivers/lib/gcc/m4/drivers_cc32xx.a(Timer.c.obj)
 .comment       0x0000000000000079       0x7a /Users/josephles/ti/simplelink_cc32xx_sdk_7_10_00_13/source/ti/drivers/lib/gcc/m4/drivers_cc32xx.a(TimerCC32XX.c.obj)
 .comment       0x0000000000000079       0x7a /Users/josephles/ti/simplelink_cc32xx_sdk_7_10_00_13/source/ti/drivers/lib/gcc/m4/drivers_cc32xx.a(List.c.obj)
 .comment       0x0000000000000079       0x7a /Users/josephles/ti/simplelink_cc32xx_sdk_7_10_00_13/kernel/nortos/lib/gcc/m4/nortos_cc32xx.a(NoRTOS.c.obj)
 .comment       0x0000000000000079       0x7a /Users/josephles/ti/simplelink_cc32xx_sdk_7_10_00_13/kernel/nortos/lib/gcc/m4/nortos_cc32xx.a(SemaphoreP_nortos.c.obj)
 .comment       0x0000000000000079       0x7a /Users/josephles/ti/simplelink_cc32xx_sdk_7_10_00_13/kernel/nortos/lib/gcc/m4/nortos_cc32xx.a(ClockPSysTick_nortos.c.obj)
 .comment       0x0000000000000079       0x7a /Users/josephles/ti/simplelink_cc32xx_sdk_7_10_00_13/kernel/nortos/lib/gcc/m4/nortos_cc32xx.a(HwiPCC32XX_nortos.c.obj)
 .comment       0x0000000000000079       0x7a /Users/josephles/ti/simplelink_cc32xx_sdk_7_10_00_13/kernel/nortos/lib/gcc/m4/nortos_cc32xx.a(PowerCC32XX_nortos.c.obj)
 .comment       0x0000000000000079       0x7a /Users/josephles/ti/simplelink_cc32xx_sdk_7_10_00_13/kernel/nortos/lib/gcc/m4/nortos_cc32xx.a(startup_cc32xx_gcc.c.obj)
 .comment       0x0000000000000079       0x7a /Users/josephles/ti/simplelink_cc32xx_sdk_7_10_00_13/kernel/nortos/lib/gcc/m4/nortos_cc32xx.a(SwiP_nortos.c.obj)
 .comment       0x0000000000000079       0x7a /Users/josephles/ti/simplelink_cc32xx_sdk_7_10_00_13/source/ti/devices/cc32xx/driverlib/gcc/Release/driverlib.a(cpu.obj)
 .comment       0x0000000000000079       0x7a /Users/josephles/ti/simplelink_cc32xx_sdk_7_10_00_13/source/ti/devices/cc32xx/driverlib/gcc/Release/driverlib.a(gpio.obj)
 .comment       0x0000000000000079       0x7a /Users/josephles/ti/simplelink_cc32xx_sdk_7_10_00_13/source/ti/devices/cc32xx/driverlib/gcc/Release/driverlib.a(interrupt.obj)
 .comment       0x0000000000000079       0x7a /Users/josephles/ti/simplelink_cc32xx_sdk_7_10_00_13/source/ti/devices/cc32xx/driverlib/gcc/Release/driverlib.a(pin.obj)
 .comment       0x0000000000000079       0x7a /Users/josephles/ti/simplelink_cc32xx_sdk_7_10_00_13/source/ti/devices/cc32xx/driverlib/gcc/Release/driverlib.a(prcm.obj)
 .comment       0x0000000000000079       0x7a /Users/josephles/ti/simplelink_cc32xx_sdk_7_10_00_13/source/ti/devices/cc32xx/driverlib/gcc/Release/driverlib.a(systick.obj)
 .comment       0x0000000000000079       0x7a /Users/josephles/ti/simplelink_cc32xx_sdk_7_10_00_13/source/ti/devices/cc32xx/driverlib/gcc/Release/driverlib.a(timer.obj)
 .comment       0x0000000000000079       0x7a /Users/josephles/ti/simplelink_cc32xx_sdk_7_10_00_13/source/ti/devices/cc32xx/driverlib/gcc/Release/driverlib.a(utils.obj)
 .comment       0x0000000000000079       0x7a /Users/josephles/ti/simplelink_cc32xx_sdk_7_10_00_13/source/ti/devices/cc32xx/driverlib/gcc/Release/driverlib.a(flash.obj)

.ARM.attributes
                0x0000000000000000       0x2c
 .ARM.attributes
                0x0000000000000000       0x2e ./gpiointerrupt.o
 .ARM.attributes
                0x000000000000002e       0x2e ./syscfg/ti_drivers_config.o
 .ARM.attributes
                0x000000000000005c       0x2e ./main_nortos.o
 .ARM.attributes
                0x000000000000008a       0x2e /Users/josephles/ti/simplelink_cc32xx_sdk_7_10_00_13/source/ti/drivers/lib/gcc/m4/drivers_cc32xx.a(GPIO.c.obj)
 .ARM.attributes
                0x00000000000000b8       0x2e /Users/josephles/ti/simplelink_cc32xx_sdk_7_10_00_13/source/ti/drivers/lib/gcc/m4/drivers_cc32xx.a(GPIOCC32XX.c.obj)
 .ARM.attributes
                0x00000000000000e6       0x2e /Users/josephles/ti/simplelink_cc32xx_sdk_7_10_00_13/source/ti/drivers/lib/gcc/m4/drivers_cc32xx.a(PowerCC32XX.c.obj)
 .ARM.attributes
                0x0000000000000114       0x1c /Users/josephles/ti/simplelink_cc32xx_sdk_7_10_00_13/source/ti/drivers/lib/gcc/m4/drivers_cc32xx.a(PowerCC32XX_gcc.asm.obj)
 .ARM.attributes
                0x0000000000000130       0x2e /Users/josephles/ti/simplelink_cc32xx_sdk_7_10_00_13/source/ti/drivers/lib/gcc/m4/drivers_cc32xx.a(Timer.c.obj)
 .ARM.attributes
                0x000000000000015e       0x2e /Users/josephles/ti/simplelink_cc32xx_sdk_7_10_00_13/source/ti/drivers/lib/gcc/m4/drivers_cc32xx.a(TimerCC32XX.c.obj)
 .ARM.attributes
                0x000000000000018c       0x2e /Users/josephles/ti/simplelink_cc32xx_sdk_7_10_00_13/source/ti/drivers/lib/gcc/m4/drivers_cc32xx.a(List.c.obj)
 .ARM.attributes
                0x00000000000001ba       0x2e /Users/josephles/ti/simplelink_cc32xx_sdk_7_10_00_13/kernel/nortos/lib/gcc/m4/nortos_cc32xx.a(NoRTOS.c.obj)
 .ARM.attributes
                0x00000000000001e8       0x2e /Users/josephles/ti/simplelink_cc32xx_sdk_7_10_00_13/kernel/nortos/lib/gcc/m4/nortos_cc32xx.a(SemaphoreP_nortos.c.obj)
 .ARM.attributes
                0x0000000000000216       0x2e /Users/josephles/ti/simplelink_cc32xx_sdk_7_10_00_13/kernel/nortos/lib/gcc/m4/nortos_cc32xx.a(ClockPSysTick_nortos.c.obj)
 .ARM.attributes
                0x0000000000000244       0x2e /Users/josephles/ti/simplelink_cc32xx_sdk_7_10_00_13/kernel/nortos/lib/gcc/m4/nortos_cc32xx.a(HwiPCC32XX_nortos.c.obj)
 .ARM.attributes
                0x0000000000000272       0x2e /Users/josephles/ti/simplelink_cc32xx_sdk_7_10_00_13/kernel/nortos/lib/gcc/m4/nortos_cc32xx.a(PowerCC32XX_nortos.c.obj)
 .ARM.attributes
                0x00000000000002a0       0x2e /Users/josephles/ti/simplelink_cc32xx_sdk_7_10_00_13/kernel/nortos/lib/gcc/m4/nortos_cc32xx.a(startup_cc32xx_gcc.c.obj)
 .ARM.attributes
                0x00000000000002ce       0x2e /Users/josephles/ti/simplelink_cc32xx_sdk_7_10_00_13/kernel/nortos/lib/gcc/m4/nortos_cc32xx.a(SwiP_nortos.c.obj)
 .ARM.attributes
                0x00000000000002fc       0x2e /Users/josephles/ti/simplelink_cc32xx_sdk_7_10_00_13/source/ti/devices/cc32xx/driverlib/gcc/Release/driverlib.a(cpu.obj)
 .ARM.attributes
                0x000000000000032a       0x2e /Users/josephles/ti/simplelink_cc32xx_sdk_7_10_00_13/source/ti/devices/cc32xx/driverlib/gcc/Release/driverlib.a(gpio.obj)
 .ARM.attributes
                0x0000000000000358       0x2e /Users/josephles/ti/simplelink_cc32xx_sdk_7_10_00_13/source/ti/devices/cc32xx/driverlib/gcc/Release/driverlib.a(interrupt.obj)
 .ARM.attributes
                0x0000000000000386       0x2e /Users/josephles/ti/simplelink_cc32xx_sdk_7_10_00_13/source/ti/devices/cc32xx/driverlib/gcc/Release/driverlib.a(pin.obj)
 .ARM.attributes
                0x00000000000003b4       0x2e /Users/josephles/ti/simplelink_cc32xx_sdk_7_10_00_13/source/ti/devices/cc32xx/driverlib/gcc/Release/driverlib.a(prcm.obj)
 .ARM.attributes
                0x00000000000003e2       0x2e /Users/josephles/ti/simplelink_cc32xx_sdk_7_10_00_13/source/ti/devices/cc32xx/driverlib/gcc/Release/driverlib.a(systick.obj)
 .ARM.attributes
                0x0000000000000410       0x2e /Users/josephles/ti/simplelink_cc32xx_sdk_7_10_00_13/source/ti/devices/cc32xx/driverlib/gcc/Release/driverlib.a(timer.obj)
 .ARM.attributes
                0x000000000000043e       0x2e /Users/josephles/ti/simplelink_cc32xx_sdk_7_10_00_13/source/ti/devices/cc32xx/driverlib/gcc/Release/driverlib.a(utils.obj)
 .ARM.attributes