Archive member included to satisfy reference by file (symbol)

/Users/josephles/ti/simplelink_cc32xx_sdk_7_10_00_13/source/ti/drivers/lib/gcc/m4/drivers_cc32xx.a(GPIOCC32XX.c.obj)
                              ./syscfg/ti_drivers_config.o (GPIO_init)
/Users/josephles/ti/simplelink_cc32xx_sdk_7_10_00_13/source/ti/drivers/lib/gcc/m4/drivers_cc32xx.a(PowerCC32XX.c.obj)
                              ./syscfg/ti_drivers_config.o (Power_init)
/Users/josephles/ti/simplelink_cc32xx_sdk_7_10_00_13/source/ti/drivers/lib/gcc/m4/drivers_cc32xx.a(PowerCC32XX_gcc.asm.obj)
                              /Users/josephles/ti/simplelink_cc32xx_sdk_7_10_00_13/source/ti/drivers/lib/gcc/m4/drivers_cc32xx.a(PowerCC32XX.c.obj) (PowerCC32XX_enterLPDS)
/Users/josephles/ti/simplelink_cc32xx_sdk_7_10_00_13/source/ti/drivers/lib/gcc/m4/drivers_cc32xx.a(PWM.c.obj)
                              ./pwmled2.o (PWM_init)
/Users/josephles/ti/simplelink_cc32xx_sdk_7_10_00_13/source/ti/drivers/lib/gcc/m4/drivers_cc32xx.a(PWMTimerCC32XX.c.obj)
                              ./syscfg/ti_drivers_config.o (PWMTimerCC32XX_fxnTable)
/Users/josephles/ti/simplelink_cc32xx_sdk_7_10_00_13/source/ti/drivers/lib/gcc/m4/drivers_cc32xx.a(TimerCC32XX.c.obj)
                              /Users/josephles/ti/simplelink_cc32xx_sdk_7_10_00_13/source/ti/drivers/lib/gcc/m4/drivers_cc32xx.a(PWMTimerCC32XX.c.obj) (TimerCC32XX_allocateTimerResource)
/Users/josephles/ti/simplelink_cc32xx_sdk_7_10_00_13/source/ti/drivers/lib/gcc/m4/drivers_cc32xx.a(List.c.obj)
                              /Users/josephles/ti/simplelink_cc32xx_sdk_7_10_00_13/source/ti/drivers/lib/gcc/m4/drivers_cc32xx.a(PowerCC32XX.c.obj) (List_put)
/Users/josephles/ti/simplelink_cc32xx_sdk_7_10_00_13/source/ti/drivers/lib/gcc/m4/drivers_cc32xx.a(Timer.c.obj)
                              /Users/josephles/ti/simplelink_cc32xx_sdk_7_10_00_13/source/ti/drivers/lib/gcc/m4/drivers_cc32xx.a(TimerCC32XX.c.obj) (Timer_stop)
/Users/josephles/ti/simplelink_cc32xx_sdk_7_10_00_13/kernel/nortos/lib/gcc/m4/nortos_cc32xx.a(NoRTOS.c.obj)
                              ./main_nortos.o (NoRTOS_start)
/Users/josephles/ti/simplelink_cc32xx_sdk_7_10_00_13/kernel/nortos/lib/gcc/m4/nortos_cc32xx.a(posix_sleep.c.obj)
                              ./pwmled2.o (usleep)
/Users/josephles/ti/simplelink_cc32xx_sdk_7_10_00_13/kernel/nortos/lib/gcc/m4/nortos_cc32xx.a(SemaphoreP_nortos.c.obj)
                              /Users/josephles/ti/simplelink_cc32xx_sdk_7_10_00_13/source/ti/drivers/lib/gcc/m4/drivers_cc32xx.a(TimerCC32XX.c.obj) (SemaphoreP_constructBinary)
/Users/josephles/ti/simplelink_cc32xx_sdk_7_10_00_13/kernel/nortos/lib/gcc/m4/nortos_cc32xx.a(ClockPSysTick_nortos.c.obj)
                              /Users/josephles/ti/simplelink_cc32xx_sdk_7_10_00_13/kernel/nortos/lib/gcc/m4/nortos_cc32xx.a(SemaphoreP_nortos.c.obj) (ClockP_add)
/Users/josephles/ti/simplelink_cc32xx_sdk_7_10_00_13/kernel/nortos/lib/gcc/m4/nortos_cc32xx.a(HwiPCC32XX_nortos.c.obj)
                              /Users/josephles/ti/simplelink_cc32xx_sdk_7_10_00_13/kernel/nortos/lib/gcc/m4/nortos_cc32xx.a(NoRTOS.c.obj) (HwiP_enable)
/Users/josephles/ti/simplelink_cc32xx_sdk_7_10_00_13/kernel/nortos/lib/gcc/m4/nortos_cc32xx.a(PowerCC32XX_nortos.c.obj)
                              ./syscfg/ti_drivers_config.o (PowerCC32XX_initPolicy)
/Users/josephles/ti/simplelink_cc32xx_sdk_7_10_00_13/kernel/nortos/lib/gcc/m4/nortos_cc32xx.a(startup_cc32xx_gcc.c.obj)
                              (resetISR)
/Users/josephles/ti/simplelink_cc32xx_sdk_7_10_00_13/kernel/nortos/lib/gcc/m4/nortos_cc32xx.a(SwiP_nortos.c.obj)
                              /Users/josephles/ti/simplelink_cc32xx_sdk_7_10_00_13/kernel/nortos/lib/gcc/m4/nortos_cc32xx.a(PowerCC32XX_nortos.c.obj) (SwiP_disable)
/Users/josephles/ti/simplelink_cc32xx_sdk_7_10_00_13/source/ti/devices/cc32xx/driverlib/gcc/Release/driverlib.a(cpu.obj)
                              /Users/josephles/ti/simplelink_cc32xx_sdk_7_10_00_13/kernel/nortos/lib/gcc/m4/nortos_cc32xx.a(HwiPCC32XX_nortos.c.obj) (CPUprimask)
/Users/josephles/ti/simplelink_cc32xx_sdk_7_10_00_13/source/ti/devices/cc32xx/driverlib/gcc/Release/driverlib.a(gpio.obj)
                              /Users/josephles/ti/simplelink_cc32xx_sdk_7_10_00_13/source/ti/drivers/lib/gcc/m4/drivers_cc32xx.a(GPIOCC32XX.c.obj) (GPIODirModeSet)
/Users/josephles/ti/simplelink_cc32xx_sdk_7_10_00_13/source/ti/devices/cc32xx/driverlib/gcc/Release/driverlib.a(hwspinlock.obj)
                              /Users/josephles/ti/simplelink_cc32xx_sdk_7_10_00_13/source/ti/drivers/lib/gcc/m4/drivers_cc32xx.a(PowerCC32XX.c.obj) (HwSpinLockTryAcquire)
/Users/josephles/ti/simplelink_cc32xx_sdk_7_10_00_13/source/ti/devices/cc32xx/driverlib/gcc/Release/driverlib.a(interrupt.obj)
                              /Users/josephles/ti/simplelink_cc32xx_sdk_7_10_00_13/kernel/nortos/lib/gcc/m4/nortos_cc32xx.a(HwiPCC32XX_nortos.c.obj) (IntMasterEnable)
[...]
Memory Configuration

Name             Origin             Length             Attributes
SRAM             0x0000000020004000 0x000000000003c000 xrw
LOG_DATA         0x0000000090000000 0x0000000000040000 r
LOG_PTR          0x0000000094000008 0x0000000000040000 r
*default*        0x0000000000000000 0xffffffffffffffff

Linker script and memory map

LOAD ./main_nortos.o
LOAD ./pwmled2.o
LOAD ./syscfg/ti_drivers_config.o
                0x0000000000001000                STACKSIZE = 0x1000
                0x0000000000008000                HEAP_SIZE = 0x8000
                0x0000000020004000                PROVIDE (_resetVecs_base_address = DEFINED (_resetVecs_base_address)?_resetVecs_base_address:0x20004000)

.resetVecs      0x0000000020004000       0x40
 *(.resetVecs)
 .resetVecs     0x0000000020004000       0x40 /Users/josephles/ti/simplelink_cc32xx_sdk_7_10_00_13/kernel/nortos/lib/gcc/m4/nortos_cc32xx.a(startup_cc32xx_gcc.c.obj)

.ramVecs        0x0000000020004400      0x30c
 *(.ramVecs)
 .ramVecs       0x0000000020004400      0x30c /Users/josephles/ti/simplelink_cc32xx_sdk_7_10_00_13/kernel/nortos/lib/gcc/m4/nortos_cc32xx.a(startup_cc32xx_gcc.c.obj)

.text           0x0000000020004710     0x3acc
 CREATE_OBJECT_SYMBOLS
 *(.text)
 .text          0x0000000020004710       0x98 /Users/josephles/ti/simplelink_cc32xx_sdk_7_10_00_13/source/ti/drivers/lib/gcc/m4/drivers_cc32xx.a(PowerCC32XX_gcc.asm.obj)
                0x0000000020004710                PowerCC32XX_enterLPDS
                0x0000000020004754                PowerCC32XX_resumeLPDS
 .text          0x00000000200047a8       0x30 /Applications/ti/ccs1270/ccs/tools/compiler/gcc-arm-none-eabi-9-2019-q4-major/bin/../lib/gcc/arm-none-eabi/9.2.1/thumb/v7e-m/nofp/libgcc.a(_aeabi_uldivmod.o)
                0x00000000200047a8                __aeabi_uldivmod
 .text          0x00000000200047d8      0x2c0 /Applications/ti/ccs1270/ccs/tools/compiler/gcc-arm-none-eabi-9-2019-q4-major/bin/../lib/gcc/arm-none-eabi/9.2.1/thumb/v7e-m/nofp/libgcc.a(_udivmoddi4.o)
                0x00000000200047d8                __udivmoddi4
 .text          0x0000000020004a98        0x4 /Applications/ti/ccs1270/ccs/tools/compiler/gcc-arm-none-eabi-9-2019-q4-major/bin/../lib/gcc/arm-none-eabi/9.2.1/thumb/v7e-m/nofp/libgcc.a(_dvmd_tls.o)
                0x0000000020004a98                __aeabi_ldiv0
                0x0000000020004a98                __aeabi_idiv0
 *(.text.*)
 .text.startup.main
                0x0000000020004a9c       0x14 ./main_nortos.o
                0x0000000020004a9c                main
 .text.mainThread
                0x0000000020004ab0       0x80 ./pwmled2.o
                0x0000000020004ab0                mainThread
 .text.Board_initHook
                0x0000000020004b30        0x4 ./syscfg/ti_drivers_config.o
                0x0000000020004b30                Board_initHook
 .text.Board_init
                0x0000000020004b34       0x14 ./syscfg/ti_drivers_config.o
                0x0000000020004b34                Board_init
 .text.GPIO_hwiIntFxn
                0x0000000020004b48       0x54 /Users/josephles/ti/simplelink_cc32xx_sdk_7_10_00_13/source/ti/drivers/lib/gcc/m4/drivers_cc32xx.a(GPIOCC32XX.c.obj)
                0x0000000020004b48                GPIO_hwiIntFxn
 .text.GPIO_setInterruptConfig
                0x0000000020004b9c       0x9c /Users/josephles/ti/simplelink_cc32xx_sdk_7_10_00_13/source/ti/drivers/lib/gcc/m4/drivers_cc32xx.a(GPIOCC32XX.c.obj)
                0x0000000020004b9c                GPIO_setInterruptConfig
 .text.GPIO_setConfig
                0x0000000020004c38      0x160 /Users/josephles/ti/simplelink_cc32xx_sdk_7_10_00_13/source/ti/drivers/lib/gcc/m4/drivers_cc32xx.a(GPIOCC32XX.c.obj)
                0x0000000020004c38                GPIO_setConfig
 .text.GPIO_init
                0x0000000020004d98       0xa0 /Users/josephles/ti/simplelink_cc32xx_sdk_7_10_00_13/source/ti/drivers/lib/gcc/m4/drivers_cc32xx.a(GPIOCC32XX.c.obj)
                0x0000000020004d98                GPIO_init
 .text.powerNotifyFxn
                0x0000000020004e38       0x84 /Users/josephles/ti/simplelink_cc32xx_sdk_7_10_00_13/source/ti/drivers/lib/gcc/m4/drivers_cc32xx.a(GPIOCC32XX.c.obj)
 .text.Power_disablePolicy
                0x0000000020004ebc       0x14 /Users/josephles/ti/simplelink_cc32xx_sdk_7_10_00_13/source/ti/drivers/lib/gcc/m4/drivers_cc32xx.a(PowerCC32XX.c.obj)
                0x0000000020004ebc                Power_disablePolicy
 .text.Power_enablePolicy
                0x0000000020004ed0       0x10 /Users/josephles/ti/simplelink_cc32xx_sdk_7_10_00_13/source/ti/drivers/lib/gcc/m4/drivers_cc32xx.a(PowerCC32XX.c.obj)
                0x0000000020004ed0                Power_enablePolicy
 .text.Power_getConstraintMask
                0x0000000020004ee0        0xc /Users/josephles/ti/simplelink_cc32xx_sdk_7_10_00_13/source/ti/drivers/lib/gcc/m4/drivers_cc32xx.a(PowerCC32XX.c.obj)
                0x0000000020004ee0                Power_getConstraintMask
 .text.Power_getTransitionLatency
                0x0000000020004eec       0x14 /Users/josephles/ti/simplelink_cc32xx_sdk_7_10_00_13/source/ti/drivers/lib/gcc/m4/drivers_cc32xx.a(PowerCC32XX.c.obj)
                0x0000000020004eec                Power_getTransitionLatency
 .text.Power_idleFunc
                0x0000000020004f00       0x14 /Users/josephles/ti/simplelink_cc32xx_sdk_7_10_00_13/source/ti/drivers/lib/gcc/m4/drivers_cc32xx.a(PowerCC32XX.c.obj)
                0x0000000020004f00                Power_idleFunc
 .text.Power_init
                0x0000000020004f14       0xd8 /Users/josephles/ti/simplelink_cc32xx_sdk_7_10_00_13/source/ti/drivers/lib/gcc/m4/drivers_cc32xx.a(PowerCC32XX.c.obj)
                0x0000000020004f14                Power_init
 .text.Power_registerNotify
                0x0000000020004fec       0x24 /Users/josephles/ti/simplelink_cc32xx_sdk_7_10_00_13/source/ti/drivers/lib/gcc/m4/drivers_cc32xx.a(PowerCC32XX.c.obj)
                0x0000000020004fec                Power_registerNotify
 .text.Power_releaseConstraint
                0x0000000020005010       0x4c /Users/josephles/ti/simplelink_cc32xx_sdk_7_10_00_13/source/ti/drivers/lib/gcc/m4/drivers_cc32xx.a(PowerCC32XX.c.obj)
                0x0000000020005010                Power_releaseConstraint
 .text.Power_releaseDependency
                0x000000002000505c       0x54 /Users/josephles/ti/simplelink_cc32xx_sdk_7_10_00_13/source/ti/drivers/lib/gcc/m4/drivers_cc32xx.a(PowerCC32XX.c.obj)
                0x000000002000505c                Power_releaseDependency
 .text.Power_setConstraint
                0x00000000200050b0       0x38 /Users/josephles/ti/simplelink_cc32xx_sdk_7_10_00_13/source/ti/drivers/lib/gcc/m4/drivers_cc32xx.a(PowerCC32XX.c.obj)
                0x00000000200050b0                Power_setConstraint
 .text.Power_setDependency
                0x00000000200050e8       0x78 /Users/josephles/ti/simplelink_cc32xx_sdk_7_10_00_13/source/ti/drivers/lib/gcc/m4/drivers_cc32xx.a(PowerCC32XX.c.obj)
                0x00000000200050e8                Power_setDependency
 .text.Power_sleep
                0x0000000020005160      0x554 /Users/josephles/ti/simplelink_cc32xx_sdk_7_10_00_13/source/ti/drivers/lib/gcc/m4/drivers_cc32xx.a(PowerCC32XX.c.obj)
                0x0000000020005160                Power_sleep
 .text.Power_unregisterNotify
                0x00000000200056b4       0x20 /Users/josephles/ti/simplelink_cc32xx_sdk_7_10_00_13/source/ti/drivers/lib/gcc/m4/drivers_cc32xx.a(PowerCC32XX.c.obj)
                0x00000000200056b4                Power_unregisterNotify
 .text.PowerCC32XX_setParkState
                0x00000000200056d4       0x64 /Users/josephles/ti/simplelink_cc32xx_sdk_7_10_00_13/source/ti/drivers/lib/gcc/m4/drivers_cc32xx.a(PowerCC32XX.c.obj)
                0x00000000200056d4                PowerCC32XX_setParkState
 .text.PWM_init
                0x0000000020005738       0x4c /Users/josephles/ti/simplelink_cc32xx_sdk_7_10_00_13/source/ti/drivers/lib/gcc/m4/drivers_cc32xx.a(PWM.c.obj)
                0x0000000020005738                PWM_init
 .text.PWM_open
                0x0000000020005784       0x44 /Users/josephles/ti/simplelink_cc32xx_sdk_7_10_00_13/source/ti/drivers/lib/gcc/m4/drivers_cc32xx.a(PWM.c.obj)
                0x0000000020005784                PWM_open
 .text.PWM_Params_init
                0x00000000200057c8       0x1c /Users/josephles/ti/simplelink_cc32xx_sdk_7_10_00_13/source/ti/drivers/lib/gcc/m4/drivers_cc32xx.a(PWM.c.obj)
                0x00000000200057c8                PWM_Params_init
 .text.PWM_setDuty
                0x00000000200057e4        0x8 /Users/josephles/ti/simplelink_cc32xx_sdk_7_10_00_13/source/ti/drivers/lib/gcc/m4/drivers_cc32xx.a(PWM.c.obj)
                0x00000000200057e4                PWM_setDuty
 .text.PWM_start
                0x00000000200057ec        0x8 /Users/josephles/ti/simplelink_cc32xx_sdk_7_10_00_13/source/ti/drivers/lib/gcc/m4/drivers_cc32xx.a(PWM.c.obj)
                0x00000000200057ec                PWM_start
 .text.PWMTimerCC32XX_control
                0x00000000200057f4        0x8 /Users/josephles/ti/simplelink_cc32xx_sdk_7_10_00_13/source/ti/drivers/lib/gcc/m4/drivers_cc32xx.a(PWMTimerCC32XX.c.obj)
                0x00000000200057f4                PWMTimerCC32XX_control
 .text.PWMTimerCC32XX_init
                0x00000000200057fc        0x4 /Users/josephles/ti/simplelink_cc32xx_sdk_7_10_00_13/source/ti/drivers/lib/gcc/m4/drivers_cc32xx.a(PWMTimerCC32XX.c.obj)
                0x00000000200057fc                PWMTimerCC32XX_init
 .text.PWMTimerCC32XX_start
                0x0000000020005800       0x60 /Users/josephles/ti/simplelink_cc32xx_sdk_7_10_00_13/source/ti/drivers/lib/gcc/m4/drivers_cc32xx.a(PWMTimerCC32XX.c.obj)
                0x0000000020005800                PWMTimerCC32XX_start
 .text.PWMTimerCC32XX_stop
                0x0000000020005860       0xbc /Users/josephles/ti/simplelink_cc32xx_sdk_7_10_00_13/source/ti/drivers/lib/gcc/m4/drivers_cc32xx.a(PWMTimerCC32XX.c.obj)
                0x0000000020005860                PWMTimerCC32XX_stop
 .text.PWMTimerCC32XX_close
                0x000000002000591c       0xe0 /Users/josephles/ti/simplelink_cc32xx_sdk_7_10_00_13/source/ti/drivers/lib/gcc/m4/drivers_cc32xx.a(PWMTimerCC32XX.c.obj)
                0x000000002000591c                PWMTimerCC32XX_close
 .text.PWMTimerCC32XX_setDuty
                0x00000000200059fc       0xf4 /Users/josephles/ti/simplelink_cc32xx_sdk_7_10_00_13/source/ti/drivers/lib/gcc/m4/drivers_cc32xx.a(PWMTimerCC32XX.c.obj)
                0x00000000200059fc                PWMTimerCC32XX_setDuty
 .text.PWMTimerCC32XX_setPeriod
                0x0000000020005af0       0xd0 /Users/josephles/ti/simplelink_cc32xx_sdk_7_10_00_13/source/ti/drivers/lib/gcc/m4/drivers_cc32xx.a(PWMTimerCC32XX.c.obj)
                0x0000000020005af0                PWMTimerCC32XX_setPeriod
 .text.initHw   0x0000000020005bc0       0x9c /Users/josephles/ti/simplelink_cc32xx_sdk_7_10_00_13/source/ti/drivers/lib/gcc/m4/drivers_cc32xx.a(PWMTimerCC32XX.c.obj)
 .text.postNotifyFxn
                0x0000000020005c5c       0x14 /Users/josephles/ti/simplelink_cc32xx_sdk_7_10_00_13/source/ti/drivers/lib/gcc/m4/drivers_cc32xx.a(PWMTimerCC32XX.c.obj)
 .text.PWMTimerCC32XX_open
                0x0000000020005c70      0x14c /Users/josephles/ti/simplelink_cc32xx_sdk_7_10_00_13/source/ti/drivers/lib/gcc/m4/drivers_cc32xx.a(PWMTimerCC32XX.c.obj)
                0x0000000020005c70                PWMTimerCC32XX_open
 .text.PWMTimerCC32XX_setDutyAndPeriod
                0x0000000020005dbc      0x240 /Users/josephles/ti/simplelink_cc32xx_sdk_7_10_00_13/source/ti/drivers/lib/gcc/m4/drivers_cc32xx.a(PWMTimerCC32XX.c.obj)
                0x0000000020005dbc                PWMTimerCC32XX_setDutyAndPeriod
 .text.TimerCC32XX_allocateTimerResource
                0x0000000020005ffc       0x78 /Users/josephles/ti/simplelink_cc32xx_sdk_7_10_00_13/source/ti/drivers/lib/gcc/m4/drivers_cc32xx.a(TimerCC32XX.c.obj)
                0x0000000020005ffc                TimerCC32XX_allocateTimerResource
 .text.TimerCC32XX_freeTimerResource
                0x0000000020006074       0x7c /Users/josephles/ti/simplelink_cc32xx_sdk_7_10_00_13/source/ti/drivers/lib/gcc/m4/drivers_cc32xx.a(TimerCC32XX.c.obj)
                0x0000000020006074                TimerCC32XX_freeTimerResource
 .text.List_put
                0x00000000200060f0       0x2c /Users/josephles/ti/simplelink_cc32xx_sdk_7_10_00_13/source/ti/drivers/lib/gcc/m4/drivers_cc32xx.a(List.c.obj)
                0x00000000200060f0                List_put
 .text.List_remove
                0x000000002000611c       0x30 /Users/josephles/ti/simplelink_cc32xx_sdk_7_10_00_13/source/ti/drivers/lib/gcc/m4/drivers_cc32xx.a(List.c.obj)
                0x000000002000611c                List_remove
 .text.NoRTOS_start
                0x000000002000614c        0x4 /Users/josephles/ti/simplelink_cc32xx_sdk_7_10_00_13/kernel/nortos/lib/gcc/m4/nortos_cc32xx.a(NoRTOS.c.obj)
                0x000000002000614c                NoRTOS_start
 .text.usleep   0x0000000020006150        0x4 /Users/josephles/ti/simplelink_cc32xx_sdk_7_10_00_13/kernel/nortos/lib/gcc/m4/nortos_cc32xx.a(posix_sleep.c.obj)
                0x0000000020006150                usleep
 .text.clkFxn   0x0000000020006154        0x4 /Users/josephles/ti/simplelink_cc32xx_sdk_7_10_00_13/kernel/nortos/lib/gcc/m4/nortos_cc32xx.a(SemaphoreP_nortos.c.obj)
                0x0000000020006154                clkFxn
 .text.SemaphoreP_construct
                0x0000000020006158       0x60 /Users/josephles/ti/simplelink_cc32xx_sdk_7_10_00_13/kernel/nortos/lib/gcc/m4/nortos_cc32xx.a(SemaphoreP_nortos.c.obj)
                0x0000000020006158                SemaphoreP_construct
 .text.SemaphoreP_createBinary
                0x00000000200061b8       0x40 /Users/josephles/ti/simplelink_cc32xx_sdk_7_10_00_13/kernel/nortos/lib/gcc/m4/nortos_cc32xx.a(SemaphoreP_nortos.c.obj)
                0x00000000200061b8                SemaphoreP_createBinary
 .text.SemaphoreP_destruct
                0x00000000200061f8        0x4 /Users/josephles/ti/simplelink_cc32xx_sdk_7_10_00_13/kernel/nortos/lib/gcc/m4/nortos_cc32xx.a(SemaphoreP_nortos.c.obj)
                0x00000000200061f8                SemaphoreP_destruct
 .text.SemaphoreP_delete
                0x00000000200061fc        0x4 /Users/josephles/ti/simplelink_cc32xx_sdk_7_10_00_13/kernel/nortos/lib/gcc/m4/nortos_cc32xx.a(SemaphoreP_nortos.c.obj)
                0x00000000200061fc                SemaphoreP_delete
 .text.SemaphoreP_pend
                0x0000000020006200       0xfc /Users/josephles/ti/simplelink_cc32xx_sdk_7_10_00_13/kernel/nortos/lib/gcc/m4/nortos_cc32xx.a(SemaphoreP_nortos.c.obj)
                0x0000000020006200                SemaphoreP_pend
 .text.SemaphoreP_post
                0x00000000200062fc       0x44 /Users/josephles/ti/simplelink_cc32xx_sdk_7_10_00_13/kernel/nortos/lib/gcc/m4/nortos_cc32xx.a(SemaphoreP_nortos.c.obj)
                0x00000000200062fc                SemaphoreP_post
 .text.ClockP_sysTickHandler
                0x0000000020006340       0x7c /Users/josephles/ti/simplelink_cc32xx_sdk_7_10_00_13/kernel/nortos/lib/gcc/m4/nortos_cc32xx.a(ClockPSysTick_nortos.c.obj)
                0x0000000020006340                ClockP_sysTickHandler
 .text.ClockP_add
                0x00000000200063bc       0x14 /Users/josephles/ti/simplelink_cc32xx_sdk_7_10_00_13/kernel/nortos/lib/gcc/m4/nortos_cc32xx.a(ClockPSysTick_nortos.c.obj)
                0x00000000200063bc                ClockP_add
 .text.ClockP_destruct
                0x00000000200063d0       0x44 /Users/josephles/ti/simplelink_cc32xx_sdk_7_10_00_13/kernel/nortos/lib/gcc/m4/nortos_cc32xx.a(ClockPSysTick_nortos.c.obj)
                0x00000000200063d0                ClockP_destruct
 .text.ClockP_doTick
                0x0000000020006414        0x4 /Users/josephles/ti/simplelink_cc32xx_sdk_7_10_00_13/kernel/nortos/lib/gcc/m4/nortos_cc32xx.a(ClockPSysTick_nortos.c.obj)
                0x0000000020006414                ClockP_doTick
 .text.ClockP_getCpuFreq
                0x0000000020006418       0x10 /Users/josephles/ti/simplelink_cc32xx_sdk_7_10_00_13/kernel/nortos/lib/gcc/m4/nortos_cc32xx.a(ClockPSysTick_nortos.c.obj)
                0x0000000020006418                ClockP_getCpuFreq
 .text.ClockP_getSystemTicks
                0x0000000020006428       0x70 /Users/josephles/ti/simplelink_cc32xx_sdk_7_10_00_13/kernel/nortos/lib/gcc/m4/nortos_cc32xx.a(ClockPSysTick_nortos.c.obj)
                0x0000000020006428                ClockP_getSystemTicks
 .text.ClockP_getTicksUntilInterrupt
                0x0000000020006498       0x40 /Users/josephles/ti/simplelink_cc32xx_sdk_7_10_00_13/kernel/nortos/lib/gcc/m4/nortos_cc32xx.a(ClockPSysTick_nortos.c.obj)
                0x0000000020006498                ClockP_getTicksUntilInterrupt
 .text.ClockP_isActive
                0x00000000200064d8        0xc /Users/josephles/ti/simplelink_cc32xx_sdk_7_10_00_13/kernel/nortos/lib/gcc/m4/nortos_cc32xx.a(ClockPSysTick_nortos.c.obj)
                0x00000000200064d8                ClockP_isActive
 .text.ClockP_setTicks
                0x00000000200064e4       0x10 /Users/josephles/ti/simplelink_cc32xx_sdk_7_10_00_13/kernel/nortos/lib/gcc/m4/nortos_cc32xx.a(ClockPSysTick_nortos.c.obj)
                0x00000000200064e4                ClockP_setTicks
 .text.ClockP_start
                0x00000000200064f4       0xa8 /Users/josephles/ti/simplelink_cc32xx_sdk_7_10_00_13/kernel/nortos/lib/gcc/m4/nortos_cc32xx.a(ClockPSysTick_nortos.c.obj)
                0x00000000200064f4                ClockP_start
 .text.ClockP_startup
                0x000000002000659c       0x68 /Users/josephles/ti/simplelink_cc32xx_sdk_7_10_00_13/kernel/nortos/lib/gcc/m4/nortos_cc32xx.a(ClockPSysTick_nortos.c.obj)
                0x000000002000659c                ClockP_startup
 .text.ClockP_usleep
                0x0000000020006604      0x16c /Users/josephles/ti/simplelink_cc32xx_sdk_7_10_00_13/kernel/nortos/lib/gcc/m4/nortos_cc32xx.a(ClockPSysTick_nortos.c.obj)
                0x0000000020006604                ClockP_usleep
 .text.HwiP_dispatch
                0x0000000020006770       0x1c /Users/josephles/ti/simplelink_cc32xx_sdk_7_10_00_13/kernel/nortos/lib/gcc/m4/nortos_cc32xx.a(HwiPCC32XX_nortos.c.obj)
                0x0000000020006770                HwiP_dispatch
 .text.HwiP_enable
                0x000000002000678c        0x4 /Users/josephles/ti/simplelink_cc32xx_sdk_7_10_00_13/kernel/nortos/lib/gcc/m4/nortos_cc32xx.a(HwiPCC32XX_nortos.c.obj)
                0x000000002000678c                HwiP_enable
 .text.HwiP_disable
                0x0000000020006790        0x8 /Users/josephles/ti/simplelink_cc32xx_sdk_7_10_00_13/kernel/nortos/lib/gcc/m4/nortos_cc32xx.a(HwiPCC32XX_nortos.c.obj)
                0x0000000020006790                HwiP_disable
 .text.HwiP_restore
                0x0000000020006798        0x8 /Users/josephles/ti/simplelink_cc32xx_sdk_7_10_00_13/kernel/nortos/lib/gcc/m4/nortos_cc32xx.a(HwiPCC32XX_nortos.c.obj)
                0x0000000020006798                HwiP_restore
 .text.HwiP_create
                0x00000000200067a0       0x90 /Users/josephles/ti/simplelink_cc32xx_sdk_7_10_00_13/kernel/nortos/lib/gcc/m4/nortos_cc32xx.a(HwiPCC32XX_nortos.c.obj)
                0x00000000200067a0                HwiP_create
 .text.HwiP_Params_init
                0x0000000020006830       0x14 /Users/josephles/ti/simplelink_cc32xx_sdk_7_10_00_13/kernel/nortos/lib/gcc/m4/nortos_cc32xx.a(HwiPCC32XX_nortos.c.obj)
                0x0000000020006830                HwiP_Params_init
 .text.HwiP_post
                0x0000000020006844        0x4 /Users/josephles/ti/simplelink_cc32xx_sdk_7_10_00_13/kernel/nortos/lib/gcc/m4/nortos_cc32xx.a(HwiPCC32XX_nortos.c.obj)
                0x0000000020006844                HwiP_post
 .text.HwiP_inISR
                0x0000000020006848       0x10 /Users/josephles/ti/simplelink_cc32xx_sdk_7_10_00_13/kernel/nortos/lib/gcc/m4/nortos_cc32xx.a(HwiPCC32XX_nortos.c.obj)
                0x0000000020006848                HwiP_inISR
 .text.PowerCC32XX_initPolicy
                0x0000000020006858        0x4 /Users/josephles/ti/simplelink_cc32xx_sdk_7_10_00_13/kernel/nortos/lib/gcc/m4/nortos_cc32xx.a(PowerCC32XX_nortos.c.obj)
                0x0000000020006858                PowerCC32XX_initPolicy
 .text.PowerCC32XX_sleepPolicy
                0x000000002000685c      0x220 /Users/josephles/ti/simplelink_cc32xx_sdk_7_10_00_13/kernel/nortos/lib/gcc/m4/nortos_cc32xx.a(PowerCC32XX_nortos.c.obj)
                0x000000002000685c                PowerCC32XX_sleepPolicy
 .text.nmiISR   0x0000000020006a7c        0x4 /Users/josephles/ti/simplelink_cc32xx_sdk_7_10_00_13/kernel/nortos/lib/gcc/m4/nortos_cc32xx.a(startup_cc32xx_gcc.c.obj)
 .text.faultISR
                0x0000000020006a80        0x4 /Users/josephles/ti/simplelink_cc32xx_sdk_7_10_00_13/kernel/nortos/lib/gcc/m4/nortos_cc32xx.a(startup_cc32xx_gcc.c.obj)
 .text.busFaultHandler
                0x0000000020006a84        0x4 /Users/josephles/ti/simplelink_cc32xx_sdk_7_10_00_13/kernel/nortos/lib/gcc/m4/nortos_cc32xx.a(startup_cc32xx_gcc.c.obj)
 .text.defaultHandler
                0x0000000020006a88        0x4 /Users/josephles/ti/simplelink_cc32xx_sdk_7_10_00_13/kernel/nortos/lib/gcc/m4/nortos_cc32xx.a(startup_cc32xx_gcc.c.obj)
 .text.resetISR
                0x0000000020006a8c       0x14 /Users/josephles/ti/simplelink_cc32xx_sdk_7_10_00_13/kernel/nortos/lib/gcc/m4/nortos_cc32xx.a(startup_cc32xx_gcc.c.obj)
                0x0000000020006a8c                resetISR
 .text.localProgramStart
                0x0000000020006aa0       0xc4 /Users/josephles/ti/simplelink_cc32xx_sdk_7_10_00_13/kernel/nortos/lib/gcc/m4/nortos_cc32xx.a(startup_cc32xx_gcc.c.obj)
                0x0000000020006aa0                localProgramStart
 .text._fini    0x0000000020006b64        0x4 /Users/josephles/ti/simplelink_cc32xx_sdk_7_10_00_13/kernel/nortos/lib/gcc/m4/nortos_cc32xx.a(startup_cc32xx_gcc.c.obj)
                0x0000000020006b64                _fini
 .text.SwiP_disable
                0x0000000020006b68       0x1c /Users/josephles/ti/simplelink_cc32xx_sdk_7_10_00_13/kernel/nortos/lib/gcc/m4/nortos_cc32xx.a(SwiP_nortos.c.obj)
                0x0000000020006b68                SwiP_disable
 .text.SwiP_restore
                0x0000000020006b84       0x48 /Users/josephles/ti/simplelink_cc32xx_sdk_7_10_00_13/kernel/nortos/lib/gcc/m4/nortos_cc32xx.a(SwiP_nortos.c.obj)
                0x0000000020006b84                SwiP_restore
 .text.CPUcpsid
                0x0000000020006bcc       0x16 /Users/josephles/ti/simplelink_cc32xx_sdk_7_10_00_13/source/ti/devices/cc32xx/driverlib/gcc/Release/driverlib.a(cpu.obj)
                0x0000000020006bcc                CPUcpsid
 .text.CPUcpsie
                0x0000000020006be2       0x16 /Users/josephles/ti/simplelink_cc32xx_sdk_7_10_00_13/source/ti/devices/cc32xx/driverlib/gcc/Release/driverlib.a(cpu.obj)
                0x0000000020006be2                CPUcpsie
 .text.CPUwfi   0x0000000020006bf8        0xe /Users/josephles/ti/simplelink_cc32xx_sdk_7_10_00_13/source/ti/devices/cc32xx/driverlib/gcc/Release/driverlib.a(cpu.obj)
                0x0000000020006bf8                CPUwfi
 .text.GPIODirModeSet
                0x0000000020006c06       0x46 /Users/josephles/ti/simplelink_cc32xx_sdk_7_10_00_13/source/ti/devices/cc32xx/driverlib/gcc/Release/driverlib.a(gpio.obj)
                0x0000000020006c06                GPIODirModeSet
 .text.GPIOIntTypeSet
                0x0000000020006c4c       0xa2 /Users/josephles/ti/simplelink_cc32xx_sdk_7_10_00_13/source/ti/devices/cc32xx/driverlib/gcc/Release/driverlib.a(gpio.obj)
                0x0000000020006c4c                GPIOIntTypeSet
 .text.GPIOIntEnable
                0x0000000020006cee       0x2a /Users/josephles/ti/simplelink_cc32xx_sdk_7_10_00_13/source/ti/devices/cc32xx/driverlib/gcc/Release/driverlib.a(gpio.obj)
                0x0000000020006cee                GPIOIntEnable
 .text.GPIOIntDisable
                0x0000000020006d18       0x2a /Users/josephles/ti/simplelink_cc32xx_sdk_7_10_00_13/source/ti/devices/cc32xx/driverlib/gcc/Release/driverlib.a(gpio.obj)
                0x0000000020006d18                GPIOIntDisable
 .text.GPIOIntStatus
                0x0000000020006d42       0x2e /Users/josephles/ti/simplelink_cc32xx_sdk_7_10_00_13/source/ti/devices/cc32xx/driverlib/gcc/Release/driverlib.a(gpio.obj)
                0x0000000020006d42                GPIOIntStatus
 .text.GPIOIntClear
                0x0000000020006d70       0x20 /Users/josephles/ti/simplelink_cc32xx_sdk_7_10_00_13/source/ti/devices/cc32xx/driverlib/gcc/Release/driverlib.a(gpio.obj)
                0x0000000020006d70                GPIOIntClear
 .text.GPIOPinWrite
                0x0000000020006d90       0x2a /Users/josephles/ti/simplelink_cc32xx_sdk_7_10_00_13/source/ti/devices/cc32xx/driverlib/gcc/Release/driverlib.a(gpio.obj)
                0x0000000020006d90                GPIOPinWrite
 .text.IntMasterEnable
                0x0000000020006dba       0x10 /Users/josephles/ti/simplelink_cc32xx_sdk_7_10_00_13/source/ti/devices/cc32xx/driverlib/gcc/Release/driverlib.a(interrupt.obj)
                0x0000000020006dba                IntMasterEnable
 .text.IntMasterDisable
                0x0000000020006dca       0x10 /Users/josephles/ti/simplelink_cc32xx_sdk_7_10_00_13/source/ti/devices/cc32xx/driverlib/gcc/Release/driverlib.a(interrupt.obj)
                0x0000000020006dca                IntMasterDisable
 *fill*         0x0000000020006dda        0x2 
 .text.IntVTableBaseSet
                0x0000000020006ddc       0x1c /Users/josephles/ti/simplelink_cc32xx_sdk_7_10_00_13/source/ti/devices/cc32xx/driverlib/gcc/Release/driverlib.a(interrupt.obj)
                0x0000000020006ddc                IntVTableBaseSet
 .text.IntRegister
                0x0000000020006df8       0x2c /Users/josephles/ti/simplelink_cc32xx_sdk_7_10_00_13/source/ti/devices/cc32xx/driverlib/gcc/Release/driverlib.a(interrupt.obj)
                0x0000000020006df8                IntRegister
 .text.IntPrioritySet
                0x0000000020006e24       0x68 /Users/josephles/ti/simplelink_cc32xx_sdk_7_10_00_13/source/ti/devices/cc32xx/driverlib/gcc/Release/driverlib.a(interrupt.obj)
                0x0000000020006e24                IntPrioritySet
 .text.IntEnable
                0x0000000020006e8c       0xbc /Users/josephles/ti/simplelink_cc32xx_sdk_7_10_00_13/source/ti/devices/cc32xx/driverlib/gcc/Release/driverlib.a(interrupt.obj)
                0x0000000020006e8c                IntEnable
 .text.IntPendSet
                0x0000000020006f48       0x9c /Users/josephles/ti/simplelink_cc32xx_sdk_7_10_00_13/source/ti/devices/cc32xx/driverlib/gcc/Release/driverlib.a(interrupt.obj)
                0x0000000020006f48                IntPendSet
 .text.PinModeSet
                0x0000000020006fe4       0x48 /Users/josephles/ti/simplelink_cc32xx_sdk_7_10_00_13/source/ti/devices/cc32xx/driverlib/gcc/Release/driverlib.a(pin.obj)
                0x0000000020006fe4                PinModeSet
 .text.PinModeGet
                0x000000002000702c       0x3c /Users/josephles/ti/simplelink_cc32xx_sdk_7_10_00_13/source/ti/devices/cc32xx/driverlib/gcc/Release/driverlib.a(pin.obj)
                0x000000002000702c                PinModeGet
 .text.PinDirModeSet
                0x0000000020007068       0x44 /Users/josephles/ti/simplelink_cc32xx_sdk_7_10_00_13/source/ti/devices/cc32xx/driverlib/gcc/Release/driverlib.a(pin.obj)
                0x0000000020007068                PinDirModeSet
 .text.PinDirModeGet
                0x00000000200070ac       0x3c /Users/josephles/ti/simplelink_cc32xx_sdk_7_10_00_13/source/ti/devices/cc32xx/driverlib/gcc/Release/driverlib.a(pin.obj)
                0x00000000200070ac                PinDirModeGet
 .text.PinConfigGet
                0x00000000200070e8       0x50 /Users/josephles/ti/simplelink_cc32xx_sdk_7_10_00_13/source/ti/devices/cc32xx/driverlib/gcc/Release/driverlib.a(pin.obj)
                0x00000000200070e8                PinConfigGet
 .text.PinConfigSet
                0x0000000020007138       0x9c /Users/josephles/ti/simplelink_cc32xx_sdk_7_10_00_13/source/ti/devices/cc32xx/driverlib/gcc/Release/driverlib.a(pin.obj)
                0x0000000020007138                PinConfigSet
 .text.PinTypeTimer
                0x00000000200071d4       0x24 /Users/josephles/ti/simplelink_cc32xx_sdk_7_10_00_13/source/ti/devices/cc32xx/driverlib/gcc/Release/driverlib.a(pin.obj)
                0x00000000200071d4                PinTypeTimer
 .text.PinTypeGPIO
                0x00000000200071f8       0x3a /Users/josephles/ti/simplelink_cc32xx_sdk_7_10_00_13/source/ti/devices/cc32xx/driverlib/gcc/Release/driverlib.a(pin.obj)
                0x00000000200071f8                PinTypeGPIO
 *fill*         0x0000000020007232        0x2 
 .text.PinLockLevelSet
                0x0000000020007234       0x68 /Users/josephles/ti/simplelink_cc32xx_sdk_7_10_00_13/source/ti/devices/cc32xx/driverlib/gcc/Release/driverlib.a(pin.obj)
                0x0000000020007234                PinLockLevelSet
 .text.PinLock  0x000000002000729c       0x40 /Users/josephles/ti/simplelink_cc32xx_sdk_7_10_00_13/source/ti/devices/cc32xx/driverlib/gcc/Release/driverlib.a(pin.obj)
                0x000000002000729c                PinLock
 .text.PinUnlock
                0x00000000200072dc       0x2c /Users/josephles/ti/simplelink_cc32xx_sdk_7_10_00_13/source/ti/devices/cc32xx/driverlib/gcc/Release/driverlib.a(pin.obj)
                0x00000000200072dc                PinUnlock
 .text.PinToPadGet
                0x0000000020007308       0x24 /Users/josephles/ti/simplelink_cc32xx_sdk_7_10_00_13/source/ti/devices/cc32xx/driverlib/gcc/Release/driverlib.a(pin.obj)
                0x0000000020007308                PinToPadGet
 .text.PRCMSysResetCauseGet
                0x000000002000732c       0x78 /Users/josephles/ti/simplelink_cc32xx_sdk_7_10_00_13/source/ti/devices/cc32xx/driverlib/gcc/Release/driverlib.a(prcm.obj)
                0x000000002000732c                PRCMSysResetCauseGet
 .text.PRCMPeripheralClkEnable
                0x00000000200073a4       0x6c /Users/josephles/ti/simplelink_cc32xx_sdk_7_10_00_13/source/ti/devices/cc32xx/driverlib/gcc/Release/driverlib.a(prcm.obj)
                0x00000000200073a4                PRCMPeripheralClkEnable
 .text.PRCMPeripheralClkDisable
                0x0000000020007410       0x48 /Users/josephles/ti/simplelink_cc32xx_sdk_7_10_00_13/source/ti/devices/cc32xx/driverlib/gcc/Release/driverlib.a(prcm.obj)
                0x0000000020007410                PRCMPeripheralClkDisable
 .text.PRCMPeripheralReset
                0x0000000020007458       0x8c /Users/josephles/ti/simplelink_cc32xx_sdk_7_10_00_13/source/ti/devices/cc32xx/driverlib/gcc/Release/driverlib.a(prcm.obj)
                0x0000000020007458                PRCMPeripheralReset
 .text.PRCMPeripheralStatusGet
                0x00000000200074e4       0x40 /Users/josephles/ti/simplelink_cc32xx_sdk_7_10_00_13/source/ti/devices/cc32xx/driverlib/gcc/Release/driverlib.a(prcm.obj)
                0x00000000200074e4                PRCMPeripheralStatusGet
 .text.PRCMLPDSRestoreInfoSet
                0x0000000020007524       0x50 /Users/josephles/ti/simplelink_cc32xx_sdk_7_10_00_13/source/ti/devices/cc32xx/driverlib/gcc/Release/driverlib.a(prcm.obj)
                0x0000000020007524                PRCMLPDSRestoreInfoSet
 .text.PRCMLPDSEnter
                0x0000000020007574       0x50 /Users/josephles/ti/simplelink_cc32xx_sdk_7_10_00_13/source/ti/devices/cc32xx/driverlib/gcc/Release/driverlib.a(prcm.obj)
                0x0000000020007574                PRCMLPDSEnter
 .text.PRCMLPDSEnterKeepDebugIf
                0x00000000200075c4       0x40 /Users/josephles/ti/simplelink_cc32xx_sdk_7_10_00_13/source/ti/devices/cc32xx/driverlib/gcc/Release/driverlib.a(prcm.obj)
                0x00000000200075c4                PRCMLPDSEnterKeepDebugIf
 .text.PRCMLPDSWakeupSourceEnable
                0x0000000020007604       0x30 /Users/josephles/ti/simplelink_cc32xx_sdk_7_10_00_13/source/ti/devices/cc32xx/driverlib/gcc/Release/driverlib.a(prcm.obj)
                0x0000000020007604                PRCMLPDSWakeupSourceEnable
 .text.PRCMLPDSWakeupSourceDisable
                0x0000000020007634       0x24 /Users/josephles/ti/simplelink_cc32xx_sdk_7_10_00_13/source/ti/devices/cc32xx/driverlib/gcc/Release/driverlib.a(prcm.obj)
                0x0000000020007634                PRCMLPDSWakeupSourceDisable
 .text.PRCMLPDSWakeupCauseGet
                0x0000000020007658       0x14 /Users/josephles/ti/simplelink_cc32xx_sdk_7_10_00_13/source/ti/devices/cc32xx/driverlib/gcc/Release/driverlib.a(prcm.obj)
                0x0000000020007658                PRCMLPDSWakeupCauseGet
 .text.PRCMLPDSIntervalSet
                0x000000002000766c       0x34 /Users/josephles/ti/simplelink_cc32xx_sdk_7_10_00_13/source/ti/devices/cc32xx/driverlib/gcc/Release/driverlib.a(prcm.obj)
                0x000000002000766c                PRCMLPDSIntervalSet
 .text.PRCMLPDSWakeUpGPIOSelect
                0x00000000200076a0       0x2c /Users/josephles/ti/simplelink_cc32xx_sdk_7_10_00_13/source/ti/devices/cc32xx/driverlib/gcc/Release/driverlib.a(prcm.obj)
                0x00000000200076a0                PRCMLPDSWakeUpGPIOSelect
 .text.PRCMSleepEnter
                0x00000000200076cc        0xc /Users/josephles/ti/simplelink_cc32xx_sdk_7_10_00_13/source/ti/devices/cc32xx/driverlib/gcc/Release/driverlib.a(prcm.obj)
                0x00000000200076cc                PRCMSleepEnter
 .text.PRCMSRAMRetentionEnable
                0x00000000200076d8       0x2c /Users/josephles/ti/simplelink_cc32xx_sdk_7_10_00_13/source/ti/devices/cc32xx/driverlib/gcc/Release/driverlib.a(prcm.obj)
                0x00000000200076d8                PRCMSRAMRetentionEnable
 .text.PRCMHibernateWakeupSourceEnable
                0x0000000020007704       0x50 /Users/josephles/ti/simplelink_cc32xx_sdk_7_10_00_13/source/ti/devices/cc32xx/driverlib/gcc/Release/driverlib.a(prcm.obj)
                0x0000000020007704                PRCMHibernateWakeupSourceEnable
 .text.PRCMHibernateWakeupSourceDisable
                0x0000000020007754       0x54 /Users/josephles/ti/simplelink_cc32xx_sdk_7_10_00_13/source/ti/devices/cc32xx/driverlib/gcc/Release/driverlib.a(prcm.obj)
                0x0000000020007754                PRCMHibernateWakeupSourceDisable
 .text.PRCMHibernateWakeUpGPIOSelect
                0x00000000200077a8       0x74 /Users/josephles/ti/simplelink_cc32xx_sdk_7_10_00_13/source/ti/devices/cc32xx/driverlib/gcc/Release/driverlib.a(prcm.obj)
                0x00000000200077a8                PRCMHibernateWakeUpGPIOSelect
 .text.PRCMSlowClkCtrFastGet
                0x000000002000781c       0x5c /Users/josephles/ti/simplelink_cc32xx_sdk_7_10_00_13/source/ti/devices/cc32xx/driverlib/gcc/Release/driverlib.a(prcm.obj)
                0x000000002000781c                PRCMSlowClkCtrFastGet
 .text.PRCMIntEnable
                0x0000000020007878       0x48 /Users/josephles/ti/simplelink_cc32xx_sdk_7_10_00_13/source/ti/devices/cc32xx/driverlib/gcc/Release/driverlib.a(prcm.obj)
                0x0000000020007878                PRCMIntEnable
 .text.PRCMCC3200MCUInit
                0x00000000200078c0      0x478 /Users/josephles/ti/simplelink_cc32xx_sdk_7_10_00_13/source/ti/devices/cc32xx/driverlib/gcc/Release/driverlib.a(prcm.obj)
                0x00000000200078c0                PRCMCC3200MCUInit
 .text.PRCMHIBRegRead
                0x0000000020007d38       0x20 /Users/josephles/ti/simplelink_cc32xx_sdk_7_10_00_13/source/ti/devices/cc32xx/driverlib/gcc/Release/driverlib.a(prcm.obj)
                0x0000000020007d38                PRCMHIBRegRead
 .text.PRCMHIBRegWrite
                0x0000000020007d58       0x20 /Users/josephles/ti/simplelink_cc32xx_sdk_7_10_00_13/source/ti/devices/cc32xx/driverlib/gcc/Release/driverlib.a(prcm.obj)
                0x0000000020007d58                PRCMHIBRegWrite
 .text.SysTickEnable
                0x0000000020007d78       0x1c /Users/josephles/ti/simplelink_cc32xx_sdk_7_10_00_13/source/ti/devices/cc32xx/driverlib/gcc/Release/driverlib.a(systick.obj)
                0x0000000020007d78                SysTickEnable
 .text.SysTickIntEnable
                0x0000000020007d94       0x1c /Users/josephles/ti/simplelink_cc32xx_sdk_7_10_00_13/source/ti/devices/cc32xx/driverlib/gcc/Release/driverlib.a(systick.obj)
                0x0000000020007d94                SysTickIntEnable
 .text.SysTickIntDisable
                0x0000000020007db0       0x1c /Users/josephles/ti/simplelink_cc32xx_sdk_7_10_00_13/source/ti/devices/cc32xx/driverlib/gcc/Release/driverlib.a(systick.obj)
                0x0000000020007db0                SysTickIntDisable
 .text.SysTickPeriodSet
                0x0000000020007dcc       0x20 /Users/josephles/ti/simplelink_cc32xx_sdk_7_10_00_13/source/ti/devices/cc32xx/driverlib/gcc/Release/driverlib.a(systick.obj)
                0x0000000020007dcc                SysTickPeriodSet
 .text.SysTickValueGet
                0x0000000020007dec       0x14 /Users/josephles/ti/simplelink_cc32xx_sdk_7_10_00_13/source/ti/devices/cc32xx/driverlib/gcc/Release/driverlib.a(systick.obj)
                0x0000000020007dec                SysTickValueGet
 .text.TimerEnable
                0x0000000020007e00       0x2a /Users/josephles/ti/simplelink_cc32xx_sdk_7_10_00_13/source/ti/devices/cc32xx/driverlib/gcc/Release/driverlib.a(timer.obj)
                0x0000000020007e00                TimerEnable
 .text.TimerDisable
                0x0000000020007e2a       0x2c /Users/josephles/ti/simplelink_cc32xx_sdk_7_10_00_13/source/ti/devices/cc32xx/driverlib/gcc/Release/driverlib.a(timer.obj)
                0x0000000020007e2a                TimerDisable
 .text.TimerControlLevel
                0x0000000020007e56       0x46 /Users/josephles/ti/simplelink_cc32xx_sdk_7_10_00_13/source/ti/devices/cc32xx/driverlib/gcc/Release/driverlib.a(timer.obj)
                0x0000000020007e56                TimerControlLevel
 .text.TimerPrescaleSet
                0x0000000020007e9c       0x3c /Users/josephles/ti/simplelink_cc32xx_sdk_7_10_00_13/source/ti/devices/cc32xx/driverlib/gcc/Release/driverlib.a(timer.obj)
                0x0000000020007e9c                TimerPrescaleSet
 .text.TimerPrescaleMatchSet
                0x0000000020007ed8       0x3c /Users/josephles/ti/simplelink_cc32xx_sdk_7_10_00_13/source/ti/devices/cc32xx/driverlib/gcc/Release/driverlib.a(timer.obj)
                0x0000000020007ed8                TimerPrescaleMatchSet
 .text.TimerLoadSet
                0x0000000020007f14       0x3c /Users/josephles/ti/simplelink_cc32xx_sdk_7_10_00_13/source/ti/devices/cc32xx/driverlib/gcc/Release/driverlib.a(timer.obj)
                0x0000000020007f14                TimerLoadSet
 .text.TimerMatchSet
                0x0000000020007f50       0x3c /Users/josephles/ti/simplelink_cc32xx_sdk_7_10_00_13/source/ti/devices/cc32xx/driverlib/gcc/Release/driverlib.a(timer.obj)
                0x0000000020007f50                TimerMatchSet
 .text.UtilsDelay
                0x0000000020007f8c        0xa /Users/josephles/ti/simplelink_cc32xx_sdk_7_10_00_13/source/ti/devices/cc32xx/driverlib/gcc/Release/driverlib.a(utils.obj)
                0x0000000020007f8c                UtilsDelay
 *fill*         0x0000000020007f96        0x2 
 .text.FlashDisable
                0x0000000020007f98       0x50 /Users/josephles/ti/simplelink_cc32xx_sdk_7_10_00_13/source/ti/devices/cc32xx/driverlib/gcc/Release/driverlib.a(flash.obj)
                0x0000000020007f98                FlashDisable
 .text.malloc   0x0000000020007fe8       0x10 /Applications/ti/ccs1270/ccs/tools/compiler/gcc-arm-none-eabi-9-2019-q4-major/arm-none-eabi/lib/thumb/v7e-m/nofp/libc_nano.a(lib_a-malloc.o)
                0x0000000020007fe8                malloc
 .text.free     0x0000000020007ff8       0x10 /Applications/ti/ccs1270/ccs/tools/compiler/gcc-arm-none-eabi-9-2019-q4-major/arm-none-eabi/lib/thumb/v7e-m/nofp/libc_nano.a(lib_a-malloc.o)
                0x0000000020007ff8                free
 .text.memcpy   0x0000000020008008       0x1c /Applications/ti/ccs1270/ccs/tools/compiler/gcc-arm-none-eabi-9-2019-q4-major/arm-none-eabi/lib/thumb/v7e-m/nofp/libc_nano.a(lib_a-memcpy-stub.o)
                0x0000000020008008                memcpy
 .text.memset   0x0000000020008024       0x10 /Applications/ti/ccs1270/ccs/tools/compiler/gcc-arm-none-eabi-9-2019-q4-major/arm-none-eabi/lib/thumb/v7e-m/nofp/libc_nano.a(lib_a-memset.o)
                0x0000000020008024                memset
 .text._free_r  0x0000000020008034       0x9c /Applications/ti/ccs1270/ccs/tools/compiler/gcc-arm-none-eabi-9-2019-q4-major/arm-none-eabi/lib/thumb/v7e-m/nofp/libc_nano.a(lib_a-nano-freer.o)
                0x0000000020008034                _free_r
 .text._malloc_r
                0x00000000200080d0       0xb4 /Applications/ti/ccs1270/ccs/tools/compiler/gcc-arm-none-eabi-9-2019-q4-major/arm-none-eabi/lib/thumb/v7e-m/nofp/libc_nano.a(lib_a-nano-mallocr.o)
                0x00000000200080d0                _malloc_r
 .text._sbrk_r  0x0000000020008184       0x20 /Applications/ti/ccs1270/ccs/tools/compiler/gcc-arm-none-eabi-9-2019-q4-major/arm-none-eabi/lib/thumb/v7e-m/nofp/libc_nano.a(lib_a-sbrkr.o)
                0x0000000020008184                _sbrk_r
 .text.__malloc_lock
                0x00000000200081a4        0xc /Applications/ti/ccs1270/ccs/tools/compiler/gcc-arm-none-eabi-9-2019-q4-major/arm-none-eabi/lib/thumb/v7e-m/nofp/libc_nano.a(lib_a-mlock.o)
                0x00000000200081a4                __malloc_lock
 .text.__malloc_unlock
                0x00000000200081b0        0xc /Applications/ti/ccs1270/ccs/tools/compiler/gcc-arm-none-eabi-9-2019-q4-major/arm-none-eabi/lib/thumb/v7e-m/nofp/libc_nano.a(lib_a-mlock.o)
                0x00000000200081b0                __malloc_unlock
 .text.__retarget_lock_acquire_recursive
                0x00000000200081bc        0x2 /Applications/ti/ccs1270/ccs/tools/compiler/gcc-arm-none-eabi-9-2019-q4-major/arm-none-eabi/lib/thumb/v7e-m/nofp/libc_nano.a(lib_a-lock.o)
                0x00000000200081bc                __retarget_lock_acquire_recursive
 .text.__retarget_lock_release_recursive
                0x00000000200081be        0x2 /Applications/ti/ccs1270/ccs/tools/compiler/gcc-arm-none-eabi-9-2019-q4-major/arm-none-eabi/lib/thumb/v7e-m/nofp/libc_nano.a(lib_a-lock.o)
                0x00000000200081be                __retarget_lock_release_recursive
 .text._sbrk    0x00000000200081c0       0x1c /Applications/ti/ccs1270/ccs/tools/compiler/gcc-arm-none-eabi-9-2019-q4-major/arm-none-eabi/lib/thumb/v7e-m/nofp/libnosys.a(sbrk.o)
                0x00000000200081c0                _sbrk
                0x00000000200081dc                . = ALIGN (0x4)
 *(.ctors)
                0x00000000200081dc                . = ALIGN (0x4)
 *(.dtors)
                0x00000000200081dc                . = ALIGN (0x4)
                0x00000000200081dc                __init_array_start = .
 *(.init_array*)
                0x00000000200081dc                __init_array_end = .
 *(.init)
 *(.fini*)
                [!provide]                        PROVIDE (__etext = .)
                [!provide]                        PROVIDE (_etext = .)
                [!provide]                        PROVIDE (etext = .)

.glue_7         0x00000000200081dc        0x0
 .glue_7        0x00000000200081dc        0x0 linker stubs

.glue_7t        0x00000000200081dc        0x0
 .glue_7t       0x00000000200081dc        0x0 linker stubs

.vfp11_veneer   0x00000000200081dc        0x0
 .vfp11_veneer  0x00000000200081dc        0x0 linker stubs

.v4_bx          0x00000000200081dc        0x0
 .v4_bx         0x00000000200081dc        0x0 linker stubs

.iplt           0x00000000200081dc        0x0
 .iplt          0x00000000200081dc        0x0 ./main_nortos.o

.rodata         0x00000000200081dc      0x3f8
 *(.rodata)
 *(.rodata*)
 .rodata.GPIO_config
                0x00000000200081dc       0x10 ./syscfg/ti_drivers_config.o
                0x00000000200081dc                GPIO_config
 .rodata.GPIO_pinUpperBound
                0x00000000200081ec        0x1 ./syscfg/ti_drivers_config.o
                0x00000000200081ec                GPIO_pinUpperBound
 *fill*         0x00000000200081ed        0x3 
 .rodata.PWM_config
                0x00000000200081f0       0x18 ./syscfg/ti_drivers_config.o
                0x00000000200081f0                PWM_config
 .rodata.PWM_count
                0x0000000020008208        0x1 ./syscfg/ti_drivers_config.o
                0x0000000020008208                PWM_count
 *fill*         0x0000000020008209        0x3 
 .rodata.PowerCC32XX_config
                0x000000002000820c       0x44 ./syscfg/ti_drivers_config.o
                0x000000002000820c                PowerCC32XX_config
 .rodata.pwmTimerCC32XXHWAttrs
                0x0000000020008250        0x8 ./syscfg/ti_drivers_config.o
                0x0000000020008250                pwmTimerCC32XXHWAttrs
 .rodata.pinTable
                0x0000000020008258       0x21 /Users/josephles/ti/simplelink_cc32xx_sdk_7_10_00_13/source/ti/drivers/lib/gcc/m4/drivers_cc32xx.a(GPIOCC32XX.c.obj)
 *fill*         0x0000000020008279        0x3 
 .rodata.portConfigs
                0x000000002000827c       0x28 /Users/josephles/ti/simplelink_cc32xx_sdk_7_10_00_13/source/ti/drivers/lib/gcc/m4/drivers_cc32xx.a(GPIOCC32XX.c.obj)
 .rodata.PWM_defaultParams
                0x00000000200082a4       0x18 /Users/josephles/ti/simplelink_cc32xx_sdk_7_10_00_13/source/ti/drivers/lib/gcc/m4/drivers_cc32xx.a(PWM.c.obj)
                0x00000000200082a4                PWM_defaultParams
 .rodata.PWMTimerCC32XX_fxnTable
                0x00000000200082bc       0x24 /Users/josephles/ti/simplelink_cc32xx_sdk_7_10_00_13/source/ti/drivers/lib/gcc/m4/drivers_cc32xx.a(PWMTimerCC32XX.c.obj)
                0x00000000200082bc                PWMTimerCC32XX_fxnTable
 .rodata.gpioBaseAddresses
                0x00000000200082e0       0x10 /Users/josephles/ti/simplelink_cc32xx_sdk_7_10_00_13/source/ti/drivers/lib/gcc/m4/drivers_cc32xx.a(PWMTimerCC32XX.c.obj)
 .rodata.gpioPinIndexes
                0x00000000200082f0       0x20 /Users/josephles/ti/simplelink_cc32xx_sdk_7_10_00_13/source/ti/drivers/lib/gcc/m4/drivers_cc32xx.a(PWMTimerCC32XX.c.obj)
 .rodata.timerBaseAddresses
                0x0000000020008310       0x10 /Users/josephles/ti/simplelink_cc32xx_sdk_7_10_00_13/source/ti/drivers/lib/gcc/m4/drivers_cc32xx.a(PWMTimerCC32XX.c.obj)
 .rodata.timerHalves
                0x0000000020008320        0x8 /Users/josephles/ti/simplelink_cc32xx_sdk_7_10_00_13/source/ti/drivers/lib/gcc/m4/drivers_cc32xx.a(PWMTimerCC32XX.c.obj)
 .rodata.g_pulRegs
                0x0000000020008328       0xd4 /Users/josephles/ti/simplelink_cc32xx_sdk_7_10_00_13/source/ti/devices/cc32xx/driverlib/gcc/Release/driverlib.a(interrupt.obj)
 .rodata.g_pulEnRegs
                0x00000000200083fc       0x18 /Users/josephles/ti/simplelink_cc32xx_sdk_7_10_00_13/source/ti/devices/cc32xx/driverlib/gcc/Release/driverlib.a(interrupt.obj)
 .rodata.g_pulPendRegs
                0x0000000020008414       0x18 /Users/josephles/ti/simplelink_cc32xx_sdk_7_10_00_13/source/ti/devices/cc32xx/driverlib/gcc/Release/driverlib.a(interrupt.obj)
 .rodata.g_ulPinToPadMap
                0x000000002000842c      0x100 /Users/josephles/ti/simplelink_cc32xx_sdk_7_10_00_13/source/ti/devices/cc32xx/driverlib/gcc/Release/driverlib.a(pin.obj)
 .rodata.PRCM_PeriphRegsList
                0x000000002000852c       0xa8 /Users/josephles/ti/simplelink_cc32xx_sdk_7_10_00_13/source/ti/devices/cc32xx/driverlib/gcc/Release/driverlib.a(prcm.obj)

.data           0x00000000200085d4      0x35c
                0x00000000200085d4                __data_load__ = LOADADDR (.data)
                0x00000000200085d4                __data_start__ = .
 *(.data)
 *(.data*)
 .data.gpioPinConfigs
                0x00000000200085d4       0x84 ./syscfg/ti_drivers_config.o
                0x00000000200085d4                gpioPinConfigs
 .data.parkInfo
                0x0000000020008658       0xf8 ./syscfg/ti_drivers_config.o
                0x0000000020008658                parkInfo
 .data.PowerCC32XX_module
                0x0000000020008750      0x16c /Users/josephles/ti/simplelink_cc32xx_sdk_7_10_00_13/source/ti/drivers/lib/gcc/m4/drivers_cc32xx.a(PowerCC32XX.c.obj)
                0x0000000020008750                PowerCC32XX_module
 .data.SemaphoreP_defaultParams
                0x00000000200088bc        0x8 /Users/josephles/ti/simplelink_cc32xx_sdk_7_10_00_13/kernel/nortos/lib/gcc/m4/nortos_cc32xx.a(SemaphoreP_nortos.c.obj)
                0x00000000200088bc                SemaphoreP_defaultParams
 .data.ClockP_tickPeriod
                0x00000000200088c4        0x4 /Users/josephles/ti/simplelink_cc32xx_sdk_7_10_00_13/kernel/nortos/lib/gcc/m4/nortos_cc32xx.a(ClockPSysTick_nortos.c.obj)
                0x00000000200088c4                ClockP_tickPeriod
 .data.HwiP_swiPIntNum
                0x00000000200088c8        0x4 /Users/josephles/ti/simplelink_cc32xx_sdk_7_10_00_13/kernel/nortos/lib/gcc/m4/nortos_cc32xx.a(HwiPCC32XX_nortos.c.obj)
                0x00000000200088c8                HwiP_swiPIntNum
 .data._impure_ptr
                0x00000000200088cc        0x4 /Applications/ti/ccs1270/ccs/tools/compiler/gcc-arm-none-eabi-9-2019-q4-major/arm-none-eabi/lib/thumb/v7e-m/nofp/libc_nano.a(lib_a-impure.o)
                0x00000000200088cc                _impure_ptr
 .data.impure_data
                0x00000000200088d0       0x60 /Applications/ti/ccs1270/ccs/tools/compiler/gcc-arm-none-eabi-9-2019-q4-major/arm-none-eabi/lib/thumb/v7e-m/nofp/libc_nano.a(lib_a-impure.o)
                0x0000000020008930                . = ALIGN (0x4)
                0x0000000020008930                __data_end__ = .

.igot.plt       0x0000000020008930        0x0
 .igot.plt      0x0000000020008930        0x0 ./main_nortos.o

.ARM.exidx      0x0000000020008930        0x8
                0x0000000020008930                __exidx_start = .
 *(.ARM.exidx* .gnu.linkonce.armexidx.*)
 .ARM.exidx     0x0000000020008930        0x8 /Applications/ti/ccs1270/ccs/tools/compiler/gcc-arm-none-eabi-9-2019-q4-major/bin/../lib/gcc/arm-none-eabi/9.2.1/thumb/v7e-m/nofp/libgcc.a(_udivmoddi4.o)
                0x0000000020008938                __exidx_end = .

.rel.dyn        0x0000000020008938        0x0
 .rel.iplt      0x0000000020008938        0x0 ./main_nortos.o

.ARM.extab
 *(.ARM.extab* .gnu.linkonce.armextab.*)

.bss            0x0000000020008938      0x5f0
                0x0000000020008938                __bss_start__ = .
 *(.shbss)
 *(.bss)
 *(.bss.*)
 .bss.initCalled
                0x0000000020008938        0x1 /Users/josephles/ti/simplelink_cc32xx_sdk_7_10_00_13/source/ti/drivers/lib/gcc/m4/drivers_cc32xx.a(GPIOCC32XX.c.obj)
 *fill*         0x0000000020008939        0x3 
 .bss.initSem.4818
                0x000000002000893c        0x4 /Users/josephles/ti/simplelink_cc32xx_sdk_7_10_00_13/source/ti/drivers/lib/gcc/m4/drivers_cc32xx.a(GPIOCC32XX.c.obj)
 .bss.portHwiCreatedBitMask
                0x0000000020008940        0x1 /Users/josephles/ti/simplelink_cc32xx_sdk_7_10_00_13/source/ti/drivers/lib/gcc/m4/drivers_cc32xx.a(GPIOCC32XX.c.obj)
 *fill*         0x0000000020008941        0x3 
 .bss.powerNotifyObj
                0x0000000020008944       0x14 /Users/josephles/ti/simplelink_cc32xx_sdk_7_10_00_13/source/ti/drivers/lib/gcc/m4/drivers_cc32xx.a(GPIOCC32XX.c.obj)
 .bss.isInitialized
                0x0000000020008958        0x1 /Users/josephles/ti/simplelink_cc32xx_sdk_7_10_00_13/source/ti/drivers/lib/gcc/m4/drivers_cc32xx.a(PWM.c.obj)
 *fill*         0x0000000020008959        0x3 
 .bss.timerState
                0x000000002000895c        0x4 /Users/josephles/ti/simplelink_cc32xx_sdk_7_10_00_13/source/ti/drivers/lib/gcc/m4/drivers_cc32xx.a(TimerCC32XX.c.obj)
 .bss.SemaphoreP_initialized
                0x0000000020008960        0x1 /Users/josephles/ti/simplelink_cc32xx_sdk_7_10_00_13/kernel/nortos/lib/gcc/m4/nortos_cc32xx.a(SemaphoreP_nortos.c.obj)
 .bss.doEnablePolicy
                0x0000000020008961        0x1 /Users/josephles/ti/simplelink_cc32xx_sdk_7_10_00_13/kernel/nortos/lib/gcc/m4/nortos_cc32xx.a(SemaphoreP_nortos.c.obj)
 .bss.pendInProgress
                0x0000000020008962        0x1 /Users/josephles/ti/simplelink_cc32xx_sdk_7_10_00_13/kernel/nortos/lib/gcc/m4/nortos_cc32xx.a(SemaphoreP_nortos.c.obj)
 .bss.ClockP_initialized
                0x0000000020008963        0x1 /Users/josephles/ti/simplelink_cc32xx_sdk_7_10_00_13/kernel/nortos/lib/gcc/m4/nortos_cc32xx.a(ClockPSysTick_nortos.c.obj)
 .bss.sysTickPeriod
                0x0000000020008964        0x4 /Users/josephles/ti/simplelink_cc32xx_sdk_7_10_00_13/kernel/nortos/lib/gcc/m4/nortos_cc32xx.a(ClockPSysTick_nortos.c.obj)
 .bss.HwiP_dispatchTable
                0x0000000020008968      0x30c /Users/josephles/ti/simplelink_cc32xx_sdk_7_10_00_13/kernel/nortos/lib/gcc/m4/nortos_cc32xx.a(HwiPCC32XX_nortos.c.obj)
 .bss.SwiP_lockState
                0x0000000020008c74        0x4 /Users/josephles/ti/simplelink_cc32xx_sdk_7_10_00_13/kernel/nortos/lib/gcc/m4/nortos_cc32xx.a(SwiP_nortos.c.obj)
 .bss.SwiP_readyMask
                0x0000000020008c78        0x4 /Users/josephles/ti/simplelink_cc32xx_sdk_7_10_00_13/kernel/nortos/lib/gcc/m4/nortos_cc32xx.a(SwiP_nortos.c.obj)
 .bss.SwiP_schedulerRunning
                0x0000000020008c7c        0x1 /Users/josephles/ti/simplelink_cc32xx_sdk_7_10_00_13/kernel/nortos/lib/gcc/m4/nortos_cc32xx.a(SwiP_nortos.c.obj)
 *fill*         0x0000000020008c7d        0x3 
 .bss.__malloc_free_list
                0x0000000020008c80        0x4 /Applications/ti/ccs1270/ccs/tools/compiler/gcc-arm-none-eabi-9-2019-q4-major/arm-none-eabi/lib/thumb/v7e-m/nofp/libc_nano.a(lib_a-nano-mallocr.o)
                0x0000000020008c80                __malloc_free_list
 .bss.__malloc_sbrk_start
                0x0000000020008c84        0x4 /Applications/ti/ccs1270/ccs/tools/compiler/gcc-arm-none-eabi-9-2019-q4-major/arm-none-eabi/lib/thumb/v7e-m/nofp/libc_nano.a(lib_a-nano-mallocr.o)
                0x0000000020008c84                __malloc_sbrk_start
 .bss.heap_end.4144
                0x0000000020008c88        0x4 /Applications/ti/ccs1270/ccs/tools/compiler/gcc-arm-none-eabi-9-2019-q4-major/arm-none-eabi/lib/thumb/v7e-m/nofp/libnosys.a(sbrk.o)
 *(COMMON)
 COMMON         0x0000000020008c8c      0x150 ./syscfg/ti_drivers_config.o
                0x0000000020008c8c                pwmTimerCC32XXObjects
                0x0000000020008cd4                gpioCallbackFunctions
                0x0000000020008d58                gpioUserArgs
 COMMON         0x0000000020008ddc      0x12c /Users/josephles/ti/simplelink_cc32xx_sdk_7_10_00_13/source/ti/drivers/lib/gcc/m4/drivers_cc32xx.a(PowerCC32XX.c.obj)
                0x0000000020008ddc                PowerCC32XX_contextSave
 COMMON         0x0000000020008f08       0x10 /Users/josephles/ti/simplelink_cc32xx_sdk_7_10_00_13/kernel/nortos/lib/gcc/m4/nortos_cc32xx.a(ClockPSysTick_nortos.c.obj)
                0x0000000020008f08                ClockP_ctrl
 COMMON         0x0000000020008f18        0x4 /Applications/ti/ccs1270/ccs/tools/compiler/gcc-arm-none-eabi-9-2019-q4-major/arm-none-eabi/lib/thumb/v7e-m/nofp/libc_nano.a(lib_a-reent.o)
                0x0000000020008f18                errno
 COMMON         0x0000000020008f1c        0x9 /Applications/ti/ccs1270/ccs/tools/compiler/gcc-arm-none-eabi-9-2019-q4-major/arm-none-eabi/lib/thumb/v7e-m/nofp/libc_nano.a(lib_a-lock.o)
                0x0000000020008f1c                __lock___atexit_recursive_mutex
                0x0000000020008f1d                __lock___arc4random_mutex
                0x0000000020008f1e                __lock___env_recursive_mutex
                0x0000000020008f1f                __lock___sinit_recursive_mutex
                0x0000000020008f20                __lock___malloc_recursive_mutex
                0x0000000020008f21                __lock___at_quick_exit_mutex
                0x0000000020008f22                __lock___dd_hash_mutex
                0x0000000020008f23                __lock___tz_mutex
                0x0000000020008f24                __lock___sfp_recursive_mutex
                0x0000000020008f28                . = ALIGN (0x4)
 *fill*         0x0000000020008f25        0x3 
                0x0000000020008f28                __bss_end__ = .

.heap           0x0000000020008f28     0x8000
                0x0000000020008f28                __heap_start__ = .
                0x0000000020008f28                end = __heap_start__
                0x0000000020008f28                _end = end
                0x0000000020008f28                __end = end
                0x0000000020010f28                . = (. + HEAP_SIZE)
 *fill*         0x0000000020008f28     0x8000 
 *(.heap)
                0x0000000020010f28                __heap_end__ = .
                0x0000000020010f28                __HeapLimit = __heap_end__

.stack          0x0000000020010f28     0x1000
                0x0000000020010f28                _stack = .
                0x0000000020010f28                __stack = .
 *(.stack)
                0x0000000020011f28                . = (. + STACKSIZE)
 *fill*         0x0000000020010f28     0x1000 
                0x0000000020011f28                _stack_end = .
                0x0000000020011f28                __stack_end = .

.log_data
 *(.log_data)

.log_ptr
 *(.log_ptr*)
LOAD /Users/josephles/workspace_v12/pwmled2_CC3220S_LAUNCHXL_nortos_gcc/MCU+Image/syscfg/ti_utils_build_linker.cmd.genlibs
LOAD /Users/josephles/ti/simplelink_cc32xx_sdk_7_10_00_13/source/ti/drivers/lib/gcc/m4/drivers_cc32xx.a
LOAD /Users/josephles/ti/simplelink_cc32xx_sdk_7_10_00_13/source/ti/grlib/lib/gcc/m4/grlib.a
LOAD /Users/josephles/ti/simplelink_cc32xx_sdk_7_10_00_13/kernel/nortos/lib/gcc/m4/nortos_cc32xx.a
LOAD /Users/josephles/ti/simplelink_cc32xx_sdk_7_10_00_13/source/ti/devices/cc32xx/driverlib/gcc/Release/driverlib.a
LOAD /Applications/ti/ccs1270/ccs/tools/compiler/gcc-arm-none-eabi-9-2019-q4-major/bin/../lib/gcc/arm-none-eabi/9.2.1/thumb/v7e-m/nofp/libgcc.a
LOAD /Applications/ti/ccs1270/ccs/tools/compiler/gcc-arm-none-eabi-9-2019-q4-major/arm-none-eabi/lib/thumb/v7e-m/nofp/libc_nano.a
LOAD /Applications/ti/ccs1270/ccs/tools/compiler/gcc-arm-none-eabi-9-2019-q4-major/arm-none-eabi/lib/thumb/v7e-m/nofp/libm.a
LOAD /Applications/ti/ccs1270/ccs/tools/compiler/gcc-arm-none-eabi-9-2019-q4-major/arm-none-eabi/lib/thumb/v7e-m/nofp/libnosys.a
START GROUP
LOAD /Applications/ti/ccs1270/ccs/tools/compiler/gcc-arm-none-eabi-9-2019-q4-major/bin/../lib/gcc/arm-none-eabi/9.2.1/thumb/v7e-m/nofp/libgcc.a
LOAD /Applications/ti/ccs1270/ccs/tools/compiler/gcc-arm-none-eabi-9-2019-q4-major/arm-none-eabi/lib/thumb/v7e-m/nofp/libg_nano.a
LOAD /Applications/ti/ccs1270/ccs/tools/compiler/gcc-arm-none-eabi-9-2019-q4-major/arm-none-eabi/lib/thumb/v7e-m/nofp/libc_nano.a
END GROUP
START GROUP
LOAD /Applications/ti/ccs1270/ccs/tools/compiler/gcc-arm-none-eabi-9-2019-q4-major/bin/../lib/gcc/arm-none-eabi/9.2.1/thumb/v7e-m/nofp/libgcc.a
LOAD /Applications/ti/ccs1270/ccs/tools/compiler/gcc-arm-none-eabi-9-2019-q4-major/arm-none-eabi/lib/thumb/v7e-m/nofp/libc_nano.a
END GROUP
OUTPUT(pwmled2_CC3220S_LAUNCHXL_nortos_gcc.out elf32-littlearm)

.debug_info     0x0000000000000000    0x1264d
 .debug_info    0x0000000000000000       0x82 ./main_nortos.o
 .debug_info    0x0000000000000082      0x450 ./pwmled2.o
 .debug_info    0x00000000000004d2      0xa2e ./syscfg/ti_drivers_config.o
 .debug_info    0x0000000000000f00     0x10c8 /Users/josephles/ti/simplelink_cc32xx_sdk_7_10_00_13/source/ti/drivers/lib/gcc/m4/drivers_cc32xx.a(GPIOCC32XX.c.obj)
 .debug_info    0x0000000000001fc8     0x1f70 /Users/josephles/ti/simplelink_cc32xx_sdk_7_10_00_13/source/ti/drivers/lib/gcc/m4/drivers_cc32xx.a(PowerCC32XX.c.obj)
 .debug_info    0x0000000000003f38     0x1019 /Users/josephles/ti/simplelink_cc32xx_sdk_7_10_00_13/source/ti/drivers/lib/gcc/m4/drivers_cc32xx.a(PWM.c.obj)
 .debug_info    0x0000000000004f51     0x1a4d /Users/josephles/ti/simplelink_cc32xx_sdk_7_10_00_13/source/ti/drivers/lib/gcc/m4/drivers_cc32xx.a(PWMTimerCC32XX.c.obj)
 .debug_info    0x000000000000699e     0x126b /Users/josephles/ti/simplelink_cc32xx_sdk_7_10_00_13/source/ti/drivers/lib/gcc/m4/drivers_cc32xx.a(TimerCC32XX.c.obj)
 .debug_info    0x0000000000007c09      0xc58 /Users/josephles/ti/simplelink_cc32xx_sdk_7_10_00_13/source/ti/drivers/lib/gcc/m4/drivers_cc32xx.a(List.c.obj)
 .debug_info    0x0000000000008861      0x1ec /Users/josephles/ti/simplelink_cc32xx_sdk_7_10_00_13/kernel/nortos/lib/gcc/m4/nortos_cc32xx.a(NoRTOS.c.obj)
 .debug_info    0x0000000000008a4d      0x124 /Users/josephles/ti/simplelink_cc32xx_sdk_7_10_00_13/kernel/nortos/lib/gcc/m4/nortos_cc32xx.a(posix_sleep.c.obj)
 .debug_info    0x0000000000008b71     0x1498 /Users/josephles/ti/simplelink_cc32xx_sdk_7_10_00_13/kernel/nortos/lib/gcc/m4/nortos_cc32xx.a(SemaphoreP_nortos.c.obj)
 .debug_info    0x000000000000a009     0x1b01 /Users/josephles/ti/simplelink_cc32xx_sdk_7_10_00_13/kernel/nortos/lib/gcc/m4/nortos_cc32xx.a(ClockPSysTick_nortos.c.obj)
 .debug_info    0x000000000000bb0a     0x17d2 /Users/josephles/ti/simplelink_cc32xx_sdk_7_10_00_13/kernel/nortos/lib/gcc/m4/nortos_cc32xx.a(HwiPCC32XX_nortos.c.obj)
 .debug_info    0x000000000000d2dc      0x8aa /Users/josephles/ti/simplelink_cc32xx_sdk_7_10_00_13/kernel/nortos/lib/gcc/m4/nortos_cc32xx.a(PowerCC32XX_nortos.c.obj)
 .debug_info    0x000000000000db86      0xb83 /Users/josephles/ti/simplelink_cc32xx_sdk_7_10_00_13/kernel/nortos/lib/gcc/m4/nortos_cc32xx.a(startup_cc32xx_gcc.c.obj)
 .debug_info    0x000000000000e709     0x1a3a /Users/josephles/ti/simplelink_cc32xx_sdk_7_10_00_13/kernel/nortos/lib/gcc/m4/nortos_cc32xx.a(SwiP_nortos.c.obj)
 .debug_info    0x0000000000010143      0x109 /Users/josephles/ti/simplelink_cc32xx_sdk_7_10_00_13/source/ti/devices/cc32xx/driverlib/gcc/Release/driverlib.a(cpu.obj)
 .debug_info    0x000000000001024c      0x3e6 /Users/josephles/ti/simplelink_cc32xx_sdk_7_10_00_13/source/ti/devices/cc32xx/driverlib/gcc/Release/driverlib.a(gpio.obj)
 .debug_info    0x0000000000010632      0x3a3 /Users/josephles/ti/simplelink_cc32xx_sdk_7_10_00_13/source/ti/devices/cc32xx/driverlib/gcc/Release/driverlib.a(interrupt.obj)
 .debug_info    0x00000000000109d5      0x545 /Users/josephles/ti/simplelink_cc32xx_sdk_7_10_00_13/source/ti/devices/cc32xx/driverlib/gcc/Release/driverlib.a(pin.obj)
 .debug_info    0x0000000000010f1a      0xc9c /Users/josephles/ti/simplelink_cc32xx_sdk_7_10_00_13/source/ti/devices/cc32xx/driverlib/gcc/Release/driverlib.a(prcm.obj)
 .debug_info    0x0000000000011bb6      0x10e /Users/josephles/ti/simplelink_cc32xx_sdk_7_10_00_13/source/ti/devices/cc32xx/driverlib/gcc/Release/driverlib.a(systick.obj)
 .debug_info    0x0000000000011cc4      0x612 /Users/josephles/ti/simplelink_cc32xx_sdk_7_10_00_13/source/ti/devices/cc32xx/driverlib/gcc/Release/driverlib.a(timer.obj)
 .debug_info    0x00000000000122d6       0x52 /Users/josephles/ti/simplelink_cc32xx_sdk_7_10_00_13/source/ti/devices/cc32xx/driverlib/gcc/Release/driverlib.a(utils.obj)
 .debug_info    0x0000000000012328      0x325 /Users/josephles/ti/simplelink_cc32xx_sdk_7_10_00_13/source/ti/devices/cc32xx/driverlib/gcc/Release/driverlib.a(flash.obj)

.debug_abbrev   0x0000000000000000     0x3ebe
 .debug_abbrev  0x0000000000000000       0x43 ./main_nortos.o
 .debug_abbrev  0x0000000000000043      0x13a ./pwmled2.o
 .debug_abbrev  0x000000000000017d      0x192 ./syscfg/ti_drivers_config.o
 .debug_abbrev  0x000000000000030f      0x386 /Users/josephles/ti/simplelink_cc32xx_sdk_7_10_00_13/source/ti/drivers/lib/gcc/m4/drivers_cc32xx.a(GPIOCC32XX.c.obj)
 .debug_abbrev  0x0000000000000695      0x509 /Users/josephles/ti/simplelink_cc32xx_sdk_7_10_00_13/source/ti/drivers/lib/gcc/m4/drivers_cc32xx.a(PowerCC32XX.c.obj)
 .debug_abbrev  0x0000000000000b9e      0x2eb /Users/josephles/ti/simplelink_cc32xx_sdk_7_10_00_13/source/ti/drivers/lib/gcc/m4/drivers_cc32xx.a(PWM.c.obj)
 .debug_abbrev  0x0000000000000e89      0x36a /Users/josephles/ti/simplelink_cc32xx_sdk_7_10_00_13/source/ti/drivers/lib/gcc/m4/drivers_cc32xx.a(PWMTimerCC32XX.c.obj)
 .debug_abbrev  0x00000000000011f3      0x458 /Users/josephles/ti/simplelink_cc32xx_sdk_7_10_00_13/source/ti/drivers/lib/gcc/m4/drivers_cc32xx.a(TimerCC32XX.c.obj)
 .debug_abbrev  0x000000000000164b      0x27b /Users/josephles/ti/simplelink_cc32xx_sdk_7_10_00_13/source/ti/drivers/lib/gcc/m4/drivers_cc32xx.a(List.c.obj)
 .debug_abbrev  0x00000000000018c6      0x116 /Users/josephles/ti/simplelink_cc32xx_sdk_7_10_00_13/kernel/nortos/lib/gcc/m4/nortos_cc32xx.a(NoRTOS.c.obj)
 .debug_abbrev  0x00000000000019dc       0xaa /Users/josephles/ti/simplelink_cc32xx_sdk_7_10_00_13/kernel/nortos/lib/gcc/m4/nortos_cc32xx.a(posix_sleep.c.obj)
 .debug_abbrev  0x0000000000001a86      0x470 /Users/josephles/ti/simplelink_cc32xx_sdk_7_10_00_13/kernel/nortos/lib/gcc/m4/nortos_cc32xx.a(SemaphoreP_nortos.c.obj)
 .debug_abbrev  0x0000000000001ef6      0x5d6 /Users/josephles/ti/simplelink_cc32xx_sdk_7_10_00_13/kernel/nortos/lib/gcc/m4/nortos_cc32xx.a(ClockPSysTick_nortos.c.obj)
 .debug_abbrev  0x00000000000024cc      0x4e6 /Users/josephles/ti/simplelink_cc32xx_sdk_7_10_00_13/kernel/nortos/lib/gcc/m4/nortos_cc32xx.a(HwiPCC32XX_nortos.c.obj)
 .debug_abbrev  0x00000000000029b2      0x249 /Users/josephles/ti/simplelink_cc32xx_sdk_7_10_00_13/kernel/nortos/lib/gcc/m4/nortos_cc32xx.a(PowerCC32XX_nortos.c.obj)
 .debug_abbrev  0x0000000000002bfb      0x301 /Users/josephles/ti/simplelink_cc32xx_sdk_7_10_00_13/kernel/nortos/lib/gcc/m4/nortos_cc32xx.a(startup_cc32xx_gcc.c.obj)
 .debug_abbrev  0x0000000000002efc      0x523 /Users/josephles/ti/simplelink_cc32xx_sdk_7_10_00_13/kernel/nortos/lib/gcc/m4/nortos_cc32xx.a(SwiP_nortos.c.obj)
 .debug_abbrev  0x000000000000341f       0xe0 /Users/josephles/ti/simplelink_cc32xx_sdk_7_10_00_13/source/ti/devices/cc32xx/driverlib/gcc/Release/driverlib.a(cpu.obj)
 .debug_abbrev  0x00000000000034ff      0x12e /Users/josephles/ti/simplelink_cc32xx_sdk_7_10_00_13/source/ti/devices/cc32xx/driverlib/gcc/Release/driverlib.a(gpio.obj)
 .debug_abbrev  0x000000000000362d      0x15d /Users/josephles/ti/simplelink_cc32xx_sdk_7_10_00_13/source/ti/devices/cc32xx/driverlib/gcc/Release/driverlib.a(interrupt.obj)
 .debug_abbrev  0x000000000000378a      0x158 /Users/josephles/ti/simplelink_cc32xx_sdk_7_10_00_13/source/ti/devices/cc32xx/driverlib/gcc/Release/driverlib.a(pin.obj)
 .debug_abbrev  0x00000000000038e2      0x20f /Users/josephles/ti/simplelink_cc32xx_sdk_7_10_00_13/source/ti/devices/cc32xx/driverlib/gcc/Release/driverlib.a(prcm.obj)
 .debug_abbrev  0x0000000000003af1       0xe4 /Users/josephles/ti/simplelink_cc32xx_sdk_7_10_00_13/source/ti/devices/cc32xx/driverlib/gcc/Release/driverlib.a(systick.obj)
 .debug_abbrev  0x0000000000003bd5       0xec /Users/josephles/ti/simplelink_cc32xx_sdk_7_10_00_13/source/ti/devices/cc32xx/driverlib/gcc/Release/driverlib.a(timer.obj)
 .debug_abbrev  0x0000000000003cc1       0x4c /Users/josephles/ti/simplelink_cc32xx_sdk_7_10_00_13/source/ti/devices/cc32xx/driverlib/gcc/Release/driverlib.a(utils.obj)
 .debug_abbrev  0x0000000000003d0d      0x1b1 /Users/josephles/ti/simplelink_cc32xx_sdk_7_10_00_13/source/ti/devices/cc32xx/driverlib/gcc/Release/driverlib.a(flash.obj)

.debug_aranges  0x0000000000000000      0xcc8
 .debug_aranges
                0x0000000000000000       0x20 ./main_nortos.o
 .debug_aranges
                0x0000000000000020       0x20 ./pwmled2.o
 .debug_aranges
                0x0000000000000040       0x28 ./syscfg/ti_drivers_config.o
 .debug_aranges
                0x0000000000000068       0x78 /Users/josephles/ti/simplelink_cc32xx_sdk_7_10_00_13/source/ti/drivers/lib/gcc/m4/drivers_cc32xx.a(GPIOCC32XX.c.obj)
 .debug_aranges
                0x00000000000000e0       0xf0 /Users/josephles/ti/simplelink_cc32xx_sdk_7_10_00_13/source/ti/drivers/lib/gcc/m4/drivers_cc32xx.a(PowerCC32XX.c.obj)
 .debug_aranges
                0x00000000000001d0       0x68 /Users/josephles/ti/simplelink_cc32xx_sdk_7_10_00_13/source/ti/drivers/lib/gcc/m4/drivers_cc32xx.a(PWM.c.obj)
 .debug_aranges
                0x0000000000000238       0x70 /Users/josephles/ti/simplelink_cc32xx_sdk_7_10_00_13/source/ti/drivers/lib/gcc/m4/drivers_cc32xx.a(PWMTimerCC32XX.c.obj)
 .debug_aranges
                0x00000000000002a8       0x78 /Users/josephles/ti/simplelink_cc32xx_sdk_7_10_00_13/source/ti/drivers/lib/gcc/m4/drivers_cc32xx.a(TimerCC32XX.c.obj)
 .debug_aranges
                0x0000000000000320       0x48 /Users/josephles/ti/simplelink_cc32xx_sdk_7_10_00_13/source/ti/drivers/lib/gcc/m4/drivers_cc32xx.a(List.c.obj)
 .debug_aranges
                0x0000000000000368       0x30 /Users/josephles/ti/simplelink_cc32xx_sdk_7_10_00_13/kernel/nortos/lib/gcc/m4/nortos_cc32xx.a(NoRTOS.c.obj)
 .debug_aranges
                0x0000000000000398       0x28 /Users/josephles/ti/simplelink_cc32xx_sdk_7_10_00_13/kernel/nortos/lib/gcc/m4/nortos_cc32xx.a(posix_sleep.c.obj)
 .debug_aranges
                0x00000000000003c0       0x78 /Users/josephles/ti/simplelink_cc32xx_sdk_7_10_00_13/kernel/nortos/lib/gcc/m4/nortos_cc32xx.a(SemaphoreP_nortos.c.obj)
 .debug_aranges
                0x0000000000000438       0xd0 /Users/josephles/ti/simplelink_cc32xx_sdk_7_10_00_13/kernel/nortos/lib/gcc/m4/nortos_cc32xx.a(ClockPSysTick_nortos.c.obj)
 .debug_aranges
                0x0000000000000508       0xb8 /Users/josephles/ti/simplelink_cc32xx_sdk_7_10_00_13/kernel/nortos/lib/gcc/m4/nortos_cc32xx.a(HwiPCC32XX_nortos.c.obj)
 .debug_aranges
                0x00000000000005c0       0x28 /Users/josephles/ti/simplelink_cc32xx_sdk_7_10_00_13/kernel/nortos/lib/gcc/m4/nortos_cc32xx.a(PowerCC32XX_nortos.c.obj)
 .debug_aranges
                0x00000000000005e8       0x50 /Users/josephles/ti/simplelink_cc32xx_sdk_7_10_00_13/kernel/nortos/lib/gcc/m4/nortos_cc32xx.a(startup_cc32xx_gcc.c.obj)
 .debug_aranges
                0x0000000000000638       0xa8 /Users/josephles/ti/simplelink_cc32xx_sdk_7_10_00_13/kernel/nortos/lib/gcc/m4/nortos_cc32xx.a(SwiP_nortos.c.obj)
 .debug_aranges
                0x00000000000006e0       0x48 /Users/josephles/ti/simplelink_cc32xx_sdk_7_10_00_13/source/ti/devices/cc32xx/driverlib/gcc/Release/driverlib.a(cpu.obj)
 .debug_aranges
                0x0000000000000728       0x90 /Users/josephles/ti/simplelink_cc32xx_sdk_7_10_00_13/source/ti/devices/cc32xx/driverlib/gcc/Release/driverlib.a(gpio.obj)
 .debug_aranges
                0x00000000000007b8       0x98 /Users/josephles/ti/simplelink_cc32xx_sdk_7_10_00_13/source/ti/devices/cc32xx/driverlib/gcc/Release/driverlib.a(interrupt.obj)
 .debug_aranges
                0x0000000000000850       0xc0 /Users/josephles/ti/simplelink_cc32xx_sdk_7_10_00_13/source/ti/devices/cc32xx/driverlib/gcc/Release/driverlib.a(pin.obj)
 .debug_aranges
                0x0000000000000910      0x1d8 /Users/josephles/ti/simplelink_cc32xx_sdk_7_10_00_13/source/ti/devices/cc32xx/driverlib/gcc/Release/driverlib.a(prcm.obj)
 .debug_aranges
                0x0000000000000ae8       0x60 /Users/josephles/ti/simplelink_cc32xx_sdk_7_10_00_13/source/ti/devices/cc32xx/driverlib/gcc/Release/driverlib.a(systick.obj)
 .debug_aranges
                0x0000000000000b48       0xd8 /Users/josephles/ti/simplelink_cc32xx_sdk_7_10_00_13/source/ti/devices/cc32xx/driverlib/gcc/Release/driverlib.a(timer.obj)
 .debug_aranges
                0x0000000000000c20       0x20 /Users/josephles/ti/simplelink_cc32xx_sdk_7_10_00_13/source/ti/devices/cc32xx/driverlib/gcc/Release/driverlib.a(utils.obj)
 .debug_aranges
                0x0000000000000c40       0x88 /Users/josephles/ti/simplelink_cc32xx_sdk_7_10_00_13/source/ti/devices/cc32xx/driverlib/gcc/Release/driverlib.a(flash.obj)

.debug_ranges   0x0000000000000000     0x15f8
 .debug_ranges  0x0000000000000000       0x10 ./main_nortos.o
 .debug_ranges  0x0000000000000010       0x10 ./pwmled2.o
 .debug_ranges  0x0000000000000020       0x18 ./syscfg/ti_drivers_config.o
 .debug_ranges  0x0000000000000038       0x68 /Users/josephles/ti/simplelink_cc32xx_sdk_7_10_00_13/source/ti/drivers/lib/gcc/m4/drivers_cc32xx.a(GPIOCC32XX.c.obj)
 .debug_ranges  0x00000000000000a0      0x220 /Users/josephles/ti/simplelink_cc32xx_sdk_7_10_00_13/source/ti/drivers/lib/gcc/m4/drivers_cc32xx.a(PowerCC32XX.c.obj)
 .debug_ranges  0x00000000000002c0       0x58 /Users/josephles/ti/simplelink_cc32xx_sdk_7_10_00_13/source/ti/drivers/lib/gcc/m4/drivers_cc32xx.a(PWM.c.obj)
 .debug_ranges  0x0000000000000318      0x1b8 /Users/josephles/ti/simplelink_cc32xx_sdk_7_10_00_13/source/ti/drivers/lib/gcc/m4/drivers_cc32xx.a(PWMTimerCC32XX.c.obj)
 .debug_ranges  0x00000000000004d0      0x198 /Users/josephles/ti/simplelink_cc32xx_sdk_7_10_00_13/source/ti/drivers/lib/gcc/m4/drivers_cc32xx.a(TimerCC32XX.c.obj)
 .debug_ranges  0x0000000000000668       0x38 /Users/josephles/ti/simplelink_cc32xx_sdk_7_10_00_13/source/ti/drivers/lib/gcc/m4/drivers_cc32xx.a(List.c.obj)
 .debug_ranges  0x00000000000006a0       0x20 /Users/josephles/ti/simplelink_cc32xx_sdk_7_10_00_13/kernel/nortos/lib/gcc/m4/nortos_cc32xx.a(NoRTOS.c.obj)
 .debug_ranges  0x00000000000006c0       0x18 /Users/josephles/ti/simplelink_cc32xx_sdk_7_10_00_13/kernel/nortos/lib/gcc/m4/nortos_cc32xx.a(posix_sleep.c.obj)
 .debug_ranges  0x00000000000006d8      0x280 /Users/josephles/ti/simplelink_cc32xx_sdk_7_10_00_13/kernel/nortos/lib/gcc/m4/nortos_cc32xx.a(SemaphoreP_nortos.c.obj)
 .debug_ranges  0x0000000000000958      0x460 /Users/josephles/ti/simplelink_cc32xx_sdk_7_10_00_13/kernel/nortos/lib/gcc/m4/nortos_cc32xx.a(ClockPSysTick_nortos.c.obj)
 .debug_ranges  0x0000000000000db8      0x100 /Users/josephles/ti/simplelink_cc32xx_sdk_7_10_00_13/kernel/nortos/lib/gcc/m4/nortos_cc32xx.a(HwiPCC32XX_nortos.c.obj)
 .debug_ranges  0x0000000000000eb8       0x18 /Users/josephles/ti/simplelink_cc32xx_sdk_7_10_00_13/kernel/nortos/lib/gcc/m4/nortos_cc32xx.a(PowerCC32XX_nortos.c.obj)
 .debug_ranges  0x0000000000000ed0       0x40 /Users/josephles/ti/simplelink_cc32xx_sdk_7_10_00_13/kernel/nortos/lib/gcc/m4/nortos_cc32xx.a(startup_cc32xx_gcc.c.obj)
 .debug_ranges  0x0000000000000f10      0x178 /Users/josephles/ti/simplelink_cc32xx_sdk_7_10_00_13/kernel/nortos/lib/gcc/m4/nortos_cc32xx.a(SwiP_nortos.c.obj)
 .debug_ranges  0x0000000000001088       0x38 /Users/josephles/ti/simplelink_cc32xx_sdk_7_10_00_13/source/ti/devices/cc32xx/driverlib/gcc/Release/driverlib.a(cpu.obj)
 .debug_ranges  0x00000000000010c0       0x80 /Users/josephles/ti/simplelink_cc32xx_sdk_7_10_00_13/source/ti/devices/cc32xx/driverlib/gcc/Release/driverlib.a(gpio.obj)
 .debug_ranges  0x0000000000001140       0x88 /Users/josephles/ti/simplelink_cc32xx_sdk_7_10_00_13/source/ti/devices/cc32xx/driverlib/gcc/Release/driverlib.a(interrupt.obj)
 .debug_ranges  0x00000000000011c8       0xb0 /Users/josephles/ti/simplelink_cc32xx_sdk_7_10_00_13/source/ti/devices/cc32xx/driverlib/gcc/Release/driverlib.a(pin.obj)
 .debug_ranges  0x0000000000001278      0x1e0 /Users/josephles/ti/simplelink_cc32xx_sdk_7_10_00_13/source/ti/devices/cc32xx/driverlib/gcc/Release/driverlib.a(prcm.obj)
 .debug_ranges  0x0000000000001458       0x50 /Users/josephles/ti/simplelink_cc32xx_sdk_7_10_00_13/source/ti/devices/cc32xx/driverlib/gcc/Release/driverlib.a(systick.obj)
 .debug_ranges  0x00000000000014a8       0xc8 /Users/josephles/ti/simplelink_cc32xx_sdk_7_10_00_13/source/ti/devices/cc32xx/driverlib/gcc/Release/driverlib.a(timer.obj)
 .debug_ranges  0x0000000000001570       0x10 /Users/josephles/ti/simplelink_cc32xx_sdk_7_10_00_13/source/ti/devices/cc32xx/driverlib/gcc/Release/driverlib.a(utils.obj)
 .debug_ranges  0x0000000000001580       0x78 /Users/josephles/ti/simplelink_cc32xx_sdk_7_10_00_13/source/ti/devices/cc32xx/driverlib/gcc/Release/driverlib.a(flash.obj)

.debug_line     0x0000000000000000     0xc714
 .debug_line    0x0000000000000000       0x77 ./main_nortos.o
 .debug_line    0x0000000000000077      0x344 ./pwmled2.o
 .debug_line    0x00000000000003bb      0x367 ./syscfg/ti_drivers_config.o
 .debug_line    0x0000000000000722      0xd44 /Users/josephles/ti/simplelink_cc32xx_sdk_7_10_00_13/source/ti/drivers/lib/gcc/m4/drivers_cc32xx.a(GPIOCC32XX.c.obj)
 .debug_line    0x0000000000001466     0x1887 /Users/josephles/ti/simplelink_cc32xx_sdk_7_10_00_13/source/ti/drivers/lib/gcc/m4/drivers_cc32xx.a(PowerCC32XX.c.obj)
 .debug_line    0x0000000000002ced      0x617 /Users/josephles/ti/simplelink_cc32xx_sdk_7_10_00_13/source/ti/drivers/lib/gcc/m4/drivers_cc32xx.a(PWM.c.obj)
 .debug_line    0x0000000000003304     0x11ad /Users/josephles/ti/simplelink_cc32xx_sdk_7_10_00_13/source/ti/drivers/lib/gcc/m4/drivers_cc32xx.a(PWMTimerCC32XX.c.obj)
 .debug_line    0x00000000000044b1      0xdae /Users/josephles/ti/simplelink_cc32xx_sdk_7_10_00_13/source/ti/drivers/lib/gcc/m4/drivers_cc32xx.a(TimerCC32XX.c.obj)
 .debug_line    0x000000000000525f      0x5f8 /Users/josephles/ti/simplelink_cc32xx_sdk_7_10_00_13/source/ti/drivers/lib/gcc/m4/drivers_cc32xx.a(List.c.obj)
 .debug_line    0x0000000000005857      0x36d /Users/josephles/ti/simplelink_cc32xx_sdk_7_10_00_13/kernel/nortos/lib/gcc/m4/nortos_cc32xx.a(NoRTOS.c.obj)
 .debug_line    0x0000000000005bc4      0x30d /Users/josephles/ti/simplelink_cc32xx_sdk_7_10_00_13/kernel/nortos/lib/gcc/m4/nortos_cc32xx.a(posix_sleep.c.obj)
 .debug_line    0x0000000000005ed1      0xbfc /Users/josephles/ti/simplelink_cc32xx_sdk_7_10_00_13/kernel/nortos/lib/gcc/m4/nortos_cc32xx.a(SemaphoreP_nortos.c.obj)
 .debug_line    0x0000000000006acd     0x11ae /Users/josephles/ti/simplelink_cc32xx_sdk_7_10_00_13/kernel/nortos/lib/gcc/m4/nortos_cc32xx.a(ClockPSysTick_nortos.c.obj)
 .debug_line    0x0000000000007c7b      0x950 /Users/josephles/ti/simplelink_cc32xx_sdk_7_10_00_13/kernel/nortos/lib/gcc/m4/nortos_cc32xx.a(HwiPCC32XX_nortos.c.obj)
 .debug_line    0x00000000000085cb      0x8bf /Users/josephles/ti/simplelink_cc32xx_sdk_7_10_00_13/kernel/nortos/lib/gcc/m4/nortos_cc32xx.a(PowerCC32XX_nortos.c.obj)
 .debug_line    0x0000000000008e8a      0x57f /Users/josephles/ti/simplelink_cc32xx_sdk_7_10_00_13/kernel/nortos/lib/gcc/m4/nortos_cc32xx.a(startup_cc32xx_gcc.c.obj)
 .debug_line    0x0000000000009409      0xd94 /Users/josephles/ti/simplelink_cc32xx_sdk_7_10_00_13/kernel/nortos/lib/gcc/m4/nortos_cc32xx.a(SwiP_nortos.c.obj)
 .debug_line    0x000000000000a19d      0x113 /Users/josephles/ti/simplelink_cc32xx_sdk_7_10_00_13/source/ti/devices/cc32xx/driverlib/gcc/Release/driverlib.a(cpu.obj)
 .debug_line    0x000000000000a2b0      0x402 /Users/josephles/ti/simplelink_cc32xx_sdk_7_10_00_13/source/ti/devices/cc32xx/driverlib/gcc/Release/driverlib.a(gpio.obj)
 .debug_line    0x000000000000a6b2      0x3fa /Users/josephles/ti/simplelink_cc32xx_sdk_7_10_00_13/source/ti/devices/cc32xx/driverlib/gcc/Release/driverlib.a(interrupt.obj)
 .debug_line    0x000000000000aaac      0x3ed /Users/josephles/ti/simplelink_cc32xx_sdk_7_10_00_13/source/ti/devices/cc32xx/driverlib/gcc/Release/driverlib.a(pin.obj)
 .debug_line    0x000000000000ae99      0xd2b /Users/josephles/ti/simplelink_cc32xx_sdk_7_10_00_13/source/ti/devices/cc32xx/driverlib/gcc/Release/driverlib.a(prcm.obj)
 .debug_line    0x000000000000bbc4      0x15d /Users/josephles/ti/simplelink_cc32xx_sdk_7_10_00_13/source/ti/devices/cc32xx/driverlib/gcc/Release/driverlib.a(systick.obj)
 .debug_line    0x000000000000bd21      0x581 /Users/josephles/ti/simplelink_cc32xx_sdk_7_10_00_13/source/ti/devices/cc32xx/driverlib/gcc/Release/driverlib.a(timer.obj)
 .debug_line    0x000000000000c2a2       0x8a /Users/josephles/ti/simplelink_cc32xx_sdk_7_10_00_13/source/ti/devices/cc32xx/driverlib/gcc/Release/driverlib.a(utils.obj)
 .debug_line    0x000000000000c32c      0x3e8 /Users/josephles/ti/simplelink_cc32xx_sdk_7_10_00_13/source/ti/devices/cc32xx/driverlib/gcc/Release/driverlib.a(flash.obj)

.debug_str      0x0000000000000000     0x4ae8
 .debug_str     0x0000000000000000      0x16e ./main_nortos.o
                                        0x1a7 (size before relaxing)
 .debug_str     0x000000000000016e      0x2ca ./pwmled2.o
                                        0x48d (size before relaxing)
 .debug_str     0x0000000000000438      0x716 ./syscfg/ti_drivers_config.o
                                        0xb6e (size before relaxing)
 .debug_str     0x0000000000000b4e      0x638 /Users/josephles/ti/simplelink_cc32xx_sdk_7_10_00_13/source/ti/drivers/lib/gcc/m4/drivers_cc32xx.a(GPIOCC32XX.c.obj)
                                        0xaa4 (size before relaxing)
 .debug_str     0x0000000000001186      0x955 /Users/josephles/ti/simplelink_cc32xx_sdk_7_10_00_13/source/ti/drivers/lib/gcc/m4/drivers_cc32xx.a(PowerCC32XX.c.obj)
                                       0x126c (size before relaxing)
 .debug_str     0x0000000000001adb      0x4da /Users/josephles/ti/simplelink_cc32xx_sdk_7_10_00_13/source/ti/drivers/lib/gcc/m4/drivers_cc32xx.a(PWM.c.obj)
                                        0xa03 (size before relaxing)
 .debug_str     0x0000000000001fb5      0x43e /Users/josephles/ti/simplelink_cc32xx_sdk_7_10_00_13/source/ti/drivers/lib/gcc/m4/drivers_cc32xx.a(PWMTimerCC32XX.c.obj)
                                        0xdb9 (size before relaxing)
 .debug_str     0x00000000000023f3      0x3f1 /Users/josephles/ti/simplelink_cc32xx_sdk_7_10_00_13/source/ti/drivers/lib/gcc/m4/drivers_cc32xx.a(TimerCC32XX.c.obj)
                                        0xa4d (size before relaxing)
 .debug_str     0x00000000000027e4       0xf5 /Users/josephles/ti/simplelink_cc32xx_sdk_7_10_00_13/source/ti/drivers/lib/gcc/m4/drivers_cc32xx.a(List.c.obj)
                                        0x76c (size before relaxing)
 .debug_str     0x00000000000028d9      0x1dc /Users/josephles/ti/simplelink_cc32xx_sdk_7_10_00_13/kernel/nortos/lib/gcc/m4/nortos_cc32xx.a(NoRTOS.c.obj)
                                        0x3e7 (size before relaxing)
 .debug_str     0x0000000000002ab5       0xd5 /Users/josephles/ti/simplelink_cc32xx_sdk_7_10_00_13/kernel/nortos/lib/gcc/m4/nortos_cc32xx.a(posix_sleep.c.obj)
                                        0x2f6 (size before relaxing)
 .debug_str     0x0000000000002b8a      0x256 /Users/josephles/ti/simplelink_cc32xx_sdk_7_10_00_13/kernel/nortos/lib/gcc/m4/nortos_cc32xx.a(SemaphoreP_nortos.c.obj)
                                        0xa16 (size before relaxing)
 .debug_str     0x0000000000002de0      0x30b /Users/josephles/ti/simplelink_cc32xx_sdk_7_10_00_13/kernel/nortos/lib/gcc/m4/nortos_cc32xx.a(ClockPSysTick_nortos.c.obj)
                                        0xb73 (size before relaxing)
 .debug_str     0x00000000000030eb      0x3e9 /Users/josephles/ti/simplelink_cc32xx_sdk_7_10_00_13/kernel/nortos/lib/gcc/m4/nortos_cc32xx.a(HwiPCC32XX_nortos.c.obj)
                                        0xb49 (size before relaxing)
 .debug_str     0x00000000000034d4      0x200 /Users/josephles/ti/simplelink_cc32xx_sdk_7_10_00_13/kernel/nortos/lib/gcc/m4/nortos_cc32xx.a(PowerCC32XX_nortos.c.obj)
                                        0x7c1 (size before relaxing)
 .debug_str     0x00000000000036d4      0x1db /Users/josephles/ti/simplelink_cc32xx_sdk_7_10_00_13/kernel/nortos/lib/gcc/m4/nortos_cc32xx.a(startup_cc32xx_gcc.c.obj)
                                        0x7fe (size before relaxing)
 .debug_str     0x00000000000038af      0x37a /Users/josephles/ti/simplelink_cc32xx_sdk_7_10_00_13/kernel/nortos/lib/gcc/m4/nortos_cc32xx.a(SwiP_nortos.c.obj)
                                        0xac2 (size before relaxing)
 .debug_str     0x0000000000003c29      0x19f /Users/josephles/ti/simplelink_cc32xx_sdk_7_10_00_13/source/ti/devices/cc32xx/driverlib/gcc/Release/driverlib.a(cpu.obj)
                                        0x1bc (size before relaxing)
 .debug_str     0x0000000000003dc8      0x140 /Users/josephles/ti/simplelink_cc32xx_sdk_7_10_00_13/source/ti/devices/cc32xx/driverlib/gcc/Release/driverlib.a(gpio.obj)
                                        0x2ec (size before relaxing)
 .debug_str     0x0000000000003f08      0x17f /Users/josephles/ti/simplelink_cc32xx_sdk_7_10_00_13/source/ti/devices/cc32xx/driverlib/gcc/Release/driverlib.a(interrupt.obj)
                                        0x34d (size before relaxing)
 .debug_str     0x0000000000004087      0x13a /Users/josephles/ti/simplelink_cc32xx_sdk_7_10_00_13/source/ti/devices/cc32xx/driverlib/gcc/Release/driverlib.a(pin.obj)
                                        0x32a (size before relaxing)
 .debug_str     0x00000000000041c1      0x4f9 /Users/josephles/ti/simplelink_cc32xx_sdk_7_10_00_13/source/ti/devices/cc32xx/driverlib/gcc/Release/driverlib.a(prcm.obj)
                                        0x893 (size before relaxing)
 .debug_str     0x00000000000046ba       0xa5 /Users/josephles/ti/simplelink_cc32xx_sdk_7_10_00_13/source/ti/devices/cc32xx/driverlib/gcc/Release/driverlib.a(systick.obj)
                                        0x229 (size before relaxing)
 .debug_str     0x000000000000475f      0x160 /Users/josephles/ti/simplelink_cc32xx_sdk_7_10_00_13/source/ti/devices/cc32xx/driverlib/gcc/Release/driverlib.a(timer.obj)
                                        0x362 (size before relaxing)
 .debug_str     0x00000000000048bf       0x65 /Users/josephles/ti/simplelink_cc32xx_sdk_7_10_00_13/source/ti/devices/cc32xx/driverlib/gcc/Release/driverlib.a(utils.obj)
                                        0x17e (size before relaxing)
 .debug_str     0x0000000000004924      0x1c4 /Users/josephles/ti/simplelink_cc32xx_sdk_7_10_00_13/source/ti/devices/cc32xx/driverlib/gcc/Release/driverlib.a(flash.obj)
                                        0x330 (size before relaxing)

.comment        0x0000000000000000       0x79
 .comment       0x0000000000000000       0x79 ./main_nortos.o
                                         0x7a (size before relaxing)
 .comment       0x0000000000000079       0x7a ./pwmled2.o
 .comment       0x0000000000000079       0x7a ./syscfg/ti_drivers_config.o
 .comment       0x0000000000000079       0x7a /Users/josephles/ti/simplelink_cc32xx_sdk_7_10_00_13/source/ti/drivers/lib/gcc/m4/drivers_cc32xx.a(GPIOCC32XX.c.obj)
 .comment       0x0000000000000079       0x7a /Users/josephles/ti/simplelink_cc32xx_sdk_7_10_00_13/source/ti/drivers/lib/gcc/m4/drivers_cc32xx.a(PowerCC32XX.c.obj)
 .comment       0x0000000000000079       0x7a /Users/josephles/ti/simplelink_cc32xx_sdk_7_10_00_13/source/ti/drivers/lib/gcc/m4/drivers_cc32xx.a(PWM.c.obj)
 .comment       0x0000000000000079       0x7a /Users/josephles/ti/simplelink_cc32xx_sdk_7_10_00_13/source/ti/drivers/lib/gcc/m4/drivers_cc32xx.a(PWMTimerCC32XX.c.obj)
 .comment       0x0000000000000079       0x7a /Users/josephles/ti/simplelink_cc32xx_sdk_7_10_00_13/source/ti/drivers/lib/gcc/m4/drivers_cc32xx.a(TimerCC32XX.c.obj)
 .comment       0x0000000000000079       0x7a /Users/josephles/ti/simplelink_cc32xx_sdk_7_10_00_13/source/ti/drivers/lib/gcc/m4/drivers_cc32xx.a(List.c.obj)
 .comment       0x0000000000000079       0x7a /Users/josephles/ti/simplelink_cc32xx_sdk_7_10_00_13/kernel/nortos/lib/gcc/m4/nortos_cc32xx.a(NoRTOS.c.obj)
 .comment       0x0000000000000079       0x7a /Users/josephles/ti/simplelink_cc32xx_sdk_7_10_00_13/kernel/nortos/lib/gcc/m4/nortos_cc32xx.a(posix_sleep.c.obj)
 .comment       0x0000000000000079       0x7a /Users/josephles/ti/simplelink_cc32xx_sdk_7_10_00_13/kernel/nortos/lib/gcc/m4/nortos_cc32xx.a(SemaphoreP_nortos.c.obj)
 .comment       0x0000000000000079       0x7a /Users/josephles/ti/simplelink_cc32xx_sdk_7_10_00_13/kernel/nortos/lib/gcc/m4/nortos_cc32xx.a(ClockPSysTick_nortos.c.obj)
 .comment       0x0000000000000079       0x7a /Users/josephles/ti/simplelink_cc32xx_sdk_7_10_00_13/kernel/nortos/lib/gcc/m4/nortos_cc32xx.a(HwiPCC32XX_nortos.c.obj)
 .comment       0x0000000000000079       0x7a /Users/josephles/ti/simplelink_cc32xx_sdk_7_10_00_13/kernel/nortos/lib/gcc/m4/nortos_cc32xx.a(PowerCC32XX_nortos.c.obj)
 .comment       0x0000000000000079       0x7a /Users/josephles/ti/simplelink_cc32xx_sdk_7_10_00_13/kernel/nortos/lib/gcc/m4/nortos_cc32xx.a(startup_cc32xx_gcc.c.obj)
 .comment       0x0000000000000079       0x7a /Users/josephles/ti/simplelink_cc32xx_sdk_7_10_00_13/kernel/nortos/lib/gcc/m4/nortos_cc32xx.a(SwiP_nortos.c.obj)
 .comment       0x0000000000000079       0x7a /Users/josephles/ti/simplelink_cc32xx_sdk_7_10_00_13/source/ti/devices/cc32xx/driverlib/gcc/Release/driverlib.a(cpu.obj)
 .comment       0x0000000000000079       0x7a /Users/josephles/ti/simplelink_cc32xx_sdk_7_10_00_13/source/ti/devices/cc32xx/driverlib/gcc/Release/driverlib.a(gpio.obj)
 .comment       0x0000000000000079       0x7a /Users/josephles/ti/simplelink_cc32xx_sdk_7_10_00_13/source/ti/devices/cc32xx/driverlib/gcc/Release/driverlib.a(interrupt.obj)
 .comment       0x0000000000000079       0x7a /Users/josephles/ti/simplelink_cc32xx_sdk_7_10_00_13/source/ti/devices/cc32xx/driverlib/gcc/Release/driverlib.a(pin.obj)
 .comment       0x0000000000000079       0x7a /Users/josephles/ti/simplelink_cc32xx_sdk_7_10_00_13/source/ti/devices/cc32xx/driverlib/gcc/Release/driverlib.a(prcm.obj)
 .comment       0x0000000000000079       0x7a /Users/josephles/ti/simplelink_cc32xx_sdk_7_10_00_13/source/ti/devices/cc32xx/driverlib/gcc/Release/driverlib.a(systick.obj)
 .comment       0x0000000000000079       0x7a /Users/josephles/ti/simplelink_cc32xx_sdk_7_10_00_13/source/ti/devices/cc32xx/driverlib/gcc/Release/driverlib.a(timer.obj)
 .comment       0x0000000000000079       0x7a /Users/josephles/ti/simplelink_cc32xx_sdk_7_10_00_13/source/ti/devices/cc32xx/driverlib/gcc/Release/driverlib.a(utils.obj)
 .comment       0x0000000000000079       0x7a /Users/josephles/ti/simplelink_cc32xx_sdk_7_10_00_13/source/ti/devices/cc32xx/driverlib/gcc/Release/driverlib.a(flash.obj)

.ARM.attributes
                0x0000000000000000       0x2c
 .ARM.attributes
                0x0000000000000000       0x2e ./main_nortos.o
 .ARM.attributes
                0x000000000000002e       0x2e ./pwmled2.o
 .ARM.attributes
                0x000000000000005c       0x2e ./syscfg/ti_drivers_config.o
 .ARM.attributes
                0x000000000000008a       0x2e /Users/josephles/ti/simplelink_cc32xx_sdk_7_10_00_13/source/ti/drivers/lib/gcc/m4/drivers_cc32xx.a(GPIOCC32XX.c.obj)
 .ARM.attributes
                0x00000000000000b8       0x2e /Users/josephles/ti/simplelink_cc32xx_sdk_7_10_00_13/source/ti/drivers/lib/gcc/m4/drivers_cc32xx.a(PowerCC32XX.c.obj)
 .ARM.attributes
                0x00000000000000e6       0x1c /Users/josephles/ti/simplelink_cc32xx_sdk_7_10_00_13/source/ti/drivers/lib/gcc/m4/drivers_cc32xx.a(PowerCC32XX_gcc.asm.obj)
 .ARM.attributes
                0x0000000000000102       0x2e /Users/josephles/ti/simplelink_cc32xx_sdk_7_10_00_13/source/ti/drivers/lib/gcc/m4/drivers_cc32xx.a(PWM.c.obj)
 .ARM.attributes
                0x0000000000000130       0x2e /Users/josephles/ti/simplelink_cc32xx_sdk_7_10_00_13/source/ti/drivers/lib/gcc/m4/drivers_cc32xx.a(PWMTimerCC32XX.c.obj)
 .ARM.attributes
                0x000000000000015e       0x2e /Users/josephles/ti/simplelink_cc32xx_sdk_7_10_00_13/source/ti/drivers/lib/gcc/m4/drivers_cc32xx.a(TimerCC32XX.c.obj)
 .ARM.attributes
                0x000000000000018c       0x2e /Users/josephles/ti/simplelink_cc32xx_sdk_7_10_00_13/source/ti/drivers/lib/gcc/m4/drivers_cc32xx.a(List.c.obj)
 .ARM.attributes
                0x00000000000001ba       0x2e /Users/josephles/ti/simplelink_cc32xx_sdk_7_10_00_13/kernel/nortos/lib/gcc/m4/nortos_cc32xx.a(NoRTOS.c.obj)
 .ARM.attributes
                0x00000000000001e8       0x2e /Users/josephles/ti/simplelink_cc32xx_sdk_7_10_00_13/kernel/nortos/lib/gcc/m4/nortos_cc32xx.a(posix_sleep.c.obj)
 .ARM.attributes
                0x0000000000000216       0x2e /Users/josephles/ti/simplelink_cc32xx_sdk_7_10_00_13/kernel/nortos/lib/gcc/m4/nortos_cc32xx.a(SemaphoreP_nortos.c.obj)
 .ARM.attributes
                0x0000000000000244       0x2e /Users/josephles/ti/simplelink_cc32xx_sdk_7_10_00_13/kernel/nortos/lib/gcc/m4/nortos_cc32xx.a(ClockPSysTick_nortos.c.obj)
 .ARM.attributes
                0x0000000000000272       0x2e /Users/josephles/ti/simplelink_cc32xx_sdk_7_10_00_13/kernel/nortos/lib/gcc/m4/nortos_cc32xx.a(HwiPCC32XX_nortos.c.obj)
 .ARM.attributes
                0x00000000000002a0       0x2e /Users/josephles/ti/simplelink_cc32xx_sdk_7_10_00_13/kernel/nortos/lib/gcc/m4/nortos_cc32xx.a(PowerCC32XX_nortos.c.obj)
 .ARM.attributes
                0x00000000000002ce       0x2e /Users/josephles/ti/simplelink_cc32xx_sdk_7_10_00_13/kernel/nortos/lib/gcc/m4/nortos_cc32xx.a(startup_cc32xx_gcc.c.obj)
 .ARM.attributes
                0x00000000000002fc       0x2e /Users/josephles/ti/simplelink_cc32xx_sdk_7_10_00_13/kernel/nortos/lib/gcc/m4/nortos_cc32xx.a(SwiP_nortos.c.obj)
 .ARM.attributes
                0x000000000000032a       0x2e /Users/josephles/ti/simplelink_cc32xx_sdk_7_10_00_13/source/ti/devices/cc32xx/driverlib/gcc/Release/driverlib.a(cpu.obj)
 .ARM.attributes
                0x0000000000000358       0x2e /Users/josephles/ti/simplelink_cc32xx_sdk_7_10_00_13/source/ti/devices/cc32xx/driverlib/gcc/Release/driverlib.a(gpio.obj)
 .ARM.attributes
                0x0000000000000386       0x2e /Users/josephles/ti/simplelink_cc32xx_sdk_7_10_00_13/source/ti/devices/cc32xx/driverlib/gcc/Release/driverlib.a(interrupt.obj)
 .ARM.attributes
                0x00000000000003b4       0x2e /Users/josephles/ti/simplelink_cc32xx_sdk_7_10_00_13/source/ti/devices/cc32xx/driverlib/gcc/Release/driverlib.a(pin.obj)
 .ARM.attributes
                0x00000000000003e2       0x2e /Users/josephles/ti/simplelink_cc32xx_sdk_7_10_00_13/source/ti/devices/cc32xx/driverlib/gcc/Release/driverlib.a(prcm.obj)
 .ARM.attributes
                0x0000000000000410       0x2e /Users/josephles/ti/simplelink_cc32xx_sdk_7_10_00_13/source/ti/devices/cc32xx/driverlib/gcc/Release/driverlib.a(systick.obj)
 .ARM.attributes
                0x000000000000043e       0x2e /Users/josephles/ti/simplelink_cc32xx_sdk_7_10_00_13/source/ti/devices/cc32xx/driverlib/gcc/Release/driverlib.a(timer.obj)
 .ARM.attributes
                0x000000000000046c       0x2e /Users/josephles/ti/simplelink_cc32xx_sdk_7_10_00_13/source/ti/devices/cc32xx/driverlib/gcc/Release/driverlib.a(utils.obj)
 .ARM.attributes
                0x000000000000049a       0x2e /Users/josephles/ti/simplelink_cc32xx_sdk_7_10_00_13/source/ti/devices/cc32xx/driverlib/gcc/Release/driverlib.a(flash.obj)
 .ARM.attributes