Archive member included to satisfy reference by file (symbol)

/Users/josephles/ti/simplelink_cc32xx_sdk_7_10_00_13/source/ti/drivers/lib/gcc/m4/drivers_cc32xx.a(GPIO.c.obj)
                              ./gpiointerrupt.o (GPIO_setCallback)
/Users/josephles/ti/simplelink_cc32xx_sdk_7_10_00_13/source/ti/drivers/lib/gcc/m4/drivers_cc32xx.a(GPIOCC32XX.c.obj)
                              ./gpiointerrupt.o (GPIO_enableInt)
/Users/josephles/ti/simplelink_cc32xx_sdk_7_10_00_13/source/ti/drivers/lib/gcc/m4/drivers_cc32xx.a(I2C.c.obj)
                              ./gpiointerrupt.o (I2C_init)
/Users/josephles/ti/simplelink_cc32xx_sdk_7_10_00_13/source/ti/drivers/lib/gcc/m4/drivers_cc32xx.a(I2CCC32XX.c.obj)
                              /Users/josephles/ti/simplelink_cc32xx_sdk_7_10_00_13/source/ti/drivers/lib/gcc/m4/drivers_cc32xx.a(I2C.c.obj) (I2CSupport_primeTransfer)
/Users/josephles/ti/simplelink_cc32xx_sdk_7_10_00_13/source/ti/drivers/lib/gcc/m4/drivers_cc32xx.a(PowerCC32XX.c.obj)
                              ./syscfg/ti_drivers_config.o (Power_init)
/Users/josephles/ti/simplelink_cc32xx_sdk_7_10_00_13/source/ti/drivers/lib/gcc/m4/drivers_cc32xx.a(PowerCC32XX_gcc.asm.obj)
                              /Users/josephles/ti/simplelink_cc32xx_sdk_7_10_00_13/source/ti/drivers/lib/gcc/m4/drivers_cc32xx.a(PowerCC32XX.c.obj) (PowerCC32XX_enterLPDS)
/Users/josephles/ti/simplelink_cc32xx_sdk_7_10_00_13/source/ti/drivers/lib/gcc/m4/drivers_cc32xx.a(Timer.c.obj)
                              ./gpiointerrupt.o (Timer_init)
/Users/josephles/ti/simplelink_cc32xx_sdk_7_10_00_13/source/ti/drivers/lib/gcc/m4/drivers_cc32xx.a(TimerCC32XX.c.obj)
                              ./gpiointerrupt.o (Timer_open)
/Users/josephles/ti/simplelink_cc32xx_sdk_7_10_00_13/source/ti/drivers/lib/gcc/m4/drivers_cc32xx.a(UART2.c.obj)
                              ./gpiointerrupt.o (UART2_Params_init)
/Users/josephles/ti/simplelink_cc32xx_sdk_7_10_00_13/source/ti/drivers/lib/gcc/m4/drivers_cc32xx.a(UART2CC32XX.c.obj)
                              ./gpiointerrupt.o (UART2_open)
/Users/josephles/ti/simplelink_cc32xx_sdk_7_10_00_13/source/ti/drivers/lib/gcc/m4/drivers_cc32xx.a(List.c.obj)
                              /Users/josephles/ti/simplelink_cc32xx_sdk_7_10_00_13/source/ti/drivers/lib/gcc/m4/drivers_cc32xx.a(PowerCC32XX.c.obj) (List_put)
/Users/josephles/ti/simplelink_cc32xx_sdk_7_10_00_13/source/ti/drivers/lib/gcc/m4/drivers_cc32xx.a(RingBuf.c.obj)
                              /Users/josephles/ti/simplelink_cc32xx_sdk_7_10_00_13/source/ti/drivers/lib/gcc/m4/drivers_cc32xx.a(UART2CC32XX.c.obj) (RingBuf_construct)
/Users/josephles/ti/simplelink_cc32xx_sdk_7_10_00_13/source/ti/drivers/lib/gcc/m4/drivers_cc32xx.a(UDMACC32XX.c.obj)
                              /Users/josephles/ti/simplelink_cc32xx_sdk_7_10_00_13/source/ti/drivers/lib/gcc/m4/drivers_cc32xx.a(UART2CC32XX.c.obj) (UDMACC32XX_close)
/Users/josephles/ti/simplelink_cc32xx_sdk_7_10_00_13/kernel/nortos/lib/gcc/m4/nortos_cc32xx.a(NoRTOS.c.obj)
                              ./main_nortos.o (NoRTOS_start)
/Users/josephles/ti/simplelink_cc32xx_sdk_7_10_00_13/kernel/nortos/lib/gcc/m4/nortos_cc32xx.a(SemaphoreP_nortos.c.obj)
                              /Users/josephles/ti/simplelink_cc32xx_sdk_7_10_00_13/source/ti/drivers/lib/gcc/m4/drivers_cc32xx.a(I2CCC32XX.c.obj) (SemaphoreP_constructBinary)
/Users/josephles/ti/simplelink_cc32xx_sdk_7_10_00_13/kernel/nortos/lib/gcc/m4/nortos_cc32xx.a(ClockPSysTick_nortos.c.obj)
                              /Users/josephles/ti/simplelink_cc32xx_sdk_7_10_00_13/kernel/nortos/lib/gcc/m4/nortos_cc32xx.a(SemaphoreP_nortos.c.obj) (ClockP_add)
/Users/josephles/ti/simplelink_cc32xx_sdk_7_10_00_13/kernel/nortos/lib/gcc/m4/nortos_cc32xx.a(HwiPCC32XX_nortos.c.obj)
                              /Users/josephles/ti/simplelink_cc32xx_sdk_7_10_00_13/kernel/nortos/lib/gcc/m4/nortos_cc32xx.a(NoRTOS.c.obj) (HwiP_enable)
/Users/josephles/ti/simplelink_cc32xx_sdk_7_10_00_13/kernel/nortos/lib/gcc/m4/nortos_cc32xx.a(PowerCC32XX_nortos.c.obj)
                              ./syscfg/ti_drivers_config.o (PowerCC32XX_initPolicy)
/Users/josephles/ti/simplelink_cc32xx_sdk_7_10_00_13/kernel/nortos/lib/gcc/m4/nortos_cc32xx.a(startup_cc32xx_gcc.c.obj)
                              (resetISR)
/Users/josephles/ti/simplelink_cc32xx_sdk_7_10_00_13/kernel/nortos/lib/gcc/m4/nortos_cc32xx.a(SwiP_nortos.c.obj)
                              /Users/josephles/ti/simplelink_cc32xx_sdk_7_10_00_13/kernel/nortos/lib/gcc/m4/nortos_cc32xx.a(PowerCC32XX_nortos.c.obj) (SwiP_disable)
/Users/josephles/ti/simplelink_cc32xx_sdk_7_10_00_13/source/ti/devices/cc32xx/driverlib/gcc/Release/driverlib.a(cpu.obj)
                              /Users/josephles/ti/simplelink_cc32xx_sdk_7_10_00_13/kernel/nortos/lib/gcc/m4/nortos_cc32xx.a(HwiPCC32XX_nortos.c.obj) (CPUprimask)
/Users/josephles/ti/simplelink_cc32xx_sdk_7_10_00_13/source/ti/devices/cc32xx/driverlib/gcc/Release/driverlib.a(gpio.obj)
[...]
Memory Configuration

Name             Origin             Length             Attributes
SRAM             0x0000000020004000 0x000000000003c000 xrw
LOG_DATA         0x0000000090000000 0x0000000000040000 r
LOG_PTR          0x0000000094000008 0x0000000000040000 r
*default*        0x0000000000000000 0xffffffffffffffff

Linker script and memory map

LOAD ./gpiointerrupt.o
LOAD ./syscfg/ti_drivers_config.o
LOAD ./main_nortos.o
                0x0000000000001000                STACKSIZE = 0x1000
                0x0000000000008000                HEAP_SIZE = 0x8000
                0x0000000020004000                PROVIDE (_resetVecs_base_address = DEFINED (_resetVecs_base_address)?_resetVecs_base_address:0x20004000)

.resetVecs      0x0000000020004000       0x40
 *(.resetVecs)
 .resetVecs     0x0000000020004000       0x40 /Users/josephles/ti/simplelink_cc32xx_sdk_7_10_00_13/kernel/nortos/lib/gcc/m4/nortos_cc32xx.a(startup_cc32xx_gcc.c.obj)

.ramVecs        0x0000000020004400      0x30c
 *(.ramVecs)
 .ramVecs       0x0000000020004400      0x30c /Users/josephles/ti/simplelink_cc32xx_sdk_7_10_00_13/kernel/nortos/lib/gcc/m4/nortos_cc32xx.a(startup_cc32xx_gcc.c.obj)

.text           0x0000000020004710     0x767c
 CREATE_OBJECT_SYMBOLS
 *(.text)
 .text          0x0000000020004710       0x98 /Users/josephles/ti/simplelink_cc32xx_sdk_7_10_00_13/source/ti/drivers/lib/gcc/m4/drivers_cc32xx.a(PowerCC32XX_gcc.asm.obj)
                0x0000000020004710                PowerCC32XX_enterLPDS
                0x0000000020004754                PowerCC32XX_resumeLPDS
 .text          0x00000000200047a8      0x254 /Applications/ti/ccs1270/ccs/tools/compiler/gcc-arm-none-eabi-9-2019-q4-major/bin/../lib/gcc/arm-none-eabi/9.2.1/thumb/v7e-m/nofp/libgcc.a(_arm_muldf3.o)
                0x00000000200047a8                __aeabi_dmul
                0x00000000200047a8                __muldf3
 .text          0x00000000200049fc      0x378 /Applications/ti/ccs1270/ccs/tools/compiler/gcc-arm-none-eabi-9-2019-q4-major/bin/../lib/gcc/arm-none-eabi/9.2.1/thumb/v7e-m/nofp/libgcc.a(_arm_addsubdf3.o)
                0x00000000200049fc                __aeabi_drsub
                0x0000000020004a04                __subdf3
                0x0000000020004a04                __aeabi_dsub
                0x0000000020004a08                __aeabi_dadd
                0x0000000020004a08                __adddf3
                0x0000000020004c80                __aeabi_ui2d
                0x0000000020004c80                __floatunsidf
                0x0000000020004ca0                __floatsidf
                0x0000000020004ca0                __aeabi_i2d
                0x0000000020004cc4                __extendsfdf2
                0x0000000020004cc4                __aeabi_f2d
                0x0000000020004d08                __aeabi_ul2d
                0x0000000020004d08                __floatundidf
                0x0000000020004d18                __aeabi_l2d
                0x0000000020004d18                __floatdidf
 .text          0x0000000020004d74       0x50 /Applications/ti/ccs1270/ccs/tools/compiler/gcc-arm-none-eabi-9-2019-q4-major/bin/../lib/gcc/arm-none-eabi/9.2.1/thumb/v7e-m/nofp/libgcc.a(_arm_fixdfsi.o)
                0x0000000020004d74                __fixdfsi
                0x0000000020004d74                __aeabi_d2iz
 .text          0x0000000020004dc4       0x30 /Applications/ti/ccs1270/ccs/tools/compiler/gcc-arm-none-eabi-9-2019-q4-major/bin/../lib/gcc/arm-none-eabi/9.2.1/thumb/v7e-m/nofp/libgcc.a(_aeabi_uldivmod.o)
                0x0000000020004dc4                __aeabi_uldivmod
 .text          0x0000000020004df4      0x2c0 /Applications/ti/ccs1270/ccs/tools/compiler/gcc-arm-none-eabi-9-2019-q4-major/bin/../lib/gcc/arm-none-eabi/9.2.1/thumb/v7e-m/nofp/libgcc.a(_udivmoddi4.o)
                0x0000000020004df4                __udivmoddi4
 .text          0x00000000200050b4        0x4 /Applications/ti/ccs1270/ccs/tools/compiler/gcc-arm-none-eabi-9-2019-q4-major/bin/../lib/gcc/arm-none-eabi/9.2.1/thumb/v7e-m/nofp/libgcc.a(_dvmd_tls.o)
                0x00000000200050b4                __aeabi_ldiv0
                0x00000000200050b4                __aeabi_idiv0
 *fill*         0x00000000200050b8        0x8 
 .text          0x00000000200050c0       0xa0 /Applications/ti/ccs1270/ccs/tools/compiler/gcc-arm-none-eabi-9-2019-q4-major/arm-none-eabi/lib/thumb/v7e-m/nofp/libc_nano.a(lib_a-memchr.o)
                0x00000000200050c0                memchr
 *(.text.*)
 .text.timerCallback
                0x0000000020005160        0xc ./gpiointerrupt.o
                0x0000000020005160                timerCallback
 .text.gpioIncreaseTemperatureCallback
                0x000000002000516c       0x20 ./gpiointerrupt.o
                0x000000002000516c                gpioIncreaseTemperatureCallback
 .text.gpioDecreaseTemperatureCallback
                0x000000002000518c       0x20 ./gpiointerrupt.o
                0x000000002000518c                gpioDecreaseTemperatureCallback
 .text.adjustSetPointTemperature
                0x00000000200051ac       0x60 ./gpiointerrupt.o
                0x00000000200051ac                adjustSetPointTemperature
 .text.setHeatMode
                0x000000002000520c       0xb0 ./gpiointerrupt.o
                0x000000002000520c                setHeatMode
 .text.initUART
                0x00000000200052bc       0x34 ./gpiointerrupt.o
                0x00000000200052bc                initUART
 .text.initI2C  0x00000000200052f0      0x1b8 ./gpiointerrupt.o
                0x00000000200052f0                initI2C
 .text.initGPIO
                0x00000000200054a8       0x54 ./gpiointerrupt.o
                0x00000000200054a8                initGPIO
 .text.initTimer
                0x00000000200054fc       0x48 ./gpiointerrupt.o
                0x00000000200054fc                initTimer
 .text.readTemp
                0x0000000020005544       0xb8 ./gpiointerrupt.o
                0x0000000020005544                readTemp
 .text.getAmbientTemperature
                0x00000000200055fc       0x38 ./gpiointerrupt.o
                0x00000000200055fc                getAmbientTemperature
 .text.mainThread
                0x0000000020005634       0xac ./gpiointerrupt.o
                0x0000000020005634                mainThread
 .text.dmaErrorFxn
                0x00000000200056e0        0xc ./syscfg/ti_drivers_config.o
 .text.Board_initHook
                0x00000000200056ec        0x4 ./syscfg/ti_drivers_config.o
                0x00000000200056ec                Board_initHook
 .text.Board_init
                0x00000000200056f0       0x14 ./syscfg/ti_drivers_config.o
                0x00000000200056f0                Board_init
 .text.startup.main
                0x0000000020005704       0x14 ./main_nortos.o
                0x0000000020005704                main
 .text.GPIO_setCallback
                0x0000000020005718       0x1c /Users/josephles/ti/simplelink_cc32xx_sdk_7_10_00_13/source/ti/drivers/lib/gcc/m4/drivers_cc32xx.a(GPIO.c.obj)
                0x0000000020005718                GPIO_setCallback
 .text.GPIO_hwiIntFxn
                0x0000000020005734       0x54 /Users/josephles/ti/simplelink_cc32xx_sdk_7_10_00_13/source/ti/drivers/lib/gcc/m4/drivers_cc32xx.a(GPIOCC32XX.c.obj)
                0x0000000020005734                GPIO_hwiIntFxn
 .text.GPIO_enableInt
                0x0000000020005788       0x44 /Users/josephles/ti/simplelink_cc32xx_sdk_7_10_00_13/source/ti/drivers/lib/gcc/m4/drivers_cc32xx.a(GPIOCC32XX.c.obj)
                0x0000000020005788                GPIO_enableInt
 .text.GPIO_read
                0x00000000200057cc       0x28 /Users/josephles/ti/simplelink_cc32xx_sdk_7_10_00_13/source/ti/drivers/lib/gcc/m4/drivers_cc32xx.a(GPIOCC32XX.c.obj)
                0x00000000200057cc                GPIO_read
 .text.GPIO_setInterruptConfig
                0x00000000200057f4       0x9c /Users/josephles/ti/simplelink_cc32xx_sdk_7_10_00_13/source/ti/drivers/lib/gcc/m4/drivers_cc32xx.a(GPIOCC32XX.c.obj)
                0x00000000200057f4                GPIO_setInterruptConfig
 .text.GPIO_setConfig
                0x0000000020005890      0x160 /Users/josephles/ti/simplelink_cc32xx_sdk_7_10_00_13/source/ti/drivers/lib/gcc/m4/drivers_cc32xx.a(GPIOCC32XX.c.obj)
                0x0000000020005890                GPIO_setConfig
 .text.GPIO_init
                0x00000000200059f0       0xa0 /Users/josephles/ti/simplelink_cc32xx_sdk_7_10_00_13/source/ti/drivers/lib/gcc/m4/drivers_cc32xx.a(GPIOCC32XX.c.obj)
                0x00000000200059f0                GPIO_init
 .text.powerNotifyFxn
                0x0000000020005a90       0x84 /Users/josephles/ti/simplelink_cc32xx_sdk_7_10_00_13/source/ti/drivers/lib/gcc/m4/drivers_cc32xx.a(GPIOCC32XX.c.obj)
 .text.GPIO_toggle
                0x0000000020005b14       0x5c /Users/josephles/ti/simplelink_cc32xx_sdk_7_10_00_13/source/ti/drivers/lib/gcc/m4/drivers_cc32xx.a(GPIOCC32XX.c.obj)
                0x0000000020005b14                GPIO_toggle
 .text.GPIO_write
                0x0000000020005b70       0x8c /Users/josephles/ti/simplelink_cc32xx_sdk_7_10_00_13/source/ti/drivers/lib/gcc/m4/drivers_cc32xx.a(GPIOCC32XX.c.obj)
                0x0000000020005b70                GPIO_write
 .text.I2C_init
                0x0000000020005bfc        0x4 /Users/josephles/ti/simplelink_cc32xx_sdk_7_10_00_13/source/ti/drivers/lib/gcc/m4/drivers_cc32xx.a(I2C.c.obj)
                0x0000000020005bfc                I2C_init
 .text.I2C_Params_init
                0x0000000020005c00        0xc /Users/josephles/ti/simplelink_cc32xx_sdk_7_10_00_13/source/ti/drivers/lib/gcc/m4/drivers_cc32xx.a(I2C.c.obj)
                0x0000000020005c00                I2C_Params_init
 .text.I2C_transferTimeout
                0x0000000020005c0c      0x150 /Users/josephles/ti/simplelink_cc32xx_sdk_7_10_00_13/source/ti/drivers/lib/gcc/m4/drivers_cc32xx.a(I2C.c.obj)
                0x0000000020005c0c                I2C_transferTimeout
 .text.I2C_transfer
                0x0000000020005d5c       0x14 /Users/josephles/ti/simplelink_cc32xx_sdk_7_10_00_13/source/ti/drivers/lib/gcc/m4/drivers_cc32xx.a(I2C.c.obj)
                0x0000000020005d5c                I2C_transfer
 .text.I2CCC32XX_blockingCallback
                0x0000000020005d70        0x8 /Users/josephles/ti/simplelink_cc32xx_sdk_7_10_00_13/source/ti/drivers/lib/gcc/m4/drivers_cc32xx.a(I2CCC32XX.c.obj)
 .text.I2CCC32XX_primeReadBurst.isra.0
                0x0000000020005d78       0x74 /Users/josephles/ti/simplelink_cc32xx_sdk_7_10_00_13/source/ti/drivers/lib/gcc/m4/drivers_cc32xx.a(I2CCC32XX.c.obj)
 .text.I2CCC32XX_initHw.isra.0
                0x0000000020005dec       0x70 /Users/josephles/ti/simplelink_cc32xx_sdk_7_10_00_13/source/ti/drivers/lib/gcc/m4/drivers_cc32xx.a(I2CCC32XX.c.obj)
 .text.I2CCC32XX_postNotify
                0x0000000020005e5c       0x10 /Users/josephles/ti/simplelink_cc32xx_sdk_7_10_00_13/source/ti/drivers/lib/gcc/m4/drivers_cc32xx.a(I2CCC32XX.c.obj)
 .text.I2CCC32XX_primeWriteBurst
                0x0000000020005e6c       0xac /Users/josephles/ti/simplelink_cc32xx_sdk_7_10_00_13/source/ti/drivers/lib/gcc/m4/drivers_cc32xx.a(I2CCC32XX.c.obj)
 .text.I2CCC32XX_completeTransfer
                0x0000000020005f18      0x108 /Users/josephles/ti/simplelink_cc32xx_sdk_7_10_00_13/source/ti/drivers/lib/gcc/m4/drivers_cc32xx.a(I2CCC32XX.c.obj)
 .text.I2CCC32XX_hwiFxn
                0x0000000020006020      0x1a8 /Users/josephles/ti/simplelink_cc32xx_sdk_7_10_00_13/source/ti/drivers/lib/gcc/m4/drivers_cc32xx.a(I2CCC32XX.c.obj)
 .text.I2CSupport_primeTransfer
                0x00000000200061c8       0x70 /Users/josephles/ti/simplelink_cc32xx_sdk_7_10_00_13/source/ti/drivers/lib/gcc/m4/drivers_cc32xx.a(I2CCC32XX.c.obj)
                0x00000000200061c8                I2CSupport_primeTransfer
 .text.I2CSupport_controllerFinish
                0x0000000020006238        0x8 /Users/josephles/ti/simplelink_cc32xx_sdk_7_10_00_13/source/ti/drivers/lib/gcc/m4/drivers_cc32xx.a(I2CCC32XX.c.obj)
                0x0000000020006238                I2CSupport_controllerFinish
 .text.I2CSupport_powerRelConstraint
                0x0000000020006240        0x8 /Users/josephles/ti/simplelink_cc32xx_sdk_7_10_00_13/source/ti/drivers/lib/gcc/m4/drivers_cc32xx.a(I2CCC32XX.c.obj)
                0x0000000020006240                I2CSupport_powerRelConstraint
 .text.I2CSupport_powerSetConstraint
                0x0000000020006248        0x8 /Users/josephles/ti/simplelink_cc32xx_sdk_7_10_00_13/source/ti/drivers/lib/gcc/m4/drivers_cc32xx.a(I2CCC32XX.c.obj)
                0x0000000020006248                I2CSupport_powerSetConstraint
 .text.I2C_open
                0x0000000020006250      0x10c /Users/josephles/ti/simplelink_cc32xx_sdk_7_10_00_13/source/ti/drivers/lib/gcc/m4/drivers_cc32xx.a(I2CCC32XX.c.obj)
                0x0000000020006250                I2C_open
 .text.Power_disablePolicy
                0x000000002000635c       0x14 /Users/josephles/ti/simplelink_cc32xx_sdk_7_10_00_13/source/ti/drivers/lib/gcc/m4/drivers_cc32xx.a(PowerCC32XX.c.obj)
                0x000000002000635c                Power_disablePolicy
 .text.Power_enablePolicy
                0x0000000020006370       0x10 /Users/josephles/ti/simplelink_cc32xx_sdk_7_10_00_13/source/ti/drivers/lib/gcc/m4/drivers_cc32xx.a(PowerCC32XX.c.obj)
                0x0000000020006370                Power_enablePolicy
 .text.Power_getConstraintMask
                0x0000000020006380        0xc /Users/josephles/ti/simplelink_cc32xx_sdk_7_10_00_13/source/ti/drivers/lib/gcc/m4/drivers_cc32xx.a(PowerCC32XX.c.obj)
                0x0000000020006380                Power_getConstraintMask
 .text.Power_getTransitionLatency
                0x000000002000638c       0x14 /Users/josephles/ti/simplelink_cc32xx_sdk_7_10_00_13/source/ti/drivers/lib/gcc/m4/drivers_cc32xx.a(PowerCC32XX.c.obj)
                0x000000002000638c                Power_getTransitionLatency
 .text.Power_idleFunc
                0x00000000200063a0       0x14 /Users/josephles/ti/simplelink_cc32xx_sdk_7_10_00_13/source/ti/drivers/lib/gcc/m4/drivers_cc32xx.a(PowerCC32XX.c.obj)
                0x00000000200063a0                Power_idleFunc
 .text.Power_init
                0x00000000200063b4       0xd8 /Users/josephles/ti/simplelink_cc32xx_sdk_7_10_00_13/source/ti/drivers/lib/gcc/m4/drivers_cc32xx.a(PowerCC32XX.c.obj)
                0x00000000200063b4                Power_init
 .text.Power_registerNotify
                0x000000002000648c       0x24 /Users/josephles/ti/simplelink_cc32xx_sdk_7_10_00_13/source/ti/drivers/lib/gcc/m4/drivers_cc32xx.a(PowerCC32XX.c.obj)
                0x000000002000648c                Power_registerNotify
 .text.Power_releaseConstraint
                0x00000000200064b0       0x4c /Users/josephles/ti/simplelink_cc32xx_sdk_7_10_00_13/source/ti/drivers/lib/gcc/m4/drivers_cc32xx.a(PowerCC32XX.c.obj)
                0x00000000200064b0                Power_releaseConstraint
 .text.Power_releaseDependency
                0x00000000200064fc       0x54 /Users/josephles/ti/simplelink_cc32xx_sdk_7_10_00_13/source/ti/drivers/lib/gcc/m4/drivers_cc32xx.a(PowerCC32XX.c.obj)
                0x00000000200064fc                Power_releaseDependency
 .text.Power_setConstraint
                0x0000000020006550       0x38 /Users/josephles/ti/simplelink_cc32xx_sdk_7_10_00_13/source/ti/drivers/lib/gcc/m4/drivers_cc32xx.a(PowerCC32XX.c.obj)
                0x0000000020006550                Power_setConstraint
 .text.Power_setDependency
                0x0000000020006588       0x78 /Users/josephles/ti/simplelink_cc32xx_sdk_7_10_00_13/source/ti/drivers/lib/gcc/m4/drivers_cc32xx.a(PowerCC32XX.c.obj)
                0x0000000020006588                Power_setDependency
 .text.Power_sleep
                0x0000000020006600      0x554 /Users/josephles/ti/simplelink_cc32xx_sdk_7_10_00_13/source/ti/drivers/lib/gcc/m4/drivers_cc32xx.a(PowerCC32XX.c.obj)
                0x0000000020006600                Power_sleep
 .text.Power_unregisterNotify
                0x0000000020006b54       0x20 /Users/josephles/ti/simplelink_cc32xx_sdk_7_10_00_13/source/ti/drivers/lib/gcc/m4/drivers_cc32xx.a(PowerCC32XX.c.obj)
                0x0000000020006b54                Power_unregisterNotify
 .text.PowerCC32XX_getParkState
                0x0000000020006b74       0x38 /Users/josephles/ti/simplelink_cc32xx_sdk_7_10_00_13/source/ti/drivers/lib/gcc/m4/drivers_cc32xx.a(PowerCC32XX.c.obj)
                0x0000000020006b74                PowerCC32XX_getParkState
 .text.PowerCC32XX_restoreParkState
                0x0000000020006bac       0x30 /Users/josephles/ti/simplelink_cc32xx_sdk_7_10_00_13/source/ti/drivers/lib/gcc/m4/drivers_cc32xx.a(PowerCC32XX.c.obj)
                0x0000000020006bac                PowerCC32XX_restoreParkState
 .text.PowerCC32XX_setParkState
                0x0000000020006bdc       0x64 /Users/josephles/ti/simplelink_cc32xx_sdk_7_10_00_13/source/ti/drivers/lib/gcc/m4/drivers_cc32xx.a(PowerCC32XX.c.obj)
                0x0000000020006bdc                PowerCC32XX_setParkState
 .text.PowerCC32XX_reset
                0x0000000020006c40       0x20 /Users/josephles/ti/simplelink_cc32xx_sdk_7_10_00_13/source/ti/drivers/lib/gcc/m4/drivers_cc32xx.a(PowerCC32XX.c.obj)
                0x0000000020006c40                PowerCC32XX_reset
 .text.Timer_init
                0x0000000020006c60        0x4 /Users/josephles/ti/simplelink_cc32xx_sdk_7_10_00_13/source/ti/drivers/lib/gcc/m4/drivers_cc32xx.a(Timer.c.obj)
                0x0000000020006c60                Timer_init
 .text.Timer_Params_init
                0x0000000020006c64       0x10 /Users/josephles/ti/simplelink_cc32xx_sdk_7_10_00_13/source/ti/drivers/lib/gcc/m4/drivers_cc32xx.a(Timer.c.obj)
                0x0000000020006c64                Timer_Params_init
 .text.Timer_start
                0x0000000020006c74       0x48 /Users/josephles/ti/simplelink_cc32xx_sdk_7_10_00_13/source/ti/drivers/lib/gcc/m4/drivers_cc32xx.a(Timer.c.obj)
                0x0000000020006c74                Timer_start
 .text.Timer_stop
                0x0000000020006cbc       0x44 /Users/josephles/ti/simplelink_cc32xx_sdk_7_10_00_13/source/ti/drivers/lib/gcc/m4/drivers_cc32xx.a(Timer.c.obj)
                0x0000000020006cbc                Timer_stop
 .text.TimerCC32XX_hwiIntFunction
                0x0000000020006d00       0x38 /Users/josephles/ti/simplelink_cc32xx_sdk_7_10_00_13/source/ti/drivers/lib/gcc/m4/drivers_cc32xx.a(TimerCC32XX.c.obj)
 .text.postNotifyFxn
                0x0000000020006d38       0x58 /Users/josephles/ti/simplelink_cc32xx_sdk_7_10_00_13/source/ti/drivers/lib/gcc/m4/drivers_cc32xx.a(TimerCC32XX.c.obj)
 .text.Timer_close
                0x0000000020006d90       0xb4 /Users/josephles/ti/simplelink_cc32xx_sdk_7_10_00_13/source/ti/drivers/lib/gcc/m4/drivers_cc32xx.a(TimerCC32XX.c.obj)
                0x0000000020006d90                Timer_close
 .text.Timer_open
                0x0000000020006e44      0x284 /Users/josephles/ti/simplelink_cc32xx_sdk_7_10_00_13/source/ti/drivers/lib/gcc/m4/drivers_cc32xx.a(TimerCC32XX.c.obj)
                0x0000000020006e44                Timer_open
 .text.TimerSupport_timerDisable
                0x00000000200070c8       0x28 /Users/josephles/ti/simplelink_cc32xx_sdk_7_10_00_13/source/ti/drivers/lib/gcc/m4/drivers_cc32xx.a(TimerCC32XX.c.obj)
                0x00000000200070c8                TimerSupport_timerDisable
 .text.TimerSupport_timerEnable
                0x00000000200070f0       0x50 /Users/josephles/ti/simplelink_cc32xx_sdk_7_10_00_13/source/ti/drivers/lib/gcc/m4/drivers_cc32xx.a(TimerCC32XX.c.obj)
                0x00000000200070f0                TimerSupport_timerEnable
 .text.UART2_Params_init
                0x0000000020007140       0x1c /Users/josephles/ti/simplelink_cc32xx_sdk_7_10_00_13/source/ti/drivers/lib/gcc/m4/drivers_cc32xx.a(UART2.c.obj)
                0x0000000020007140                UART2_Params_init
 .text.UART2_rxDisable
                0x000000002000715c       0x40 /Users/josephles/ti/simplelink_cc32xx_sdk_7_10_00_13/source/ti/drivers/lib/gcc/m4/drivers_cc32xx.a(UART2.c.obj)
                0x000000002000715c                UART2_rxDisable
 .text.UART2_writeTimeoutBlocking
                0x000000002000719c      0x174 /Users/josephles/ti/simplelink_cc32xx_sdk_7_10_00_13/source/ti/drivers/lib/gcc/m4/drivers_cc32xx.a(UART2.c.obj)
                0x000000002000719c                UART2_writeTimeoutBlocking
 .text.UART2_writeTimeoutNonblocking
                0x0000000020007310      0x124 /Users/josephles/ti/simplelink_cc32xx_sdk_7_10_00_13/source/ti/drivers/lib/gcc/m4/drivers_cc32xx.a(UART2.c.obj)
                0x0000000020007310                UART2_writeTimeoutNonblocking
 .text.UART2_writeTimeout
                0x0000000020007434       0x18 /Users/josephles/ti/simplelink_cc32xx_sdk_7_10_00_13/source/ti/drivers/lib/gcc/m4/drivers_cc32xx.a(UART2.c.obj)
                0x0000000020007434                UART2_writeTimeout
 .text.UART2_write
                0x000000002000744c       0x14 /Users/josephles/ti/simplelink_cc32xx_sdk_7_10_00_13/source/ti/drivers/lib/gcc/m4/drivers_cc32xx.a(UART2.c.obj)
                0x000000002000744c                UART2_write
 .text.UART2CC32XX_eventCallback
                0x0000000020007460        0x4 /Users/josephles/ti/simplelink_cc32xx_sdk_7_10_00_13/source/ti/drivers/lib/gcc/m4/drivers_cc32xx.a(UART2CC32XX.c.obj)
 .text.UART2CC32XX_initHw.isra.0
                0x0000000020007464       0xd4 /Users/josephles/ti/simplelink_cc32xx_sdk_7_10_00_13/source/ti/drivers/lib/gcc/m4/drivers_cc32xx.a(UART2CC32XX.c.obj)
 .text.UART2CC32XX_postNotifyFxn
                0x0000000020007538       0x10 /Users/josephles/ti/simplelink_cc32xx_sdk_7_10_00_13/source/ti/drivers/lib/gcc/m4/drivers_cc32xx.a(UART2CC32XX.c.obj)
 .text.UART2_close
                0x0000000020007548      0x100 /Users/josephles/ti/simplelink_cc32xx_sdk_7_10_00_13/source/ti/drivers/lib/gcc/m4/drivers_cc32xx.a(UART2CC32XX.c.obj)
                0x0000000020007548                UART2_close
 .text.UART2_open
                0x0000000020007648      0x250 /Users/josephles/ti/simplelink_cc32xx_sdk_7_10_00_13/source/ti/drivers/lib/gcc/m4/drivers_cc32xx.a(UART2CC32XX.c.obj)
                0x0000000020007648                UART2_open
 .text.UART2Support_disableRx
                0x0000000020007898       0x24 /Users/josephles/ti/simplelink_cc32xx_sdk_7_10_00_13/source/ti/drivers/lib/gcc/m4/drivers_cc32xx.a(UART2CC32XX.c.obj)
                0x0000000020007898                UART2Support_disableRx
 .text.UART2Support_disableTx
                0x00000000200078bc        0xc /Users/josephles/ti/simplelink_cc32xx_sdk_7_10_00_13/source/ti/drivers/lib/gcc/m4/drivers_cc32xx.a(UART2CC32XX.c.obj)
                0x00000000200078bc                UART2Support_disableTx
 .text.UART2Support_dmaStartTx
                0x00000000200078c8       0xbc /Users/josephles/ti/simplelink_cc32xx_sdk_7_10_00_13/source/ti/drivers/lib/gcc/m4/drivers_cc32xx.a(UART2CC32XX.c.obj)
                0x00000000200078c8                UART2Support_dmaStartTx
 .text.UART2Support_dmaStopRx
                0x0000000020007984       0x50 /Users/josephles/ti/simplelink_cc32xx_sdk_7_10_00_13/source/ti/drivers/lib/gcc/m4/drivers_cc32xx.a(UART2CC32XX.c.obj)
                0x0000000020007984                UART2Support_dmaStopRx
 .text.UART2Support_dmaStartRx
                0x00000000200079d4       0xd4 /Users/josephles/ti/simplelink_cc32xx_sdk_7_10_00_13/source/ti/drivers/lib/gcc/m4/drivers_cc32xx.a(UART2CC32XX.c.obj)
                0x00000000200079d4                UART2Support_dmaStartRx
 .text.UART2Support_dmaStopTx
                0x0000000020007aa8       0x64 /Users/josephles/ti/simplelink_cc32xx_sdk_7_10_00_13/source/ti/drivers/lib/gcc/m4/drivers_cc32xx.a(UART2CC32XX.c.obj)
                0x0000000020007aa8                UART2Support_dmaStopTx
 .text.UART2CC32XX_hwiIntFxn
                0x0000000020007b0c      0x2d0 /Users/josephles/ti/simplelink_cc32xx_sdk_7_10_00_13/source/ti/drivers/lib/gcc/m4/drivers_cc32xx.a(UART2CC32XX.c.obj)
 .text.UART2Support_enableTx
                0x0000000020007ddc        0xc /Users/josephles/ti/simplelink_cc32xx_sdk_7_10_00_13/source/ti/drivers/lib/gcc/m4/drivers_cc32xx.a(UART2CC32XX.c.obj)
                0x0000000020007ddc                UART2Support_enableTx
 .text.UART2Support_powerRelConstraint
                0x0000000020007de8        0x8 /Users/josephles/ti/simplelink_cc32xx_sdk_7_10_00_13/source/ti/drivers/lib/gcc/m4/drivers_cc32xx.a(UART2CC32XX.c.obj)
                0x0000000020007de8                UART2Support_powerRelConstraint
 .text.UART2Support_sendData
                0x0000000020007df0       0x2c /Users/josephles/ti/simplelink_cc32xx_sdk_7_10_00_13/source/ti/drivers/lib/gcc/m4/drivers_cc32xx.a(UART2CC32XX.c.obj)
                0x0000000020007df0                UART2Support_sendData
 .text.UART2Support_txDone
                0x0000000020007e1c       0x10 /Users/josephles/ti/simplelink_cc32xx_sdk_7_10_00_13/source/ti/drivers/lib/gcc/m4/drivers_cc32xx.a(UART2CC32XX.c.obj)
                0x0000000020007e1c                UART2Support_txDone
 .text.List_put
                0x0000000020007e2c       0x2c /Users/josephles/ti/simplelink_cc32xx_sdk_7_10_00_13/source/ti/drivers/lib/gcc/m4/drivers_cc32xx.a(List.c.obj)
                0x0000000020007e2c                List_put
 .text.List_remove
                0x0000000020007e58       0x30 /Users/josephles/ti/simplelink_cc32xx_sdk_7_10_00_13/source/ti/drivers/lib/gcc/m4/drivers_cc32xx.a(List.c.obj)
                0x0000000020007e58                List_remove
 .text.RingBuf_construct
                0x0000000020007e88       0x14 /Users/josephles/ti/simplelink_cc32xx_sdk_7_10_00_13/source/ti/drivers/lib/gcc/m4/drivers_cc32xx.a(RingBuf.c.obj)
                0x0000000020007e88                RingBuf_construct
 .text.RingBuf_getConsume
                0x0000000020007e9c       0x30 /Users/josephles/ti/simplelink_cc32xx_sdk_7_10_00_13/source/ti/drivers/lib/gcc/m4/drivers_cc32xx.a(RingBuf.c.obj)
                0x0000000020007e9c                RingBuf_getConsume
 .text.RingBuf_getCount
                0x0000000020007ecc        0x4 /Users/josephles/ti/simplelink_cc32xx_sdk_7_10_00_13/source/ti/drivers/lib/gcc/m4/drivers_cc32xx.a(RingBuf.c.obj)
                0x0000000020007ecc                RingBuf_getCount
 .text.RingBuf_getPointer
                0x0000000020007ed0       0x28 /Users/josephles/ti/simplelink_cc32xx_sdk_7_10_00_13/source/ti/drivers/lib/gcc/m4/drivers_cc32xx.a(RingBuf.c.obj)
                0x0000000020007ed0                RingBuf_getPointer
 .text.RingBuf_put
                0x0000000020007ef8       0x48 /Users/josephles/ti/simplelink_cc32xx_sdk_7_10_00_13/source/ti/drivers/lib/gcc/m4/drivers_cc32xx.a(RingBuf.c.obj)
                0x0000000020007ef8                RingBuf_put
 .text.RingBuf_putAdvance
                0x0000000020007f40       0x3c /Users/josephles/ti/simplelink_cc32xx_sdk_7_10_00_13/source/ti/drivers/lib/gcc/m4/drivers_cc32xx.a(RingBuf.c.obj)
                0x0000000020007f40                RingBuf_putAdvance
 .text.RingBuf_putPointer
                0x0000000020007f7c       0x34 /Users/josephles/ti/simplelink_cc32xx_sdk_7_10_00_13/source/ti/drivers/lib/gcc/m4/drivers_cc32xx.a(RingBuf.c.obj)
                0x0000000020007f7c                RingBuf_putPointer
 .text.postNotifyFxn
                0x0000000020007fb0       0x14 /Users/josephles/ti/simplelink_cc32xx_sdk_7_10_00_13/source/ti/drivers/lib/gcc/m4/drivers_cc32xx.a(UDMACC32XX.c.obj)
 .text.UDMACC32XX_close
                0x0000000020007fc4       0x40 /Users/josephles/ti/simplelink_cc32xx_sdk_7_10_00_13/source/ti/drivers/lib/gcc/m4/drivers_cc32xx.a(UDMACC32XX.c.obj)
                0x0000000020007fc4                UDMACC32XX_close
 .text.UDMACC32XX_init
                0x0000000020008004       0x40 /Users/josephles/ti/simplelink_cc32xx_sdk_7_10_00_13/source/ti/drivers/lib/gcc/m4/drivers_cc32xx.a(UDMACC32XX.c.obj)
                0x0000000020008004                UDMACC32XX_init
 .text.UDMACC32XX_open
                0x0000000020008044       0x70 /Users/josephles/ti/simplelink_cc32xx_sdk_7_10_00_13/source/ti/drivers/lib/gcc/m4/drivers_cc32xx.a(UDMACC32XX.c.obj)
                0x0000000020008044                UDMACC32XX_open
 .text.NoRTOS_start
                0x00000000200080b4        0x4 /Users/josephles/ti/simplelink_cc32xx_sdk_7_10_00_13/kernel/nortos/lib/gcc/m4/nortos_cc32xx.a(NoRTOS.c.obj)
                0x00000000200080b4                NoRTOS_start
 .text.clkFxn   0x00000000200080b8        0x4 /Users/josephles/ti/simplelink_cc32xx_sdk_7_10_00_13/kernel/nortos/lib/gcc/m4/nortos_cc32xx.a(SemaphoreP_nortos.c.obj)
                0x00000000200080b8                clkFxn
 .text.SemaphoreP_constructBinary
                0x00000000200080bc       0x3c /Users/josephles/ti/simplelink_cc32xx_sdk_7_10_00_13/kernel/nortos/lib/gcc/m4/nortos_cc32xx.a(SemaphoreP_nortos.c.obj)
                0x00000000200080bc                SemaphoreP_constructBinary
 .text.SemaphoreP_createBinary
                0x00000000200080f8       0x40 /Users/josephles/ti/simplelink_cc32xx_sdk_7_10_00_13/kernel/nortos/lib/gcc/m4/nortos_cc32xx.a(SemaphoreP_nortos.c.obj)
                0x00000000200080f8                SemaphoreP_createBinary
 .text.SemaphoreP_destruct
                0x0000000020008138        0x4 /Users/josephles/ti/simplelink_cc32xx_sdk_7_10_00_13/kernel/nortos/lib/gcc/m4/nortos_cc32xx.a(SemaphoreP_nortos.c.obj)
                0x0000000020008138                SemaphoreP_destruct
 .text.SemaphoreP_delete
                0x000000002000813c        0x4 /Users/josephles/ti/simplelink_cc32xx_sdk_7_10_00_13/kernel/nortos/lib/gcc/m4/nortos_cc32xx.a(SemaphoreP_nortos.c.obj)
                0x000000002000813c                SemaphoreP_delete
 .text.SemaphoreP_pend
                0x0000000020008140       0xfc /Users/josephles/ti/simplelink_cc32xx_sdk_7_10_00_13/kernel/nortos/lib/gcc/m4/nortos_cc32xx.a(SemaphoreP_nortos.c.obj)
                0x0000000020008140                SemaphoreP_pend
 .text.SemaphoreP_post
                0x000000002000823c       0x44 /Users/josephles/ti/simplelink_cc32xx_sdk_7_10_00_13/kernel/nortos/lib/gcc/m4/nortos_cc32xx.a(SemaphoreP_nortos.c.obj)
                0x000000002000823c                SemaphoreP_post
 .text.ClockP_sysTickHandler
                0x0000000020008280       0x7c /Users/josephles/ti/simplelink_cc32xx_sdk_7_10_00_13/kernel/nortos/lib/gcc/m4/nortos_cc32xx.a(ClockPSysTick_nortos.c.obj)
                0x0000000020008280                ClockP_sysTickHandler
 .text.ClockP_add
                0x00000000200082fc       0x14 /Users/josephles/ti/simplelink_cc32xx_sdk_7_10_00_13/kernel/nortos/lib/gcc/m4/nortos_cc32xx.a(ClockPSysTick_nortos.c.obj)
                0x00000000200082fc                ClockP_add
 .text.ClockP_destruct
                0x0000000020008310       0x44 /Users/josephles/ti/simplelink_cc32xx_sdk_7_10_00_13/kernel/nortos/lib/gcc/m4/nortos_cc32xx.a(ClockPSysTick_nortos.c.obj)
                0x0000000020008310                ClockP_destruct
 .text.ClockP_doTick
                0x0000000020008354        0x4 /Users/josephles/ti/simplelink_cc32xx_sdk_7_10_00_13/kernel/nortos/lib/gcc/m4/nortos_cc32xx.a(ClockPSysTick_nortos.c.obj)
                0x0000000020008354                ClockP_doTick
 .text.ClockP_getCpuFreq
                0x0000000020008358       0x10 /Users/josephles/ti/simplelink_cc32xx_sdk_7_10_00_13/kernel/nortos/lib/gcc/m4/nortos_cc32xx.a(ClockPSysTick_nortos.c.obj)
                0x0000000020008358                ClockP_getCpuFreq
 .text.ClockP_getSystemTicks
                0x0000000020008368       0x70 /Users/josephles/ti/simplelink_cc32xx_sdk_7_10_00_13/kernel/nortos/lib/gcc/m4/nortos_cc32xx.a(ClockPSysTick_nortos.c.obj)
                0x0000000020008368                ClockP_getSystemTicks
 .text.ClockP_getTicksUntilInterrupt
                0x00000000200083d8       0x40 /Users/josephles/ti/simplelink_cc32xx_sdk_7_10_00_13/kernel/nortos/lib/gcc/m4/nortos_cc32xx.a(ClockPSysTick_nortos.c.obj)
                0x00000000200083d8                ClockP_getTicksUntilInterrupt
 .text.ClockP_isActive
                0x0000000020008418        0xc /Users/josephles/ti/simplelink_cc32xx_sdk_7_10_00_13/kernel/nortos/lib/gcc/m4/nortos_cc32xx.a(ClockPSysTick_nortos.c.obj)
                0x0000000020008418                ClockP_isActive
 .text.ClockP_setTicks
                0x0000000020008424       0x10 /Users/josephles/ti/simplelink_cc32xx_sdk_7_10_00_13/kernel/nortos/lib/gcc/m4/nortos_cc32xx.a(ClockPSysTick_nortos.c.obj)
                0x0000000020008424                ClockP_setTicks
 .text.ClockP_start
                0x0000000020008434       0xa8 /Users/josephles/ti/simplelink_cc32xx_sdk_7_10_00_13/kernel/nortos/lib/gcc/m4/nortos_cc32xx.a(ClockPSysTick_nortos.c.obj)
                0x0000000020008434                ClockP_start
 .text.ClockP_startup
                0x00000000200084dc       0x68 /Users/josephles/ti/simplelink_cc32xx_sdk_7_10_00_13/kernel/nortos/lib/gcc/m4/nortos_cc32xx.a(ClockPSysTick_nortos.c.obj)
                0x00000000200084dc                ClockP_startup
 .text.HwiP_dispatch
                0x0000000020008544       0x1c /Users/josephles/ti/simplelink_cc32xx_sdk_7_10_00_13/kernel/nortos/lib/gcc/m4/nortos_cc32xx.a(HwiPCC32XX_nortos.c.obj)
                0x0000000020008544                HwiP_dispatch
 .text.HwiP_enable
                0x0000000020008560        0x4 /Users/josephles/ti/simplelink_cc32xx_sdk_7_10_00_13/kernel/nortos/lib/gcc/m4/nortos_cc32xx.a(HwiPCC32XX_nortos.c.obj)
                0x0000000020008560                HwiP_enable
 .text.HwiP_disable
                0x0000000020008564        0x8 /Users/josephles/ti/simplelink_cc32xx_sdk_7_10_00_13/kernel/nortos/lib/gcc/m4/nortos_cc32xx.a(HwiPCC32XX_nortos.c.obj)
                0x0000000020008564                HwiP_disable
 .text.HwiP_restore
                0x000000002000856c        0x8 /Users/josephles/ti/simplelink_cc32xx_sdk_7_10_00_13/kernel/nortos/lib/gcc/m4/nortos_cc32xx.a(HwiPCC32XX_nortos.c.obj)
                0x000000002000856c                HwiP_restore
 .text.HwiP_clearInterrupt
                0x0000000020008574        0x4 /Users/josephles/ti/simplelink_cc32xx_sdk_7_10_00_13/kernel/nortos/lib/gcc/m4/nortos_cc32xx.a(HwiPCC32XX_nortos.c.obj)
                0x0000000020008574                HwiP_clearInterrupt
 .text.HwiP_destruct
                0x0000000020008578       0x14 /Users/josephles/ti/simplelink_cc32xx_sdk_7_10_00_13/kernel/nortos/lib/gcc/m4/nortos_cc32xx.a(HwiPCC32XX_nortos.c.obj)
                0x0000000020008578                HwiP_destruct
 .text.HwiP_delete
                0x000000002000858c       0x1c /Users/josephles/ti/simplelink_cc32xx_sdk_7_10_00_13/kernel/nortos/lib/gcc/m4/nortos_cc32xx.a(HwiPCC32XX_nortos.c.obj)
                0x000000002000858c                HwiP_delete
 .text.HwiP_disableInterrupt
                0x00000000200085a8        0x4 /Users/josephles/ti/simplelink_cc32xx_sdk_7_10_00_13/kernel/nortos/lib/gcc/m4/nortos_cc32xx.a(HwiPCC32XX_nortos.c.obj)
                0x00000000200085a8                HwiP_disableInterrupt
 .text.HwiP_enableInterrupt
                0x00000000200085ac        0x4 /Users/josephles/ti/simplelink_cc32xx_sdk_7_10_00_13/kernel/nortos/lib/gcc/m4/nortos_cc32xx.a(HwiPCC32XX_nortos.c.obj)
                0x00000000200085ac                HwiP_enableInterrupt
 .text.HwiP_interruptsEnabled
                0x00000000200085b0       0x10 /Users/josephles/ti/simplelink_cc32xx_sdk_7_10_00_13/kernel/nortos/lib/gcc/m4/nortos_cc32xx.a(HwiPCC32XX_nortos.c.obj)
                0x00000000200085b0                HwiP_interruptsEnabled
 .text.HwiP_construct
                0x00000000200085c0       0x8c /Users/josephles/ti/simplelink_cc32xx_sdk_7_10_00_13/kernel/nortos/lib/gcc/m4/nortos_cc32xx.a(HwiPCC32XX_nortos.c.obj)
                0x00000000200085c0                HwiP_construct
 .text.HwiP_create
                0x000000002000864c       0x90 /Users/josephles/ti/simplelink_cc32xx_sdk_7_10_00_13/kernel/nortos/lib/gcc/m4/nortos_cc32xx.a(HwiPCC32XX_nortos.c.obj)
                0x000000002000864c                HwiP_create
 .text.HwiP_Params_init
                0x00000000200086dc       0x14 /Users/josephles/ti/simplelink_cc32xx_sdk_7_10_00_13/kernel/nortos/lib/gcc/m4/nortos_cc32xx.a(HwiPCC32XX_nortos.c.obj)
                0x00000000200086dc                HwiP_Params_init
 .text.HwiP_post
                0x00000000200086f0        0x4 /Users/josephles/ti/simplelink_cc32xx_sdk_7_10_00_13/kernel/nortos/lib/gcc/m4/nortos_cc32xx.a(HwiPCC32XX_nortos.c.obj)
                0x00000000200086f0                HwiP_post
 .text.HwiP_inISR
                0x00000000200086f4       0x10 /Users/josephles/ti/simplelink_cc32xx_sdk_7_10_00_13/kernel/nortos/lib/gcc/m4/nortos_cc32xx.a(HwiPCC32XX_nortos.c.obj)
                0x00000000200086f4                HwiP_inISR
 .text.PowerCC32XX_initPolicy
                0x0000000020008704        0x4 /Users/josephles/ti/simplelink_cc32xx_sdk_7_10_00_13/kernel/nortos/lib/gcc/m4/nortos_cc32xx.a(PowerCC32XX_nortos.c.obj)
                0x0000000020008704                PowerCC32XX_initPolicy
 .text.PowerCC32XX_sleepPolicy
                0x0000000020008708      0x220 /Users/josephles/ti/simplelink_cc32xx_sdk_7_10_00_13/kernel/nortos/lib/gcc/m4/nortos_cc32xx.a(PowerCC32XX_nortos.c.obj)
                0x0000000020008708                PowerCC32XX_sleepPolicy
 .text.nmiISR   0x0000000020008928        0x4 /Users/josephles/ti/simplelink_cc32xx_sdk_7_10_00_13/kernel/nortos/lib/gcc/m4/nortos_cc32xx.a(startup_cc32xx_gcc.c.obj)
 .text.faultISR
                0x000000002000892c        0x4 /Users/josephles/ti/simplelink_cc32xx_sdk_7_10_00_13/kernel/nortos/lib/gcc/m4/nortos_cc32xx.a(startup_cc32xx_gcc.c.obj)
 .text.busFaultHandler
                0x0000000020008930        0x4 /Users/josephles/ti/simplelink_cc32xx_sdk_7_10_00_13/kernel/nortos/lib/gcc/m4/nortos_cc32xx.a(startup_cc32xx_gcc.c.obj)
 .text.defaultHandler
                0x0000000020008934        0x4 /Users/josephles/ti/simplelink_cc32xx_sdk_7_10_00_13/kernel/nortos/lib/gcc/m4/nortos_cc32xx.a(startup_cc32xx_gcc.c.obj)
 .text.resetISR
                0x0000000020008938       0x14 /Users/josephles/ti/simplelink_cc32xx_sdk_7_10_00_13/kernel/nortos/lib/gcc/m4/nortos_cc32xx.a(startup_cc32xx_gcc.c.obj)
                0x0000000020008938                resetISR
 .text.localProgramStart
                0x000000002000894c       0xc4 /Users/josephles/ti/simplelink_cc32xx_sdk_7_10_00_13/kernel/nortos/lib/gcc/m4/nortos_cc32xx.a(startup_cc32xx_gcc.c.obj)
                0x000000002000894c                localProgramStart
 .text._fini    0x0000000020008a10        0x4 /Users/josephles/ti/simplelink_cc32xx_sdk_7_10_00_13/kernel/nortos/lib/gcc/m4/nortos_cc32xx.a(startup_cc32xx_gcc.c.obj)
                0x0000000020008a10                _fini
 .text.SwiP_disable
                0x0000000020008a14       0x1c /Users/josephles/ti/simplelink_cc32xx_sdk_7_10_00_13/kernel/nortos/lib/gcc/m4/nortos_cc32xx.a(SwiP_nortos.c.obj)
                0x0000000020008a14                SwiP_disable
 .text.SwiP_restore
                0x0000000020008a30       0x48 /Users/josephles/ti/simplelink_cc32xx_sdk_7_10_00_13/kernel/nortos/lib/gcc/m4/nortos_cc32xx.a(SwiP_nortos.c.obj)
                0x0000000020008a30                SwiP_restore
 .text.CPUcpsid
                0x0000000020008a78       0x16 /Users/josephles/ti/simplelink_cc32xx_sdk_7_10_00_13/source/ti/devices/cc32xx/driverlib/gcc/Release/driverlib.a(cpu.obj)
                0x0000000020008a78                CPUcpsid
 .text.CPUprimask
                0x0000000020008a8e        0xc /Users/josephles/ti/simplelink_cc32xx_sdk_7_10_00_13/source/ti/devices/cc32xx/driverlib/gcc/Release/driverlib.a(cpu.obj)
                0x0000000020008a8e                CPUprimask
 .text.CPUcpsie
                0x0000000020008a9a       0x16 /Users/josephles/ti/simplelink_cc32xx_sdk_7_10_00_13/source/ti/devices/cc32xx/driverlib/gcc/Release/driverlib.a(cpu.obj)
                0x0000000020008a9a                CPUcpsie
 .text.CPUwfi   0x0000000020008ab0        0xe /Users/josephles/ti/simplelink_cc32xx_sdk_7_10_00_13/source/ti/devices/cc32xx/driverlib/gcc/Release/driverlib.a(cpu.obj)
                0x0000000020008ab0                CPUwfi
 .text.GPIODirModeSet
                0x0000000020008abe       0x46 /Users/josephles/ti/simplelink_cc32xx_sdk_7_10_00_13/source/ti/devices/cc32xx/driverlib/gcc/Release/driverlib.a(gpio.obj)
                0x0000000020008abe                GPIODirModeSet
 .text.GPIOIntTypeSet
                0x0000000020008b04       0xa2 /Users/josephles/ti/simplelink_cc32xx_sdk_7_10_00_13/source/ti/devices/cc32xx/driverlib/gcc/Release/driverlib.a(gpio.obj)
                0x0000000020008b04                GPIOIntTypeSet
 .text.GPIOIntEnable
                0x0000000020008ba6       0x2a /Users/josephles/ti/simplelink_cc32xx_sdk_7_10_00_13/source/ti/devices/cc32xx/driverlib/gcc/Release/driverlib.a(gpio.obj)
                0x0000000020008ba6                GPIOIntEnable
 .text.GPIOIntDisable
                0x0000000020008bd0       0x2a /Users/josephles/ti/simplelink_cc32xx_sdk_7_10_00_13/source/ti/devices/cc32xx/driverlib/gcc/Release/driverlib.a(gpio.obj)
                0x0000000020008bd0                GPIOIntDisable
 .text.GPIOIntStatus
                0x0000000020008bfa       0x2e /Users/josephles/ti/simplelink_cc32xx_sdk_7_10_00_13/source/ti/devices/cc32xx/driverlib/gcc/Release/driverlib.a(gpio.obj)
                0x0000000020008bfa                GPIOIntStatus
 .text.GPIOIntClear
                0x0000000020008c28       0x20 /Users/josephles/ti/simplelink_cc32xx_sdk_7_10_00_13/source/ti/devices/cc32xx/driverlib/gcc/Release/driverlib.a(gpio.obj)
                0x0000000020008c28                GPIOIntClear
 .text.GPIOPinRead
                0x0000000020008c48       0x22 /Users/josephles/ti/simplelink_cc32xx_sdk_7_10_00_13/source/ti/devices/cc32xx/driverlib/gcc/Release/driverlib.a(gpio.obj)
                0x0000000020008c48                GPIOPinRead
 .text.GPIOPinWrite
                0x0000000020008c6a       0x2a /Users/josephles/ti/simplelink_cc32xx_sdk_7_10_00_13/source/ti/devices/cc32xx/driverlib/gcc/Release/driverlib.a(gpio.obj)
                0x0000000020008c6a                GPIOPinWrite
 .text.I2CMasterInitExpClk
                0x0000000020008c94       0x9c /Users/josephles/ti/simplelink_cc32xx_sdk_7_10_00_13/source/ti/devices/cc32xx/driverlib/gcc/Release/driverlib.a(i2c.obj)
                0x0000000020008c94                I2CMasterInitExpClk
 .text.I2CMasterEnable
                0x0000000020008d30       0x22 /Users/josephles/ti/simplelink_cc32xx_sdk_7_10_00_13/source/ti/devices/cc32xx/driverlib/gcc/Release/driverlib.a(i2c.obj)
                0x0000000020008d30                I2CMasterEnable
 .text.I2CMasterDisable
                0x0000000020008d52       0x22 /Users/josephles/ti/simplelink_cc32xx_sdk_7_10_00_13/source/ti/devices/cc32xx/driverlib/gcc/Release/driverlib.a(i2c.obj)
                0x0000000020008d52                I2CMasterDisable
 .text.I2CMasterIntEnableEx
                0x0000000020008d74       0x26 /Users/josephles/ti/simplelink_cc32xx_sdk_7_10_00_13/source/ti/devices/cc32xx/driverlib/gcc/Release/driverlib.a(i2c.obj)
                0x0000000020008d74                I2CMasterIntEnableEx
 .text.I2CMasterIntDisableEx
                0x0000000020008d9a       0x26 /Users/josephles/ti/simplelink_cc32xx_sdk_7_10_00_13/source/ti/devices/cc32xx/driverlib/gcc/Release/driverlib.a(i2c.obj)
                0x0000000020008d9a                I2CMasterIntDisableEx
 .text.I2CMasterIntStatusEx
                0x0000000020008dc0       0x2a /Users/josephles/ti/simplelink_cc32xx_sdk_7_10_00_13/source/ti/devices/cc32xx/driverlib/gcc/Release/driverlib.a(i2c.obj)
                0x0000000020008dc0                I2CMasterIntStatusEx
 .text.I2CMasterIntClearEx
                0x0000000020008dea       0x1e /Users/josephles/ti/simplelink_cc32xx_sdk_7_10_00_13/source/ti/devices/cc32xx/driverlib/gcc/Release/driverlib.a(i2c.obj)
                0x0000000020008dea                I2CMasterIntClearEx
 .text.I2CMasterSlaveAddrSet
                0x0000000020008e08       0x26 /Users/josephles/ti/simplelink_cc32xx_sdk_7_10_00_13/source/ti/devices/cc32xx/driverlib/gcc/Release/driverlib.a(i2c.obj)
                0x0000000020008e08                I2CMasterSlaveAddrSet
 .text.I2CMasterBusBusy
                0x0000000020008e2e       0x26 /Users/josephles/ti/simplelink_cc32xx_sdk_7_10_00_13/source/ti/devices/cc32xx/driverlib/gcc/Release/driverlib.a(i2c.obj)
                0x0000000020008e2e                I2CMasterBusBusy
 .text.I2CMasterControl
                0x0000000020008e54       0x1e /Users/josephles/ti/simplelink_cc32xx_sdk_7_10_00_13/source/ti/devices/cc32xx/driverlib/gcc/Release/driverlib.a(i2c.obj)
                0x0000000020008e54                I2CMasterControl
 .text.I2CMasterTimeoutSet
                0x0000000020008e72       0x1e /Users/josephles/ti/simplelink_cc32xx_sdk_7_10_00_13/source/ti/devices/cc32xx/driverlib/gcc/Release/driverlib.a(i2c.obj)
                0x0000000020008e72                I2CMasterTimeoutSet
 .text.I2CTxFIFOConfigSet
                0x0000000020008e90       0x3e /Users/josephles/ti/simplelink_cc32xx_sdk_7_10_00_13/source/ti/devices/cc32xx/driverlib/gcc/Release/driverlib.a(i2c.obj)
                0x0000000020008e90                I2CTxFIFOConfigSet
 .text.I2CTxFIFOFlush
                0x0000000020008ece       0x26 /Users/josephles/ti/simplelink_cc32xx_sdk_7_10_00_13/source/ti/devices/cc32xx/driverlib/gcc/Release/driverlib.a(i2c.obj)
                0x0000000020008ece                I2CTxFIFOFlush
 .text.I2CRxFIFOConfigSet
                0x0000000020008ef4       0x3e /Users/josephles/ti/simplelink_cc32xx_sdk_7_10_00_13/source/ti/devices/cc32xx/driverlib/gcc/Release/driverlib.a(i2c.obj)
                0x0000000020008ef4                I2CRxFIFOConfigSet
 .text.I2CRxFIFOFlush
                0x0000000020008f32       0x26 /Users/josephles/ti/simplelink_cc32xx_sdk_7_10_00_13/source/ti/devices/cc32xx/driverlib/gcc/Release/driverlib.a(i2c.obj)
                0x0000000020008f32                I2CRxFIFOFlush
 .text.I2CFIFOStatus
                0x0000000020008f58       0x1a /Users/josephles/ti/simplelink_cc32xx_sdk_7_10_00_13/source/ti/devices/cc32xx/driverlib/gcc/Release/driverlib.a(i2c.obj)
                0x0000000020008f58                I2CFIFOStatus
 .text.I2CFIFODataPutNonBlocking
                0x0000000020008f72       0x38 /Users/josephles/ti/simplelink_cc32xx_sdk_7_10_00_13/source/ti/devices/cc32xx/driverlib/gcc/Release/driverlib.a(i2c.obj)
                0x0000000020008f72                I2CFIFODataPutNonBlocking
 .text.I2CFIFODataGetNonBlocking
                0x0000000020008faa       0x38 /Users/josephles/ti/simplelink_cc32xx_sdk_7_10_00_13/source/ti/devices/cc32xx/driverlib/gcc/Release/driverlib.a(i2c.obj)
                0x0000000020008faa                I2CFIFODataGetNonBlocking
 .text.I2CMasterBurstLengthSet
                0x0000000020008fe2       0x20 /Users/josephles/ti/simplelink_cc32xx_sdk_7_10_00_13/source/ti/devices/cc32xx/driverlib/gcc/Release/driverlib.a(i2c.obj)
                0x0000000020008fe2                I2CMasterBurstLengthSet
 .text.IntDefaultHandler
                0x0000000020009002        0x6 /Users/josephles/ti/simplelink_cc32xx_sdk_7_10_00_13/source/ti/devices/cc32xx/driverlib/gcc/Release/driverlib.a(interrupt.obj)
 .text.IntMasterEnable
                0x0000000020009008       0x10 /Users/josephles/ti/simplelink_cc32xx_sdk_7_10_00_13/source/ti/devices/cc32xx/driverlib/gcc/Release/driverlib.a(interrupt.obj)
                0x0000000020009008                IntMasterEnable
 .text.IntMasterDisable
                0x0000000020009018       0x10 /Users/josephles/ti/simplelink_cc32xx_sdk_7_10_00_13/source/ti/devices/cc32xx/driverlib/gcc/Release/driverlib.a(interrupt.obj)
                0x0000000020009018                IntMasterDisable
 .text.IntVTableBaseSet
                0x0000000020009028       0x1c /Users/josephles/ti/simplelink_cc32xx_sdk_7_10_00_13/source/ti/devices/cc32xx/driverlib/gcc/Release/driverlib.a(interrupt.obj)
                0x0000000020009028                IntVTableBaseSet
 .text.IntRegister
                0x0000000020009044       0x2c /Users/josephles/ti/simplelink_cc32xx_sdk_7_10_00_13/source/ti/devices/cc32xx/driverlib/gcc/Release/driverlib.a(interrupt.obj)
                0x0000000020009044                IntRegister
 .text.IntUnregister
                0x0000000020009070       0x2c /Users/josephles/ti/simplelink_cc32xx_sdk_7_10_00_13/source/ti/devices/cc32xx/driverlib/gcc/Release/driverlib.a(interrupt.obj)
                0x0000000020009070                IntUnregister
 .text.IntPrioritySet
                0x000000002000909c       0x68 /Users/josephles/ti/simplelink_cc32xx_sdk_7_10_00_13/source/ti/devices/cc32xx/driverlib/gcc/Release/driverlib.a(interrupt.obj)
                0x000000002000909c                IntPrioritySet
 .text.IntEnable
                0x0000000020009104       0xbc /Users/josephles/ti/simplelink_cc32xx_sdk_7_10_00_13/source/ti/devices/cc32xx/driverlib/gcc/Release/driverlib.a(interrupt.obj)
                0x0000000020009104                IntEnable
 .text.IntDisable
                0x00000000200091c0       0xbc /Users/josephles/ti/simplelink_cc32xx_sdk_7_10_00_13/source/ti/devices/cc32xx/driverlib/gcc/Release/driverlib.a(interrupt.obj)
                0x00000000200091c0                IntDisable
 .text.IntPendSet
                0x000000002000927c       0x9c /Users/josephles/ti/simplelink_cc32xx_sdk_7_10_00_13/source/ti/devices/cc32xx/driverlib/gcc/Release/driverlib.a(interrupt.obj)
                0x000000002000927c                IntPendSet
 .text.IntPendClear
                0x0000000020009318       0x68 /Users/josephles/ti/simplelink_cc32xx_sdk_7_10_00_13/source/ti/devices/cc32xx/driverlib/gcc/Release/driverlib.a(interrupt.obj)
                0x0000000020009318                IntPendClear
 .text.PinModeSet
                0x0000000020009380       0x48 /Users/josephles/ti/simplelink_cc32xx_sdk_7_10_00_13/source/ti/devices/cc32xx/driverlib/gcc/Release/driverlib.a(pin.obj)
                0x0000000020009380                PinModeSet
 .text.PinModeGet
                0x00000000200093c8       0x3c /Users/josephles/ti/simplelink_cc32xx_sdk_7_10_00_13/source/ti/devices/cc32xx/driverlib/gcc/Release/driverlib.a(pin.obj)
                0x00000000200093c8                PinModeGet
 .text.PinDirModeSet
                0x0000000020009404       0x44 /Users/josephles/ti/simplelink_cc32xx_sdk_7_10_00_13/source/ti/devices/cc32xx/driverlib/gcc/Release/driverlib.a(pin.obj)
                0x0000000020009404                PinDirModeSet
 .text.PinDirModeGet
                0x0000000020009448       0x3c /Users/josephles/ti/simplelink_cc32xx_sdk_7_10_00_13/source/ti/devices/cc32xx/driverlib/gcc/Release/driverlib.a(pin.obj)
                0x0000000020009448                PinDirModeGet
 .text.PinConfigGet
                0x0000000020009484       0x50 /Users/josephles/ti/simplelink_cc32xx_sdk_7_10_00_13/source/ti/devices/cc32xx/driverlib/gcc/Release/driverlib.a(pin.obj)
                0x0000000020009484                PinConfigGet
 .text.PinConfigSet
                0x00000000200094d4       0x9c /Users/josephles/ti/simplelink_cc32xx_sdk_7_10_00_13/source/ti/devices/cc32xx/driverlib/gcc/Release/driverlib.a(pin.obj)
                0x00000000200094d4                PinConfigSet
 .text.PinTypeUART
                0x0000000020009570       0x24 /Users/josephles/ti/simplelink_cc32xx_sdk_7_10_00_13/source/ti/devices/cc32xx/driverlib/gcc/Release/driverlib.a(pin.obj)
                0x0000000020009570                PinTypeUART
 .text.PinTypeI2C
                0x0000000020009594       0x26 /Users/josephles/ti/simplelink_cc32xx_sdk_7_10_00_13/source/ti/devices/cc32xx/driverlib/gcc/Release/driverlib.a(pin.obj)
                0x0000000020009594                PinTypeI2C
 *fill*         0x00000000200095ba        0x2 
 .text.PinLockLevelSet
                0x00000000200095bc       0x68 /Users/josephles/ti/simplelink_cc32xx_sdk_7_10_00_13/source/ti/devices/cc32xx/driverlib/gcc/Release/driverlib.a(pin.obj)
                0x00000000200095bc                PinLockLevelSet
 .text.PinLock  0x0000000020009624       0x40 /Users/josephles/ti/simplelink_cc32xx_sdk_7_10_00_13/source/ti/devices/cc32xx/driverlib/gcc/Release/driverlib.a(pin.obj)
                0x0000000020009624                PinLock
 .text.PinUnlock
                0x0000000020009664       0x2c /Users/josephles/ti/simplelink_cc32xx_sdk_7_10_00_13/source/ti/devices/cc32xx/driverlib/gcc/Release/driverlib.a(pin.obj)
                0x0000000020009664                PinUnlock
 .text.PinToPadGet
                0x0000000020009690       0x24 /Users/josephles/ti/simplelink_cc32xx_sdk_7_10_00_13/source/ti/devices/cc32xx/driverlib/gcc/Release/driverlib.a(pin.obj)
                0x0000000020009690                PinToPadGet
 .text.PRCMSysResetCauseGet
                0x00000000200096b4       0x78 /Users/josephles/ti/simplelink_cc32xx_sdk_7_10_00_13/source/ti/devices/cc32xx/driverlib/gcc/Release/driverlib.a(prcm.obj)
                0x00000000200096b4                PRCMSysResetCauseGet
 .text.PRCMPeripheralClkEnable
                0x000000002000972c       0x6c /Users/josephles/ti/simplelink_cc32xx_sdk_7_10_00_13/source/ti/devices/cc32xx/driverlib/gcc/Release/driverlib.a(prcm.obj)
                0x000000002000972c                PRCMPeripheralClkEnable
 .text.PRCMPeripheralClkDisable
                0x0000000020009798       0x48 /Users/josephles/ti/simplelink_cc32xx_sdk_7_10_00_13/source/ti/devices/cc32xx/driverlib/gcc/Release/driverlib.a(prcm.obj)
                0x0000000020009798                PRCMPeripheralClkDisable
 .text.PRCMPeripheralReset
                0x00000000200097e0       0x8c /Users/josephles/ti/simplelink_cc32xx_sdk_7_10_00_13/source/ti/devices/cc32xx/driverlib/gcc/Release/driverlib.a(prcm.obj)
                0x00000000200097e0                PRCMPeripheralReset
 .text.PRCMPeripheralStatusGet
                0x000000002000986c       0x40 /Users/josephles/ti/simplelink_cc32xx_sdk_7_10_00_13/source/ti/devices/cc32xx/driverlib/gcc/Release/driverlib.a(prcm.obj)
                0x000000002000986c                PRCMPeripheralStatusGet
 .text.PRCMLPDSRestoreInfoSet
                0x00000000200098ac       0x50 /Users/josephles/ti/simplelink_cc32xx_sdk_7_10_00_13/source/ti/devices/cc32xx/driverlib/gcc/Release/driverlib.a(prcm.obj)
                0x00000000200098ac                PRCMLPDSRestoreInfoSet
 .text.PRCMLPDSEnter
                0x00000000200098fc       0x50 /Users/josephles/ti/simplelink_cc32xx_sdk_7_10_00_13/source/ti/devices/cc32xx/driverlib/gcc/Release/driverlib.a(prcm.obj)
                0x00000000200098fc                PRCMLPDSEnter
 .text.PRCMLPDSEnterKeepDebugIf
                0x000000002000994c       0x40 /Users/josephles/ti/simplelink_cc32xx_sdk_7_10_00_13/source/ti/devices/cc32xx/driverlib/gcc/Release/driverlib.a(prcm.obj)
                0x000000002000994c                PRCMLPDSEnterKeepDebugIf
 .text.PRCMLPDSWakeupSourceEnable
                0x000000002000998c       0x30 /Users/josephles/ti/simplelink_cc32xx_sdk_7_10_00_13/source/ti/devices/cc32xx/driverlib/gcc/Release/driverlib.a(prcm.obj)
                0x000000002000998c                PRCMLPDSWakeupSourceEnable
 .text.PRCMLPDSWakeupSourceDisable
                0x00000000200099bc       0x24 /Users/josephles/ti/simplelink_cc32xx_sdk_7_10_00_13/source/ti/devices/cc32xx/driverlib/gcc/Release/driverlib.a(prcm.obj)
                0x00000000200099bc                PRCMLPDSWakeupSourceDisable
 .text.PRCMLPDSWakeupCauseGet
                0x00000000200099e0       0x14 /Users/josephles/ti/simplelink_cc32xx_sdk_7_10_00_13/source/ti/devices/cc32xx/driverlib/gcc/Release/driverlib.a(prcm.obj)
                0x00000000200099e0                PRCMLPDSWakeupCauseGet
 .text.PRCMLPDSIntervalSet
                0x00000000200099f4       0x34 /Users/josephles/ti/simplelink_cc32xx_sdk_7_10_00_13/source/ti/devices/cc32xx/driverlib/gcc/Release/driverlib.a(prcm.obj)
                0x00000000200099f4                PRCMLPDSIntervalSet
 .text.PRCMLPDSWakeUpGPIOSelect
                0x0000000020009a28       0x2c /Users/josephles/ti/simplelink_cc32xx_sdk_7_10_00_13/source/ti/devices/cc32xx/driverlib/gcc/Release/driverlib.a(prcm.obj)
                0x0000000020009a28                PRCMLPDSWakeUpGPIOSelect
 .text.PRCMSleepEnter
                0x0000000020009a54        0xc /Users/josephles/ti/simplelink_cc32xx_sdk_7_10_00_13/source/ti/devices/cc32xx/driverlib/gcc/Release/driverlib.a(prcm.obj)
                0x0000000020009a54                PRCMSleepEnter
 .text.PRCMSRAMRetentionEnable
                0x0000000020009a60       0x2c /Users/josephles/ti/simplelink_cc32xx_sdk_7_10_00_13/source/ti/devices/cc32xx/driverlib/gcc/Release/driverlib.a(prcm.obj)
                0x0000000020009a60                PRCMSRAMRetentionEnable
 .text.PRCMHibernateWakeupSourceEnable
                0x0000000020009a8c       0x50 /Users/josephles/ti/simplelink_cc32xx_sdk_7_10_00_13/source/ti/devices/cc32xx/driverlib/gcc/Release/driverlib.a(prcm.obj)
                0x0000000020009a8c                PRCMHibernateWakeupSourceEnable
 .text.PRCMHibernateWakeupSourceDisable
                0x0000000020009adc       0x54 /Users/josephles/ti/simplelink_cc32xx_sdk_7_10_00_13/source/ti/devices/cc32xx/driverlib/gcc/Release/driverlib.a(prcm.obj)
                0x0000000020009adc                PRCMHibernateWakeupSourceDisable
 .text.PRCMHibernateWakeUpGPIOSelect
                0x0000000020009b30       0x74 /Users/josephles/ti/simplelink_cc32xx_sdk_7_10_00_13/source/ti/devices/cc32xx/driverlib/gcc/Release/driverlib.a(prcm.obj)
                0x0000000020009b30                PRCMHibernateWakeUpGPIOSelect
 .text.PRCMSlowClkCtrFastGet
                0x0000000020009ba4       0x5c /Users/josephles/ti/simplelink_cc32xx_sdk_7_10_00_13/source/ti/devices/cc32xx/driverlib/gcc/Release/driverlib.a(prcm.obj)
                0x0000000020009ba4                PRCMSlowClkCtrFastGet
 .text.PRCMIntEnable
                0x0000000020009c00       0x48 /Users/josephles/ti/simplelink_cc32xx_sdk_7_10_00_13/source/ti/devices/cc32xx/driverlib/gcc/Release/driverlib.a(prcm.obj)
                0x0000000020009c00                PRCMIntEnable
 .text.PRCMCC3200MCUInit
                0x0000000020009c48      0x478 /Users/josephles/ti/simplelink_cc32xx_sdk_7_10_00_13/source/ti/devices/cc32xx/driverlib/gcc/Release/driverlib.a(prcm.obj)
                0x0000000020009c48                PRCMCC3200MCUInit
 .text.PRCMHIBRegRead
                0x000000002000a0c0       0x20 /Users/josephles/ti/simplelink_cc32xx_sdk_7_10_00_13/source/ti/devices/cc32xx/driverlib/gcc/Release/driverlib.a(prcm.obj)
                0x000000002000a0c0                PRCMHIBRegRead
 .text.PRCMHIBRegWrite
                0x000000002000a0e0       0x20 /Users/josephles/ti/simplelink_cc32xx_sdk_7_10_00_13/source/ti/devices/cc32xx/driverlib/gcc/Release/driverlib.a(prcm.obj)
                0x000000002000a0e0                PRCMHIBRegWrite
 .text.SysTickEnable
                0x000000002000a100       0x1c /Users/josephles/ti/simplelink_cc32xx_sdk_7_10_00_13/source/ti/devices/cc32xx/driverlib/gcc/Release/driverlib.a(systick.obj)
                0x000000002000a100                SysTickEnable
 .text.SysTickIntEnable
                0x000000002000a11c       0x1c /Users/josephles/ti/simplelink_cc32xx_sdk_7_10_00_13/source/ti/devices/cc32xx/driverlib/gcc/Release/driverlib.a(systick.obj)
                0x000000002000a11c                SysTickIntEnable
 .text.SysTickIntDisable
                0x000000002000a138       0x1c /Users/josephles/ti/simplelink_cc32xx_sdk_7_10_00_13/source/ti/devices/cc32xx/driverlib/gcc/Release/driverlib.a(systick.obj)
                0x000000002000a138                SysTickIntDisable
 .text.SysTickPeriodSet
                0x000000002000a154       0x20 /Users/josephles/ti/simplelink_cc32xx_sdk_7_10_00_13/source/ti/devices/cc32xx/driverlib/gcc/Release/driverlib.a(systick.obj)
                0x000000002000a154                SysTickPeriodSet
 .text.TimerEnable
                0x000000002000a174       0x2a /Users/josephles/ti/simplelink_cc32xx_sdk_7_10_00_13/source/ti/devices/cc32xx/driverlib/gcc/Release/driverlib.a(timer.obj)
                0x000000002000a174                TimerEnable
 .text.TimerDisable
                0x000000002000a19e       0x2c /Users/josephles/ti/simplelink_cc32xx_sdk_7_10_00_13/source/ti/devices/cc32xx/driverlib/gcc/Release/driverlib.a(timer.obj)
                0x000000002000a19e                TimerDisable
 .text.TimerControlStall
                0x000000002000a1ca       0x46 /Users/josephles/ti/simplelink_cc32xx_sdk_7_10_00_13/source/ti/devices/cc32xx/driverlib/gcc/Release/driverlib.a(timer.obj)
                0x000000002000a1ca                TimerControlStall
 .text.TimerPrescaleSet
                0x000000002000a210       0x3c /Users/josephles/ti/simplelink_cc32xx_sdk_7_10_00_13/source/ti/devices/cc32xx/driverlib/gcc/Release/driverlib.a(timer.obj)
                0x000000002000a210                TimerPrescaleSet
 .text.TimerLoadSet
                0x000000002000a24c       0x3c /Users/josephles/ti/simplelink_cc32xx_sdk_7_10_00_13/source/ti/devices/cc32xx/driverlib/gcc/Release/driverlib.a(timer.obj)
                0x000000002000a24c                TimerLoadSet
 .text.TimerIntEnable
                0x000000002000a288       0x26 /Users/josephles/ti/simplelink_cc32xx_sdk_7_10_00_13/source/ti/devices/cc32xx/driverlib/gcc/Release/driverlib.a(timer.obj)
                0x000000002000a288                TimerIntEnable
 .text.TimerIntDisable
                0x000000002000a2ae       0x26 /Users/josephles/ti/simplelink_cc32xx_sdk_7_10_00_13/source/ti/devices/cc32xx/driverlib/gcc/Release/driverlib.a(timer.obj)
                0x000000002000a2ae                TimerIntDisable
 .text.TimerIntClear
                0x000000002000a2d4       0x1e /Users/josephles/ti/simplelink_cc32xx_sdk_7_10_00_13/source/ti/devices/cc32xx/driverlib/gcc/Release/driverlib.a(timer.obj)
                0x000000002000a2d4                TimerIntClear
 .text.UARTFIFOLevelSet
                0x000000002000a2f2       0x24 /Users/josephles/ti/simplelink_cc32xx_sdk_7_10_00_13/source/ti/devices/cc32xx/driverlib/gcc/Release/driverlib.a(uart.obj)
                0x000000002000a2f2                UARTFIFOLevelSet
 .text.UARTConfigSetExpClk
                0x000000002000a316       0x92 /Users/josephles/ti/simplelink_cc32xx_sdk_7_10_00_13/source/ti/devices/cc32xx/driverlib/gcc/Release/driverlib.a(uart.obj)
                0x000000002000a316                UARTConfigSetExpClk
 .text.UARTEnable
                0x000000002000a3a8       0x36 /Users/josephles/ti/simplelink_cc32xx_sdk_7_10_00_13/source/ti/devices/cc32xx/driverlib/gcc/Release/driverlib.a(uart.obj)
                0x000000002000a3a8                UARTEnable
 .text.UARTDisable
                0x000000002000a3de       0x46 /Users/josephles/ti/simplelink_cc32xx_sdk_7_10_00_13/source/ti/devices/cc32xx/driverlib/gcc/Release/driverlib.a(uart.obj)
                0x000000002000a3de                UARTDisable
 .text.UARTFlowControlSet
                0x000000002000a424       0x2a /Users/josephles/ti/simplelink_cc32xx_sdk_7_10_00_13/source/ti/devices/cc32xx/driverlib/gcc/Release/driverlib.a(uart.obj)
                0x000000002000a424                UARTFlowControlSet
 .text.UARTCharsAvail
                0x000000002000a44e       0x26 /Users/josephles/ti/simplelink_cc32xx_sdk_7_10_00_13/source/ti/devices/cc32xx/driverlib/gcc/Release/driverlib.a(uart.obj)
                0x000000002000a44e                UARTCharsAvail
 .text.UARTCharPutNonBlocking
                0x000000002000a474       0x30 /Users/josephles/ti/simplelink_cc32xx_sdk_7_10_00_13/source/ti/devices/cc32xx/driverlib/gcc/Release/driverlib.a(uart.obj)
                0x000000002000a474                UARTCharPutNonBlocking
 .text.UARTBusy
                0x000000002000a4a4       0x26 /Users/josephles/ti/simplelink_cc32xx_sdk_7_10_00_13/source/ti/devices/cc32xx/driverlib/gcc/Release/driverlib.a(uart.obj)
                0x000000002000a4a4                UARTBusy
 .text.UARTIntEnable
                0x000000002000a4ca       0x26 /Users/josephles/ti/simplelink_cc32xx_sdk_7_10_00_13/source/ti/devices/cc32xx/driverlib/gcc/Release/driverlib.a(uart.obj)
                0x000000002000a4ca                UARTIntEnable
 .text.UARTIntDisable
                0x000000002000a4f0       0x26 /Users/josephles/ti/simplelink_cc32xx_sdk_7_10_00_13/source/ti/devices/cc32xx/driverlib/gcc/Release/driverlib.a(uart.obj)
                0x000000002000a4f0                UARTIntDisable
 .text.UARTIntStatus
                0x000000002000a516       0x2a /Users/josephles/ti/simplelink_cc32xx_sdk_7_10_00_13/source/ti/devices/cc32xx/driverlib/gcc/Release/driverlib.a(uart.obj)
                0x000000002000a516                UARTIntStatus
 .text.UARTIntClear
                0x000000002000a540       0x1e /Users/josephles/ti/simplelink_cc32xx_sdk_7_10_00_13/source/ti/devices/cc32xx/driverlib/gcc/Release/driverlib.a(uart.obj)
                0x000000002000a540                UARTIntClear
 .text.UARTDMAEnable
                0x000000002000a55e       0x26 /Users/josephles/ti/simplelink_cc32xx_sdk_7_10_00_13/source/ti/devices/cc32xx/driverlib/gcc/Release/driverlib.a(uart.obj)
                0x000000002000a55e                UARTDMAEnable
 .text.UARTDMADisable
                0x000000002000a584       0x26 /Users/josephles/ti/simplelink_cc32xx_sdk_7_10_00_13/source/ti/devices/cc32xx/driverlib/gcc/Release/driverlib.a(uart.obj)
                0x000000002000a584                UARTDMADisable
 .text.UARTRxErrorGet
                0x000000002000a5aa       0x1c /Users/josephles/ti/simplelink_cc32xx_sdk_7_10_00_13/source/ti/devices/cc32xx/driverlib/gcc/Release/driverlib.a(uart.obj)
                0x000000002000a5aa                UARTRxErrorGet
 *fill*         0x000000002000a5c6        0x2 
 .text.uDMAEnable
                0x000000002000a5c8       0x18 /Users/josephles/ti/simplelink_cc32xx_sdk_7_10_00_13/source/ti/devices/cc32xx/driverlib/gcc/Release/driverlib.a(udma.obj)
                0x000000002000a5c8                uDMAEnable
 .text.uDMAErrorStatusGet
                0x000000002000a5e0       0x14 /Users/josephles/ti/simplelink_cc32xx_sdk_7_10_00_13/source/ti/devices/cc32xx/driverlib/gcc/Release/driverlib.a(udma.obj)
                0x000000002000a5e0                uDMAErrorStatusGet
 .text.uDMAErrorStatusClear
                0x000000002000a5f4       0x18 /Users/josephles/ti/simplelink_cc32xx_sdk_7_10_00_13/source/ti/devices/cc32xx/driverlib/gcc/Release/driverlib.a(udma.obj)
                0x000000002000a5f4                uDMAErrorStatusClear
 .text.uDMAChannelEnable
                0x000000002000a60c       0x24 /Users/josephles/ti/simplelink_cc32xx_sdk_7_10_00_13/source/ti/devices/cc32xx/driverlib/gcc/Release/driverlib.a(udma.obj)
                0x000000002000a60c                uDMAChannelEnable
 .text.uDMAChannelDisable
                0x000000002000a630       0x24 /Users/josephles/ti/simplelink_cc32xx_sdk_7_10_00_13/source/ti/devices/cc32xx/driverlib/gcc/Release/driverlib.a(udma.obj)
                0x000000002000a630                uDMAChannelDisable
 .text.uDMAChannelIsEnabled
                0x000000002000a654       0x34 /Users/josephles/ti/simplelink_cc32xx_sdk_7_10_00_13/source/ti/devices/cc32xx/driverlib/gcc/Release/driverlib.a(udma.obj)
                0x000000002000a654                uDMAChannelIsEnabled
 .text.uDMAControlBaseSet
                0x000000002000a688       0x1c /Users/josephles/ti/simplelink_cc32xx_sdk_7_10_00_13/source/ti/devices/cc32xx/driverlib/gcc/Release/driverlib.a(udma.obj)
                0x000000002000a688                uDMAControlBaseSet
 .text.uDMAChannelAttributeDisable
                0x000000002000a6a4       0x7c /Users/josephles/ti/simplelink_cc32xx_sdk_7_10_00_13/source/ti/devices/cc32xx/driverlib/gcc/Release/driverlib.a(udma.obj)
                0x000000002000a6a4                uDMAChannelAttributeDisable
 .text.uDMAChannelControlSet
                0x000000002000a720       0x48 /Users/josephles/ti/simplelink_cc32xx_sdk_7_10_00_13/source/ti/devices/cc32xx/driverlib/gcc/Release/driverlib.a(udma.obj)
                0x000000002000a720                uDMAChannelControlSet
 .text.uDMAChannelTransferSet
                0x000000002000a768      0x104 /Users/josephles/ti/simplelink_cc32xx_sdk_7_10_00_13/source/ti/devices/cc32xx/driverlib/gcc/Release/driverlib.a(udma.obj)
                0x000000002000a768                uDMAChannelTransferSet
 .text.uDMAChannelSizeGet
                0x000000002000a86c       0x48 /Users/josephles/ti/simplelink_cc32xx_sdk_7_10_00_13/source/ti/devices/cc32xx/driverlib/gcc/Release/driverlib.a(udma.obj)
                0x000000002000a86c                uDMAChannelSizeGet
 .text.uDMAIntClear
                0x000000002000a8b4       0x1c /Users/josephles/ti/simplelink_cc32xx_sdk_7_10_00_13/source/ti/devices/cc32xx/driverlib/gcc/Release/driverlib.a(udma.obj)
                0x000000002000a8b4                uDMAIntClear
 .text.uDMAChannelAssign
                0x000000002000a8d0       0x58 /Users/josephles/ti/simplelink_cc32xx_sdk_7_10_00_13/source/ti/devices/cc32xx/driverlib/gcc/Release/driverlib.a(udma.obj)
                0x000000002000a8d0                uDMAChannelAssign
 .text.UtilsDelay
                0x000000002000a928        0xa /Users/josephles/ti/simplelink_cc32xx_sdk_7_10_00_13/source/ti/devices/cc32xx/driverlib/gcc/Release/driverlib.a(utils.obj)
                0x000000002000a928                UtilsDelay
 *fill*         0x000000002000a932        0x2 
 .text.FlashDisable
                0x000000002000a934       0x50 /Users/josephles/ti/simplelink_cc32xx_sdk_7_10_00_13/source/ti/devices/cc32xx/driverlib/gcc/Release/driverlib.a(flash.obj)
                0x000000002000a934                FlashDisable
 .text.malloc   0x000000002000a984       0x10 /Applications/ti/ccs1270/ccs/tools/compiler/gcc-arm-none-eabi-9-2019-q4-major/arm-none-eabi/lib/thumb/v7e-m/nofp/libc_nano.a(lib_a-malloc.o)
                0x000000002000a984                malloc
 .text.free     0x000000002000a994       0x10 /Applications/ti/ccs1270/ccs/tools/compiler/gcc-arm-none-eabi-9-2019-q4-major/arm-none-eabi/lib/thumb/v7e-m/nofp/libc_nano.a(lib_a-malloc.o)
                0x000000002000a994                free
 .text.memcpy   0x000000002000a9a4       0x1c /Applications/ti/ccs1270/ccs/tools/compiler/gcc-arm-none-eabi-9-2019-q4-major/arm-none-eabi/lib/thumb/v7e-m/nofp/libc_nano.a(lib_a-memcpy-stub.o)
                0x000000002000a9a4                memcpy
 .text.memset   0x000000002000a9c0       0x10 /Applications/ti/ccs1270/ccs/tools/compiler/gcc-arm-none-eabi-9-2019-q4-major/arm-none-eabi/lib/thumb/v7e-m/nofp/libc_nano.a(lib_a-memset.o)
                0x000000002000a9c0                memset
 .text._free_r  0x000000002000a9d0       0x9c /Applications/ti/ccs1270/ccs/tools/compiler/gcc-arm-none-eabi-9-2019-q4-major/arm-none-eabi/lib/thumb/v7e-m/nofp/libc_nano.a(lib_a-nano-freer.o)
                0x000000002000a9d0                _free_r
 .text._malloc_r
                0x000000002000aa6c       0xb4 /Applications/ti/ccs1270/ccs/tools/compiler/gcc-arm-none-eabi-9-2019-q4-major/arm-none-eabi/lib/thumb/v7e-m/nofp/libc_nano.a(lib_a-nano-mallocr.o)
                0x000000002000aa6c                _malloc_r
 .text.printf   0x000000002000ab20       0x30 /Applications/ti/ccs1270/ccs/tools/compiler/gcc-arm-none-eabi-9-2019-q4-major/arm-none-eabi/lib/thumb/v7e-m/nofp/libc_nano.a(lib_a-printf.o)
                0x000000002000ab20                printf
                0x000000002000ab20                iprintf
 .text._puts_r  0x000000002000ab50       0xdc /Applications/ti/ccs1270/ccs/tools/compiler/gcc-arm-none-eabi-9-2019-q4-major/arm-none-eabi/lib/thumb/v7e-m/nofp/libc_nano.a(lib_a-puts.o)
                0x000000002000ab50                _puts_r
 .text.puts     0x000000002000ac2c       0x10 /Applications/ti/ccs1270/ccs/tools/compiler/gcc-arm-none-eabi-9-2019-q4-major/arm-none-eabi/lib/thumb/v7e-m/nofp/libc_nano.a(lib_a-puts.o)
                0x000000002000ac2c                puts
 .text._sbrk_r  0x000000002000ac3c       0x20 /Applications/ti/ccs1270/ccs/tools/compiler/gcc-arm-none-eabi-9-2019-q4-major/arm-none-eabi/lib/thumb/v7e-m/nofp/libc_nano.a(lib_a-sbrkr.o)
                0x000000002000ac3c                _sbrk_r
 .text.snprintf
                0x000000002000ac5c       0x68 /Applications/ti/ccs1270/ccs/tools/compiler/gcc-arm-none-eabi-9-2019-q4-major/arm-none-eabi/lib/thumb/v7e-m/nofp/libc_nano.a(lib_a-snprintf.o)
                0x000000002000ac5c                snprintf
                0x000000002000ac5c                sniprintf
 .text.__swbuf_r
                0x000000002000acc4       0xa4 /Applications/ti/ccs1270/ccs/tools/compiler/gcc-arm-none-eabi-9-2019-q4-major/arm-none-eabi/lib/thumb/v7e-m/nofp/libc_nano.a(lib_a-wbuf.o)
                0x000000002000acc4                __swbuf_r
 .text.__swsetup_r
                0x000000002000ad68       0xdc /Applications/ti/ccs1270/ccs/tools/compiler/gcc-arm-none-eabi-9-2019-q4-major/arm-none-eabi/lib/thumb/v7e-m/nofp/libc_nano.a(lib_a-wsetup.o)
                0x000000002000ad68                __swsetup_r
 .text.__sflush_r
                0x000000002000ae44      0x10c /Applications/ti/ccs1270/ccs/tools/compiler/gcc-arm-none-eabi-9-2019-q4-major/arm-none-eabi/lib/thumb/v7e-m/nofp/libc_nano.a(lib_a-fflush.o)
                0x000000002000ae44                __sflush_r
 .text._fflush_r
                0x000000002000af50       0x78 /Applications/ti/ccs1270/ccs/tools/compiler/gcc-arm-none-eabi-9-2019-q4-major/arm-none-eabi/lib/thumb/v7e-m/nofp/libc_nano.a(lib_a-fflush.o)
                0x000000002000af50                _fflush_r
 .text.std      0x000000002000afc8       0x48 /Applications/ti/ccs1270/ccs/tools/compiler/gcc-arm-none-eabi-9-2019-q4-major/arm-none-eabi/lib/thumb/v7e-m/nofp/libc_nano.a(lib_a-findfp.o)
 .text._cleanup_r
                0x000000002000b010        0xc /Applications/ti/ccs1270/ccs/tools/compiler/gcc-arm-none-eabi-9-2019-q4-major/arm-none-eabi/lib/thumb/v7e-m/nofp/libc_nano.a(lib_a-findfp.o)
                0x000000002000b010                _cleanup_r
 .text.__sfmoreglue
                0x000000002000b01c       0x2c /Applications/ti/ccs1270/ccs/tools/compiler/gcc-arm-none-eabi-9-2019-q4-major/arm-none-eabi/lib/thumb/v7e-m/nofp/libc_nano.a(lib_a-findfp.o)
                0x000000002000b01c                __sfmoreglue
 .text.__sfp_lock_acquire
                0x000000002000b048        0xc /Applications/ti/ccs1270/ccs/tools/compiler/gcc-arm-none-eabi-9-2019-q4-major/arm-none-eabi/lib/thumb/v7e-m/nofp/libc_nano.a(lib_a-findfp.o)
                0x000000002000b048                __sfp_lock_acquire
 .text.__sfp_lock_release
                0x000000002000b054        0xc /Applications/ti/ccs1270/ccs/tools/compiler/gcc-arm-none-eabi-9-2019-q4-major/arm-none-eabi/lib/thumb/v7e-m/nofp/libc_nano.a(lib_a-findfp.o)
                0x000000002000b054                __sfp_lock_release
 .text.__sinit_lock_acquire
                0x000000002000b060        0xc /Applications/ti/ccs1270/ccs/tools/compiler/gcc-arm-none-eabi-9-2019-q4-major/arm-none-eabi/lib/thumb/v7e-m/nofp/libc_nano.a(lib_a-findfp.o)
                0x000000002000b060                __sinit_lock_acquire
 .text.__sinit_lock_release
                0x000000002000b06c        0xc /Applications/ti/ccs1270/ccs/tools/compiler/gcc-arm-none-eabi-9-2019-q4-major/arm-none-eabi/lib/thumb/v7e-m/nofp/libc_nano.a(lib_a-findfp.o)
                0x000000002000b06c                __sinit_lock_release
 .text.__sinit  0x000000002000b078       0x70 /Applications/ti/ccs1270/ccs/tools/compiler/gcc-arm-none-eabi-9-2019-q4-major/arm-none-eabi/lib/thumb/v7e-m/nofp/libc_nano.a(lib_a-findfp.o)
                0x000000002000b078                __sinit
 .text.__sfp    0x000000002000b0e8       0x8c /Applications/ti/ccs1270/ccs/tools/compiler/gcc-arm-none-eabi-9-2019-q4-major/arm-none-eabi/lib/thumb/v7e-m/nofp/libc_nano.a(lib_a-findfp.o)
                0x000000002000b0e8                __sfp
 .text._fwalk_reent
                0x000000002000b174       0x3e /Applications/ti/ccs1270/ccs/tools/compiler/gcc-arm-none-eabi-9-2019-q4-major/arm-none-eabi/lib/thumb/v7e-m/nofp/libc_nano.a(lib_a-fwalk.o)
                0x000000002000b174                _fwalk_reent
 .text.__retarget_lock_init_recursive
                0x000000002000b1b2        0x2 /Applications/ti/ccs1270/ccs/tools/compiler/gcc-arm-none-eabi-9-2019-q4-major/arm-none-eabi/lib/thumb/v7e-m/nofp/libc_nano.a(lib_a-lock.o)
                0x000000002000b1b2                __retarget_lock_init_recursive
 .text.__retarget_lock_acquire_recursive
                0x000000002000b1b4        0x2 /Applications/ti/ccs1270/ccs/tools/compiler/gcc-arm-none-eabi-9-2019-q4-major/arm-none-eabi/lib/thumb/v7e-m/nofp/libc_nano.a(lib_a-lock.o)
                0x000000002000b1b4                __retarget_lock_acquire_recursive
 .text.__retarget_lock_release_recursive
                0x000000002000b1b6        0x2 /Applications/ti/ccs1270/ccs/tools/compiler/gcc-arm-none-eabi-9-2019-q4-major/arm-none-eabi/lib/thumb/v7e-m/nofp/libc_nano.a(lib_a-lock.o)
                0x000000002000b1b6                __retarget_lock_release_recursive
 .text.__swhatbuf_r
                0x000000002000b1b8       0x48 /Applications/ti/ccs1270/ccs/tools/compiler/gcc-arm-none-eabi-9-2019-q4-major/arm-none-eabi/lib/thumb/v7e-m/nofp/libc_nano.a(lib_a-makebuf.o)
                0x000000002000b1b8                __swhatbuf_r
 .text.__smakebuf_r
                0x000000002000b200       0x80 /Applications/ti/ccs1270/ccs/tools/compiler/gcc-arm-none-eabi-9-2019-q4-major/arm-none-eabi/lib/thumb/v7e-m/nofp/libc_nano.a(lib_a-makebuf.o)
                0x000000002000b200                __smakebuf_r
 .text.__malloc_lock
                0x000000002000b280        0xc /Applications/ti/ccs1270/ccs/tools/compiler/gcc-arm-none-eabi-9-2019-q4-major/arm-none-eabi/lib/thumb/v7e-m/nofp/libc_nano.a(lib_a-mlock.o)
                0x000000002000b280                __malloc_lock
 .text.__malloc_unlock
                0x000000002000b28c        0xc /Applications/ti/ccs1270/ccs/tools/compiler/gcc-arm-none-eabi-9-2019-q4-major/arm-none-eabi/lib/thumb/v7e-m/nofp/libc_nano.a(lib_a-mlock.o)
                0x000000002000b28c                __malloc_unlock
 .text.__ssputs_r
                0x000000002000b298       0xb6 /Applications/ti/ccs1270/ccs/tools/compiler/gcc-arm-none-eabi-9-2019-q4-major/arm-none-eabi/lib/thumb/v7e-m/nofp/libc_nano.a(lib_a-nano-svfprintf.o)
                0x000000002000b298                __ssputs_r
 *fill*         0x000000002000b34e        0x2 
 .text._svfprintf_r
                0x000000002000b350      0x200 /Applications/ti/ccs1270/ccs/tools/compiler/gcc-arm-none-eabi-9-2019-q4-major/arm-none-eabi/lib/thumb/v7e-m/nofp/libc_nano.a(lib_a-nano-svfprintf.o)
                0x000000002000b350                _svfprintf_r
                0x000000002000b350                _svfiprintf_r
 .text.__sfputc_r
                0x000000002000b550       0x2a /Applications/ti/ccs1270/ccs/tools/compiler/gcc-arm-none-eabi-9-2019-q4-major/arm-none-eabi/lib/thumb/v7e-m/nofp/libc_nano.a(lib_a-nano-vfprintf.o)
 .text.__sfputs_r
                0x000000002000b57a       0x24 /Applications/ti/ccs1270/ccs/tools/compiler/gcc-arm-none-eabi-9-2019-q4-major/arm-none-eabi/lib/thumb/v7e-m/nofp/libc_nano.a(lib_a-nano-vfprintf.o)
                0x000000002000b57a                __sfputs_r
 *fill*         0x000000002000b59e        0x2 
 .text._vfprintf_r
                0x000000002000b5a0      0x260 /Applications/ti/ccs1270/ccs/tools/compiler/gcc-arm-none-eabi-9-2019-q4-major/arm-none-eabi/lib/thumb/v7e-m/nofp/libc_nano.a(lib_a-nano-vfprintf.o)
                0x000000002000b5a0                _vfiprintf_r
                0x000000002000b5a0                _vfprintf_r
 .text._printf_common
                0x000000002000b800       0xda /Applications/ti/ccs1270/ccs/tools/compiler/gcc-arm-none-eabi-9-2019-q4-major/arm-none-eabi/lib/thumb/v7e-m/nofp/libc_nano.a(lib_a-nano-vfprintf_i.o)
                0x000000002000b800                _printf_common
 *fill*         0x000000002000b8da        0x2 
 .text._printf_i
                0x000000002000b8dc      0x24c /Applications/ti/ccs1270/ccs/tools/compiler/gcc-arm-none-eabi-9-2019-q4-major/arm-none-eabi/lib/thumb/v7e-m/nofp/libc_nano.a(lib_a-nano-vfprintf_i.o)
                0x000000002000b8dc                _printf_i
 .text.__sread  0x000000002000bb28       0x22 /Applications/ti/ccs1270/ccs/tools/compiler/gcc-arm-none-eabi-9-2019-q4-major/arm-none-eabi/lib/thumb/v7e-m/nofp/libc_nano.a(lib_a-stdio.o)
                0x000000002000bb28                __sread
 .text.__swrite
                0x000000002000bb4a       0x38 /Applications/ti/ccs1270/ccs/tools/compiler/gcc-arm-none-eabi-9-2019-q4-major/arm-none-eabi/lib/thumb/v7e-m/nofp/libc_nano.a(lib_a-stdio.o)
                0x000000002000bb4a                __swrite
 .text.__sseek  0x000000002000bb82       0x24 /Applications/ti/ccs1270/ccs/tools/compiler/gcc-arm-none-eabi-9-2019-q4-major/arm-none-eabi/lib/thumb/v7e-m/nofp/libc_nano.a(lib_a-stdio.o)
                0x000000002000bb82                __sseek
 .text.__sclose
                0x000000002000bba6        0x8 /Applications/ti/ccs1270/ccs/tools/compiler/gcc-arm-none-eabi-9-2019-q4-major/arm-none-eabi/lib/thumb/v7e-m/nofp/libc_nano.a(lib_a-stdio.o)
                0x000000002000bba6                __sclose
 *fill*         0x000000002000bbae        0x2 
 .text._write_r
                0x000000002000bbb0       0x24 /Applications/ti/ccs1270/ccs/tools/compiler/gcc-arm-none-eabi-9-2019-q4-major/arm-none-eabi/lib/thumb/v7e-m/nofp/libc_nano.a(lib_a-writer.o)
                0x000000002000bbb0                _write_r
 .text._close_r
                0x000000002000bbd4       0x20 /Applications/ti/ccs1270/ccs/tools/compiler/gcc-arm-none-eabi-9-2019-q4-major/arm-none-eabi/lib/thumb/v7e-m/nofp/libc_nano.a(lib_a-closer.o)
                0x000000002000bbd4                _close_r
 .text._fstat_r
                0x000000002000bbf4       0x24 /Applications/ti/ccs1270/ccs/tools/compiler/gcc-arm-none-eabi-9-2019-q4-major/arm-none-eabi/lib/thumb/v7e-m/nofp/libc_nano.a(lib_a-fstatr.o)
                0x000000002000bbf4                _fstat_r
 .text._isatty_r
                0x000000002000bc18       0x20 /Applications/ti/ccs1270/ccs/tools/compiler/gcc-arm-none-eabi-9-2019-q4-major/arm-none-eabi/lib/thumb/v7e-m/nofp/libc_nano.a(lib_a-isattyr.o)
                0x000000002000bc18                _isatty_r
 .text._lseek_r
                0x000000002000bc38       0x24 /Applications/ti/ccs1270/ccs/tools/compiler/gcc-arm-none-eabi-9-2019-q4-major/arm-none-eabi/lib/thumb/v7e-m/nofp/libc_nano.a(lib_a-lseekr.o)
                0x000000002000bc38                _lseek_r
 .text.memmove  0x000000002000bc5c       0x34 /Applications/ti/ccs1270/ccs/tools/compiler/gcc-arm-none-eabi-9-2019-q4-major/arm-none-eabi/lib/thumb/v7e-m/nofp/libc_nano.a(lib_a-memmove.o)
                0x000000002000bc5c                memmove
 .text._realloc_r
                0x000000002000bc90       0x4c /Applications/ti/ccs1270/ccs/tools/compiler/gcc-arm-none-eabi-9-2019-q4-major/arm-none-eabi/lib/thumb/v7e-m/nofp/libc_nano.a(lib_a-nano-reallocr.o)
                0x000000002000bc90                _realloc_r
 .text._read_r  0x000000002000bcdc       0x24 /Applications/ti/ccs1270/ccs/tools/compiler/gcc-arm-none-eabi-9-2019-q4-major/arm-none-eabi/lib/thumb/v7e-m/nofp/libc_nano.a(lib_a-readr.o)
                0x000000002000bcdc                _read_r
 .text._malloc_usable_size_r
                0x000000002000bd00       0x10 /Applications/ti/ccs1270/ccs/tools/compiler/gcc-arm-none-eabi-9-2019-q4-major/arm-none-eabi/lib/thumb/v7e-m/nofp/libc_nano.a(lib_a-nano-msizer.o)
                0x000000002000bd00                _malloc_usable_size_r
 .text._close   0x000000002000bd10       0x10 /Applications/ti/ccs1270/ccs/tools/compiler/gcc-arm-none-eabi-9-2019-q4-major/arm-none-eabi/lib/thumb/v7e-m/nofp/libnosys.a(close.o)
                0x000000002000bd10                _close
 .text._fstat   0x000000002000bd20       0x10 /Applications/ti/ccs1270/ccs/tools/compiler/gcc-arm-none-eabi-9-2019-q4-major/arm-none-eabi/lib/thumb/v7e-m/nofp/libnosys.a(fstat.o)
                0x000000002000bd20                _fstat
 .text._isatty  0x000000002000bd30       0x10 /Applications/ti/ccs1270/ccs/tools/compiler/gcc-arm-none-eabi-9-2019-q4-major/arm-none-eabi/lib/thumb/v7e-m/nofp/libnosys.a(isatty.o)
                0x000000002000bd30                _isatty
 .text._lseek   0x000000002000bd40       0x10 /Applications/ti/ccs1270/ccs/tools/compiler/gcc-arm-none-eabi-9-2019-q4-major/arm-none-eabi/lib/thumb/v7e-m/nofp/libnosys.a(lseek.o)
                0x000000002000bd40                _lseek
 .text._read    0x000000002000bd50       0x10 /Applications/ti/ccs1270/ccs/tools/compiler/gcc-arm-none-eabi-9-2019-q4-major/arm-none-eabi/lib/thumb/v7e-m/nofp/libnosys.a(read.o)
                0x000000002000bd50                _read
 .text._sbrk    0x000000002000bd60       0x1c /Applications/ti/ccs1270/ccs/tools/compiler/gcc-arm-none-eabi-9-2019-q4-major/arm-none-eabi/lib/thumb/v7e-m/nofp/libnosys.a(sbrk.o)
                0x000000002000bd60                _sbrk
 .text._write   0x000000002000bd7c       0x10 /Applications/ti/ccs1270/ccs/tools/compiler/gcc-arm-none-eabi-9-2019-q4-major/arm-none-eabi/lib/thumb/v7e-m/nofp/libnosys.a(write.o)
                0x000000002000bd7c                _write
                0x000000002000bd8c                . = ALIGN (0x4)
 *(.ctors)
                0x000000002000bd8c                . = ALIGN (0x4)
 *(.dtors)
                0x000000002000bd8c                . = ALIGN (0x4)
                0x000000002000bd8c                __init_array_start = .
 *(.init_array*)
                0x000000002000bd8c                __init_array_end = .
 *(.init)
 *(.fini*)
                [!provide]                        PROVIDE (__etext = .)
                [!provide]                        PROVIDE (_etext = .)
                [!provide]                        PROVIDE (etext = .)

.glue_7         0x000000002000bd8c        0x0
 .glue_7        0x000000002000bd8c        0x0 linker stubs

.glue_7t        0x000000002000bd8c        0x0
 .glue_7t       0x000000002000bd8c        0x0 linker stubs

.vfp11_veneer   0x000000002000bd8c        0x0
 .vfp11_veneer  0x000000002000bd8c        0x0 linker stubs

.v4_bx          0x000000002000bd8c        0x0
 .v4_bx         0x000000002000bd8c        0x0 linker stubs

.iplt           0x000000002000bd8c        0x0
 .iplt          0x000000002000bd8c        0x0 ./gpiointerrupt.o

.rodata         0x000000002000bd8c      0x7e3
 *(.rodata)
 .rodata        0x000000002000bd8c       0x30 ./gpiointerrupt.o
 *(.rodata*)
 .rodata.gpioIncreaseTemperatureCallback.str1.4
                0x000000002000bdbc       0x19 ./gpiointerrupt.o
 *fill*         0x000000002000bdd5        0x3 
 .rodata.gpioDecreaseTemperatureCallback.str1.4
                0x000000002000bdd8       0x19 ./gpiointerrupt.o
 *fill*         0x000000002000bdf1        0x3 
 .rodata.adjustSetPointTemperature.str1.4
                0x000000002000bdf4       0x4e ./gpiointerrupt.o
 *fill*         0x000000002000be42        0x2 
 .rodata.setHeatMode.str1.4
                0x000000002000be44       0x60 ./gpiointerrupt.o
 .rodata.initI2C.str1.4
                0x000000002000bea4       0xaa ./gpiointerrupt.o
 *fill*         0x000000002000bf4e        0x2 
 .rodata.readTemp.str1.4
                0x000000002000bf50       0x54 ./gpiointerrupt.o
 .rodata.getAmbientTemperature.str1.4
                0x000000002000bfa4       0x46 ./gpiointerrupt.o
 *fill*         0x000000002000bfea        0x2 
 .rodata.mainThread.str1.4
                0x000000002000bfec       0x57 ./gpiointerrupt.o
 *fill*         0x000000002000c043        0x1 
 .rodata.str1.4
                0x000000002000c044        0xc ./gpiointerrupt.o
 .rodata.sensors
                0x000000002000c050       0x18 ./gpiointerrupt.o
 .rodata.GPIO_config
                0x000000002000c068       0x10 ./syscfg/ti_drivers_config.o
                0x000000002000c068                GPIO_config
 .rodata.GPIO_pinUpperBound
                0x000000002000c078        0x1 ./syscfg/ti_drivers_config.o
                0x000000002000c078                GPIO_pinUpperBound
 *fill*         0x000000002000c079        0x3 
 .rodata.I2C_config
                0x000000002000c07c        0x8 ./syscfg/ti_drivers_config.o
                0x000000002000c07c                I2C_config
 .rodata.I2C_count
                0x000000002000c084        0x1 ./syscfg/ti_drivers_config.o
                0x000000002000c084                I2C_count
 *fill*         0x000000002000c085        0x3 
 .rodata.PowerCC32XX_config
                0x000000002000c088       0x44 ./syscfg/ti_drivers_config.o
                0x000000002000c088                PowerCC32XX_config
 .rodata.Timer_config
                0x000000002000c0cc        0x8 ./syscfg/ti_drivers_config.o
                0x000000002000c0cc                Timer_config
 .rodata.Timer_count
                0x000000002000c0d4        0x1 ./syscfg/ti_drivers_config.o
                0x000000002000c0d4                Timer_count
 *fill*         0x000000002000c0d5        0x3 
 .rodata.UART2_config
                0x000000002000c0d8        0x8 ./syscfg/ti_drivers_config.o
                0x000000002000c0d8                UART2_config
 .rodata.UART2_count
                0x000000002000c0e0        0x1 ./syscfg/ti_drivers_config.o
                0x000000002000c0e0                UART2_count
 *fill*         0x000000002000c0e1        0x3 
 .rodata.UDMACC32XX_config
                0x000000002000c0e4        0x8 ./syscfg/ti_drivers_config.o
                0x000000002000c0e4                UDMACC32XX_config
 .rodata.i2cCC32XXHWAttrs
                0x000000002000c0ec       0x14 ./syscfg/ti_drivers_config.o
                0x000000002000c0ec                i2cCC32XXHWAttrs
 .rodata.timerCC32XXHWAttrs
                0x000000002000c100       0x10 ./syscfg/ti_drivers_config.o
                0x000000002000c100                timerCC32XXHWAttrs
 .rodata.uart2CC32XXHWAttrs0
                0x000000002000c110       0x38 ./syscfg/ti_drivers_config.o
 .rodata.udmaCC3220SHWAttrs
                0x000000002000c148        0xc ./syscfg/ti_drivers_config.o
                0x000000002000c148                udmaCC3220SHWAttrs
 .rodata.pinTable
                0x000000002000c154       0x21 /Users/josephles/ti/simplelink_cc32xx_sdk_7_10_00_13/source/ti/drivers/lib/gcc/m4/drivers_cc32xx.a(GPIOCC32XX.c.obj)
 *fill*         0x000000002000c175        0x3 
 .rodata.portConfigs
                0x000000002000c178       0x28 /Users/josephles/ti/simplelink_cc32xx_sdk_7_10_00_13/source/ti/drivers/lib/gcc/m4/drivers_cc32xx.a(GPIOCC32XX.c.obj)
 .rodata.I2C_defaultParams
                0x000000002000c1a0       0x10 /Users/josephles/ti/simplelink_cc32xx_sdk_7_10_00_13/source/ti/drivers/lib/gcc/m4/drivers_cc32xx.a(I2CCC32XX.c.obj)
 .rodata.defaultParams
                0x000000002000c1b0        0xc /Users/josephles/ti/simplelink_cc32xx_sdk_7_10_00_13/source/ti/drivers/lib/gcc/m4/drivers_cc32xx.a(Timer.c.obj)
 .rodata.defaultParams
                0x000000002000c1bc        0xc /Users/josephles/ti/simplelink_cc32xx_sdk_7_10_00_13/source/ti/drivers/lib/gcc/m4/drivers_cc32xx.a(TimerCC32XX.c.obj)
 .rodata.UART2_defaultParams
                0x000000002000c1c8       0x24 /Users/josephles/ti/simplelink_cc32xx_sdk_7_10_00_13/source/ti/drivers/lib/gcc/m4/drivers_cc32xx.a(UART2.c.obj)
                0x000000002000c1c8                UART2_defaultParams
 .rodata.dataLength
                0x000000002000c1ec        0x4 /Users/josephles/ti/simplelink_cc32xx_sdk_7_10_00_13/source/ti/drivers/lib/gcc/m4/drivers_cc32xx.a(UART2CC32XX.c.obj)
 .rodata.parityType
                0x000000002000c1f0        0x5 /Users/josephles/ti/simplelink_cc32xx_sdk_7_10_00_13/source/ti/drivers/lib/gcc/m4/drivers_cc32xx.a(UART2CC32XX.c.obj)
 *fill*         0x000000002000c1f5        0x3 
 .rodata.stopBits
                0x000000002000c1f8        0x2 /Users/josephles/ti/simplelink_cc32xx_sdk_7_10_00_13/source/ti/drivers/lib/gcc/m4/drivers_cc32xx.a(UART2CC32XX.c.obj)
 *fill*         0x000000002000c1fa        0x2 
 .rodata.g_pulRegs
                0x000000002000c1fc       0xd4 /Users/josephles/ti/simplelink_cc32xx_sdk_7_10_00_13/source/ti/devices/cc32xx/driverlib/gcc/Release/driverlib.a(interrupt.obj)
 .rodata.g_pulEnRegs
                0x000000002000c2d0       0x18 /Users/josephles/ti/simplelink_cc32xx_sdk_7_10_00_13/source/ti/devices/cc32xx/driverlib/gcc/Release/driverlib.a(interrupt.obj)
 .rodata.g_pulDisRegs
                0x000000002000c2e8       0x18 /Users/josephles/ti/simplelink_cc32xx_sdk_7_10_00_13/source/ti/devices/cc32xx/driverlib/gcc/Release/driverlib.a(interrupt.obj)
 .rodata.g_pulPendRegs
                0x000000002000c300       0x18 /Users/josephles/ti/simplelink_cc32xx_sdk_7_10_00_13/source/ti/devices/cc32xx/driverlib/gcc/Release/driverlib.a(interrupt.obj)
 .rodata.g_pulUnpendRegs
                0x000000002000c318       0x18 /Users/josephles/ti/simplelink_cc32xx_sdk_7_10_00_13/source/ti/devices/cc32xx/driverlib/gcc/Release/driverlib.a(interrupt.obj)
 .rodata.g_ulPinToPadMap
                0x000000002000c330      0x100 /Users/josephles/ti/simplelink_cc32xx_sdk_7_10_00_13/source/ti/devices/cc32xx/driverlib/gcc/Release/driverlib.a(pin.obj)
 .rodata.PRCM_PeriphRegsList
                0x000000002000c430       0xa8 /Users/josephles/ti/simplelink_cc32xx_sdk_7_10_00_13/source/ti/devices/cc32xx/driverlib/gcc/Release/driverlib.a(prcm.obj)
 .rodata.__sf_fake_stderr
                0x000000002000c4d8       0x20 /Applications/ti/ccs1270/ccs/tools/compiler/gcc-arm-none-eabi-9-2019-q4-major/arm-none-eabi/lib/thumb/v7e-m/nofp/libc_nano.a(lib_a-findfp.o)
                0x000000002000c4d8                __sf_fake_stderr
 .rodata.__sf_fake_stdin
                0x000000002000c4f8       0x20 /Applications/ti/ccs1270/ccs/tools/compiler/gcc-arm-none-eabi-9-2019-q4-major/arm-none-eabi/lib/thumb/v7e-m/nofp/libc_nano.a(lib_a-findfp.o)